2026-05-21 21:17:23,435  __main__  INFO  === Fetching BAG data ===
2026-05-21 21:17:23,435  __main__  INFO  BAG tile 1: bbox=[55500, 428647, 57500, 430647]
2026-05-21 21:17:23,435  __main__  INFO  BAG WFS request  startIndex=0
2026-05-21 21:17:23,838  __main__  INFO  BAG: fetched 0 panden
2026-05-21 21:17:23,838  __main__  INFO  BAG tile 2: bbox=[55500, 430647, 57500, 432647]
2026-05-21 21:17:23,838  __main__  INFO  BAG WFS request  startIndex=0
2026-05-21 21:17:24,148  __main__  INFO  BAG: fetched 0 panden
2026-05-21 21:17:24,148  __main__  INFO  BAG tile 3: bbox=[55500, 432647, 57500, 434647]
2026-05-21 21:17:24,148  __main__  INFO  BAG WFS request  startIndex=0
2026-05-21 21:17:24,451  __main__  INFO  BAG: fetched 0 panden
2026-05-21 21:17:24,451  __main__  INFO  BAG tile 4: bbox=[55500, 434647, 57500, 436647]
2026-05-21 21:17:24,451  __main__  INFO  BAG WFS request  startIndex=0
2026-05-21 21:17:24,765  __main__  INFO  BAG: fetched 0 panden
2026-05-21 21:17:24,765  __main__  INFO  BAG tile 5: bbox=[55500, 436647, 57500, 438647]
2026-05-21 21:17:24,766  __main__  INFO  BAG WFS request  startIndex=0
2026-05-21 21:17:25,051  __main__  INFO  BAG: fetched 0 panden
2026-05-21 21:17:25,051  __main__  INFO  BAG tile 6: bbox=[55500, 438647, 57500, 440647]
2026-05-21 21:17:25,051  __main__  INFO  BAG WFS request  startIndex=0
2026-05-21 21:17:25,335  __main__  INFO  BAG: fetched 1 panden
2026-05-21 21:17:25,335  __main__  INFO  BAG tile 7: bbox=[55500, 440647, 57500, 442647]
2026-05-21 21:17:25,335  __main__  INFO  BAG WFS request  startIndex=0
2026-05-21 21:17:25,615  __main__  INFO  BAG: fetched 6 panden
2026-05-21 21:17:25,615  __main__  INFO  BAG tile 8: bbox=[55500, 442647, 57500, 444647]
2026-05-21 21:17:25,615  __main__  INFO  BAG WFS request  startIndex=0
2026-05-21 21:17:25,965  __main__  INFO  BAG: fetched 4 panden
2026-05-21 21:17:25,965  __main__  INFO  BAG tile 9: bbox=[55500, 444647, 57500, 446647]
2026-05-21 21:17:25,965  __main__  INFO  BAG WFS request  startIndex=0
2026-05-21 21:17:26,396  __main__  INFO  BAG: fetched 0 panden
2026-05-21 21:17:26,396  __main__  INFO  BAG tile 10: bbox=[55500, 446647, 57500, 447000]
2026-05-21 21:17:26,396  __main__  INFO  BAG WFS request  startIndex=0
2026-05-21 21:17:26,856  __main__  INFO  BAG: fetched 0 panden
2026-05-21 21:17:26,856  __main__  INFO  BAG tile 11: bbox=[57500, 428647, 59500, 430647]
2026-05-21 21:17:26,856  __main__  INFO  BAG WFS request  startIndex=0
2026-05-21 21:17:27,282  __main__  INFO  BAG: fetched 0 panden
2026-05-21 21:17:27,282  __main__  INFO  BAG tile 12: bbox=[57500, 430647, 59500, 432647]
2026-05-21 21:17:27,283  __main__  INFO  BAG WFS request  startIndex=0
2026-05-21 21:17:27,787  __main__  INFO  BAG: fetched 0 panden
2026-05-21 21:17:27,787  __main__  INFO  BAG tile 13: bbox=[57500, 432647, 59500, 434647]
2026-05-21 21:17:27,787  __main__  INFO  BAG WFS request  startIndex=0
2026-05-21 21:17:28,259  __main__  INFO  BAG: fetched 0 panden
2026-05-21 21:17:28,259  __main__  INFO  BAG tile 14: bbox=[57500, 434647, 59500, 436647]
2026-05-21 21:17:28,259  __main__  INFO  BAG WFS request  startIndex=0
2026-05-21 21:17:28,702  __main__  INFO  BAG: fetched 0 panden
2026-05-21 21:17:28,702  __main__  INFO  BAG tile 15: bbox=[57500, 436647, 59500, 438647]
2026-05-21 21:17:28,702  __main__  INFO  BAG WFS request  startIndex=0
2026-05-21 21:17:29,168  __main__  INFO  BAG: fetched 14 panden
2026-05-21 21:17:29,168  __main__  INFO  BAG tile 16: bbox=[57500, 438647, 59500, 440647]
2026-05-21 21:17:29,168  __main__  INFO  BAG WFS request  startIndex=0
2026-05-21 21:17:29,626  __main__  INFO  BAG: fetched 58 panden
2026-05-21 21:17:29,626  __main__  INFO  BAG tile 17: bbox=[57500, 440647, 59500, 442647]
2026-05-21 21:17:29,626  __main__  INFO  BAG WFS request  startIndex=0
2026-05-21 21:17:30,073  __main__  INFO  BAG: fetched 20 panden
2026-05-21 21:17:30,073  __main__  INFO  BAG tile 18: bbox=[57500, 442647, 59500, 444647]
2026-05-21 21:17:30,074  __main__  INFO  BAG WFS request  startIndex=0
2026-05-21 21:17:30,511  __main__  INFO  BAG: fetched 15 panden
2026-05-21 21:17:30,511  __main__  INFO  BAG tile 19: bbox=[57500, 444647, 59500, 446647]
2026-05-21 21:17:30,511  __main__  INFO  BAG WFS request  startIndex=0
2026-05-21 21:17:30,939  __main__  INFO  BAG: fetched 4 panden
2026-05-21 21:17:30,939  __main__  INFO  BAG tile 20: bbox=[57500, 446647, 59500, 447000]
2026-05-21 21:17:30,939  __main__  INFO  BAG WFS request  startIndex=0
2026-05-21 21:17:31,374  __main__  INFO  BAG: fetched 0 panden
2026-05-21 21:17:31,374  __main__  INFO  BAG tile 21: bbox=[59500, 428647, 61500, 430647]
2026-05-21 21:17:31,374  __main__  INFO  BAG WFS request  startIndex=0
2026-05-21 21:17:31,767  __main__  INFO  BAG: fetched 0 panden
2026-05-21 21:17:31,767  __main__  INFO  BAG tile 22: bbox=[59500, 430647, 61500, 432647]
2026-05-21 21:17:31,767  __main__  INFO  BAG WFS request  startIndex=0
2026-05-21 21:17:32,215  __main__  INFO  BAG: fetched 0 panden
2026-05-21 21:17:32,215  __main__  INFO  BAG tile 23: bbox=[59500, 432647, 61500, 434647]
2026-05-21 21:17:32,215  __main__  INFO  BAG WFS request  startIndex=0
2026-05-21 21:17:32,634  __main__  INFO  BAG: fetched 0 panden
2026-05-21 21:17:32,634  __main__  INFO  BAG tile 24: bbox=[59500, 434647, 61500, 436647]
2026-05-21 21:17:32,634  __main__  INFO  BAG WFS request  startIndex=0
2026-05-21 21:17:33,048  __main__  INFO  BAG: fetched 0 panden
2026-05-21 21:17:33,048  __main__  INFO  BAG tile 25: bbox=[59500, 436647, 61500, 438647]
2026-05-21 21:17:33,048  __main__  INFO  BAG WFS request  startIndex=0
2026-05-21 21:17:33,460  __main__  INFO  BAG: fetched 14 panden
2026-05-21 21:17:33,461  __main__  INFO  BAG tile 26: bbox=[59500, 438647, 61500, 440647]
2026-05-21 21:17:33,461  __main__  INFO  BAG WFS request  startIndex=0
2026-05-21 21:17:33,893  __main__  INFO  BAG: fetched 59 panden
2026-05-21 21:17:33,893  __main__  INFO  BAG tile 27: bbox=[59500, 440647, 61500, 442647]
2026-05-21 21:17:33,893  __main__  INFO  BAG WFS request  startIndex=0
2026-05-21 21:17:34,369  __main__  INFO  BAG: fetched 90 panden
2026-05-21 21:17:34,369  __main__  INFO  BAG tile 28: bbox=[59500, 442647, 61500, 444647]
2026-05-21 21:17:34,369  __main__  INFO  BAG WFS request  startIndex=0
2026-05-21 21:17:34,797  __main__  INFO  BAG: fetched 58 panden
2026-05-21 21:17:34,797  __main__  INFO  BAG tile 29: bbox=[59500, 444647, 61500, 446647]
2026-05-21 21:17:34,797  __main__  INFO  BAG WFS request  startIndex=0
2026-05-21 21:17:35,197  __main__  INFO  BAG: fetched 11 panden
2026-05-21 21:17:35,197  __main__  INFO  BAG tile 30: bbox=[59500, 446647, 61500, 447000]
2026-05-21 21:17:35,197  __main__  INFO  BAG WFS request  startIndex=0
2026-05-21 21:17:35,588  __main__  INFO  BAG: fetched 0 panden
2026-05-21 21:17:35,589  __main__  INFO  BAG tile 31: bbox=[61500, 428647, 63500, 430647]
2026-05-21 21:17:35,589  __main__  INFO  BAG WFS request  startIndex=0
2026-05-21 21:17:36,007  __main__  INFO  BAG: fetched 1 panden
2026-05-21 21:17:36,007  __main__  INFO  BAG tile 32: bbox=[61500, 430647, 63500, 432647]
2026-05-21 21:17:36,007  __main__  INFO  BAG WFS request  startIndex=0
2026-05-21 21:17:36,454  __main__  INFO  BAG: fetched 91 panden
2026-05-21 21:17:36,454  __main__  INFO  BAG tile 33: bbox=[61500, 432647, 63500, 434647]
2026-05-21 21:17:36,454  __main__  INFO  BAG WFS request  startIndex=0
2026-05-21 21:17:37,032  __main__  INFO  BAG: fetched 639 panden
2026-05-21 21:17:37,032  __main__  INFO  BAG tile 34: bbox=[61500, 434647, 63500, 436647]
2026-05-21 21:17:37,032  __main__  INFO  BAG WFS request  startIndex=0
2026-05-21 21:17:37,509  __main__  INFO  BAG: fetched 0 panden
2026-05-21 21:17:37,509  __main__  INFO  BAG tile 35: bbox=[61500, 436647, 63500, 438647]
2026-05-21 21:17:37,509  __main__  INFO  BAG WFS request  startIndex=0
2026-05-21 21:17:37,955  __main__  INFO  BAG: fetched 6 panden
2026-05-21 21:17:37,955  __main__  INFO  BAG tile 36: bbox=[61500, 438647, 63500, 440647]
2026-05-21 21:17:37,955  __main__  INFO  BAG WFS request  startIndex=0
2026-05-21 21:17:38,370  __main__  INFO  BAG: fetched 59 panden
2026-05-21 21:17:38,370  __main__  INFO  BAG tile 37: bbox=[61500, 440647, 63500, 442647]
2026-05-21 21:17:38,371  __main__  INFO  BAG WFS request  startIndex=0
2026-05-21 21:17:38,807  __main__  INFO  BAG: fetched 133 panden
2026-05-21 21:17:38,807  __main__  INFO  BAG tile 38: bbox=[61500, 442647, 63500, 444647]
2026-05-21 21:17:38,807  __main__  INFO  BAG WFS request  startIndex=0
2026-05-21 21:17:39,237  __main__  INFO  BAG: fetched 92 panden
2026-05-21 21:17:39,237  __main__  INFO  BAG tile 39: bbox=[61500, 444647, 63500, 446647]
2026-05-21 21:17:39,238  __main__  INFO  BAG WFS request  startIndex=0
2026-05-21 21:17:39,642  __main__  INFO  BAG: fetched 19 panden
2026-05-21 21:17:39,642  __main__  INFO  BAG tile 40: bbox=[61500, 446647, 63500, 447000]
2026-05-21 21:17:39,642  __main__  INFO  BAG WFS request  startIndex=0
2026-05-21 21:17:40,078  __main__  INFO  BAG: fetched 0 panden
2026-05-21 21:17:40,078  __main__  INFO  BAG tile 41: bbox=[63500, 428647, 65500, 430647]
2026-05-21 21:17:40,078  __main__  INFO  BAG WFS request  startIndex=0
2026-05-21 21:17:40,717  __main__  INFO  BAG: fetched 915 panden
2026-05-21 21:17:40,717  __main__  INFO  BAG tile 42: bbox=[63500, 430647, 65500, 432647]
2026-05-21 21:17:40,717  __main__  INFO  BAG WFS request  startIndex=0
2026-05-21 21:17:41,484  __main__  INFO  BAG WFS request  startIndex=1000
2026-05-21 21:17:42,183  __main__  INFO  BAG WFS request  startIndex=2000
2026-05-21 21:17:42,877  __main__  INFO  BAG WFS request  startIndex=3000
2026-05-21 21:17:43,471  __main__  INFO  BAG: fetched 3547 panden
2026-05-21 21:17:43,471  __main__  INFO  BAG tile 43: bbox=[63500, 432647, 65500, 434647]
2026-05-21 21:17:43,471  __main__  INFO  BAG WFS request  startIndex=0
2026-05-21 21:17:44,114  __main__  INFO  BAG WFS request  startIndex=1000
2026-05-21 21:17:44,568  __main__  INFO  BAG: fetched 1069 panden
2026-05-21 21:17:44,568  __main__  INFO  BAG tile 44: bbox=[63500, 434647, 65500, 436647]
2026-05-21 21:17:44,568  __main__  INFO  BAG WFS request  startIndex=0
2026-05-21 21:17:45,205  __main__  INFO  BAG: fetched 756 panden
2026-05-21 21:17:45,205  __main__  INFO  BAG tile 45: bbox=[63500, 436647, 65500, 438647]
2026-05-21 21:17:45,205  __main__  INFO  BAG WFS request  startIndex=0
2026-05-21 21:17:45,675  __main__  INFO  BAG: fetched 169 panden
2026-05-21 21:17:45,675  __main__  INFO  BAG tile 46: bbox=[63500, 438647, 65500, 440647]
2026-05-21 21:17:45,675  __main__  INFO  BAG WFS request  startIndex=0
2026-05-21 21:17:46,094  __main__  INFO  BAG: fetched 86 panden
2026-05-21 21:17:46,094  __main__  INFO  BAG tile 47: bbox=[63500, 440647, 65500, 442647]
2026-05-21 21:17:46,094  __main__  INFO  BAG WFS request  startIndex=0
2026-05-21 21:17:46,515  __main__  INFO  BAG: fetched 53 panden
2026-05-21 21:17:46,516  __main__  INFO  BAG tile 48: bbox=[63500, 442647, 65500, 444647]
2026-05-21 21:17:46,516  __main__  INFO  BAG WFS request  startIndex=0
2026-05-21 21:17:46,919  __main__  INFO  BAG: fetched 39 panden
2026-05-21 21:17:46,919  __main__  INFO  BAG tile 49: bbox=[63500, 444647, 65500, 446647]
2026-05-21 21:17:46,919  __main__  INFO  BAG WFS request  startIndex=0
2026-05-21 21:17:47,320  __main__  INFO  BAG: fetched 0 panden
2026-05-21 21:17:47,320  __main__  INFO  BAG tile 50: bbox=[63500, 446647, 65500, 447000]
2026-05-21 21:17:47,320  __main__  INFO  BAG WFS request  startIndex=0
2026-05-21 21:17:47,754  __main__  INFO  BAG: fetched 0 panden
2026-05-21 21:17:47,754  __main__  INFO  BAG tile 51: bbox=[65500, 428647, 67500, 430647]
2026-05-21 21:17:47,754  __main__  INFO  BAG WFS request  startIndex=0
2026-05-21 21:17:48,233  __main__  INFO  BAG: fetched 225 panden
2026-05-21 21:17:48,233  __main__  INFO  BAG tile 52: bbox=[65500, 430647, 67500, 432647]
2026-05-21 21:17:48,233  __main__  INFO  BAG WFS request  startIndex=0
2026-05-21 21:17:48,757  __main__  INFO  BAG: fetched 219 panden
2026-05-21 21:17:48,757  __main__  INFO  BAG tile 53: bbox=[65500, 432647, 67500, 434647]
2026-05-21 21:17:48,757  __main__  INFO  BAG WFS request  startIndex=0
2026-05-21 21:17:49,269  __main__  INFO  BAG: fetched 255 panden
2026-05-21 21:17:49,269  __main__  INFO  BAG tile 54: bbox=[65500, 434647, 67500, 436647]
2026-05-21 21:17:49,269  __main__  INFO  BAG WFS request  startIndex=0
2026-05-21 21:17:49,955  __main__  INFO  BAG WFS request  startIndex=1000
2026-05-21 21:17:50,690  __main__  INFO  BAG WFS request  startIndex=2000
2026-05-21 21:17:51,246  __main__  INFO  BAG: fetched 2516 panden
2026-05-21 21:17:51,246  __main__  INFO  BAG tile 55: bbox=[65500, 436647, 67500, 438647]
2026-05-21 21:17:51,246  __main__  INFO  BAG WFS request  startIndex=0
2026-05-21 21:17:51,911  __main__  INFO  BAG WFS request  startIndex=1000
2026-05-21 21:17:52,560  __main__  INFO  BAG WFS request  startIndex=2000
2026-05-21 21:17:53,237  __main__  INFO  BAG WFS request  startIndex=3000
2026-05-21 21:17:53,772  __main__  INFO  BAG: fetched 3329 panden
2026-05-21 21:17:53,772  __main__  INFO  BAG tile 56: bbox=[65500, 438647, 67500, 440647]
2026-05-21 21:17:53,772  __main__  INFO  BAG WFS request  startIndex=0
2026-05-21 21:17:54,229  __main__  INFO  BAG: fetched 145 panden
2026-05-21 21:17:54,229  __main__  INFO  BAG tile 57: bbox=[65500, 440647, 67500, 442647]
2026-05-21 21:17:54,229  __main__  INFO  BAG WFS request  startIndex=0
2026-05-21 21:17:54,676  __main__  INFO  BAG: fetched 147 panden
2026-05-21 21:17:54,676  __main__  INFO  BAG tile 58: bbox=[65500, 442647, 67500, 444647]
2026-05-21 21:17:54,676  __main__  INFO  BAG WFS request  startIndex=0
2026-05-21 21:17:55,106  __main__  INFO  BAG: fetched 20 panden
2026-05-21 21:17:55,106  __main__  INFO  BAG tile 59: bbox=[65500, 444647, 67500, 446647]
2026-05-21 21:17:55,106  __main__  INFO  BAG WFS request  startIndex=0
2026-05-21 21:17:55,537  __main__  INFO  BAG: fetched 102 panden
2026-05-21 21:17:55,538  __main__  INFO  BAG tile 60: bbox=[65500, 446647, 67500, 447000]
2026-05-21 21:17:55,538  __main__  INFO  BAG WFS request  startIndex=0
2026-05-21 21:17:55,933  __main__  INFO  BAG: fetched 0 panden
2026-05-21 21:17:55,933  __main__  INFO  BAG tile 61: bbox=[67500, 428647, 69500, 430647]
2026-05-21 21:17:55,933  __main__  INFO  BAG WFS request  startIndex=0
2026-05-21 21:17:56,597  __main__  INFO  BAG WFS request  startIndex=1000
2026-05-21 21:17:57,314  __main__  INFO  BAG WFS request  startIndex=2000
2026-05-21 21:17:57,882  __main__  INFO  BAG: fetched 2483 panden
2026-05-21 21:17:57,882  __main__  INFO  BAG tile 62: bbox=[67500, 430647, 69500, 432647]
2026-05-21 21:17:57,882  __main__  INFO  BAG WFS request  startIndex=0
2026-05-21 21:17:58,312  __main__  INFO  BAG: fetched 110 panden
2026-05-21 21:17:58,312  __main__  INFO  BAG tile 63: bbox=[67500, 432647, 69500, 434647]
2026-05-21 21:17:58,312  __main__  INFO  BAG WFS request  startIndex=0
2026-05-21 21:17:58,855  __main__  INFO  BAG: fetched 516 panden
2026-05-21 21:17:58,855  __main__  INFO  BAG tile 64: bbox=[67500, 434647, 69500, 436647]
2026-05-21 21:17:58,855  __main__  INFO  BAG WFS request  startIndex=0
2026-05-21 21:17:59,388  __main__  INFO  BAG: fetched 411 panden
2026-05-21 21:17:59,388  __main__  INFO  BAG tile 65: bbox=[67500, 436647, 69500, 438647]
2026-05-21 21:17:59,388  __main__  INFO  BAG WFS request  startIndex=0
2026-05-21 21:18:00,025  __main__  INFO  BAG: fetched 909 panden
2026-05-21 21:18:00,026  __main__  INFO  BAG tile 66: bbox=[67500, 438647, 69500, 440647]
2026-05-21 21:18:00,026  __main__  INFO  BAG WFS request  startIndex=0
2026-05-21 21:18:00,466  __main__  INFO  BAG: fetched 68 panden
2026-05-21 21:18:00,466  __main__  INFO  BAG tile 67: bbox=[67500, 440647, 69500, 442647]
2026-05-21 21:18:00,466  __main__  INFO  BAG WFS request  startIndex=0
2026-05-21 21:18:00,927  __main__  INFO  BAG: fetched 114 panden
2026-05-21 21:18:00,927  __main__  INFO  BAG tile 68: bbox=[67500, 442647, 69500, 444647]
2026-05-21 21:18:00,927  __main__  INFO  BAG WFS request  startIndex=0
2026-05-21 21:18:01,604  __main__  INFO  BAG WFS request  startIndex=1000
2026-05-21 21:18:02,309  __main__  INFO  BAG WFS request  startIndex=2000
2026-05-21 21:18:02,949  __main__  INFO  BAG WFS request  startIndex=3000
2026-05-21 21:18:03,606  __main__  INFO  BAG WFS request  startIndex=4000
2026-05-21 21:18:04,127  __main__  INFO  BAG: fetched 4424 panden
2026-05-21 21:18:04,127  __main__  INFO  BAG tile 69: bbox=[67500, 444647, 69500, 446647]
2026-05-21 21:18:04,127  __main__  INFO  BAG WFS request  startIndex=0
2026-05-21 21:18:04,771  __main__  INFO  BAG WFS request  startIndex=1000
2026-05-21 21:18:05,415  __main__  INFO  BAG WFS request  startIndex=2000
2026-05-21 21:18:06,098  __main__  INFO  BAG WFS request  startIndex=3000
2026-05-21 21:18:06,585  __main__  INFO  BAG: fetched 3247 panden
2026-05-21 21:18:06,585  __main__  INFO  BAG tile 70: bbox=[67500, 446647, 69500, 447000]
2026-05-21 21:18:06,586  __main__  INFO  BAG WFS request  startIndex=0
2026-05-21 21:18:07,026  __main__  INFO  BAG: fetched 100 panden
2026-05-21 21:18:07,026  __main__  INFO  BAG tile 71: bbox=[69500, 428647, 71500, 430647]
2026-05-21 21:18:07,026  __main__  INFO  BAG WFS request  startIndex=0
2026-05-21 21:18:07,673  __main__  INFO  BAG WFS request  startIndex=1000
2026-05-21 21:18:08,375  __main__  INFO  BAG WFS request  startIndex=2000
2026-05-21 21:18:09,069  __main__  INFO  BAG WFS request  startIndex=3000
2026-05-21 21:18:09,720  __main__  INFO  BAG WFS request  startIndex=4000
2026-05-21 21:18:10,228  __main__  INFO  BAG: fetched 4225 panden
2026-05-21 21:18:10,228  __main__  INFO  BAG tile 72: bbox=[69500, 430647, 71500, 432647]
2026-05-21 21:18:10,228  __main__  INFO  BAG WFS request  startIndex=0
2026-05-21 21:18:10,720  __main__  INFO  BAG: fetched 369 panden
2026-05-21 21:18:10,720  __main__  INFO  BAG tile 73: bbox=[69500, 432647, 71500, 434647]
2026-05-21 21:18:10,720  __main__  INFO  BAG WFS request  startIndex=0
2026-05-21 21:18:11,444  __main__  INFO  BAG WFS request  startIndex=1000
2026-05-21 21:18:12,092  __main__  INFO  BAG WFS request  startIndex=2000
2026-05-21 21:18:12,605  __main__  INFO  BAG: fetched 2277 panden
2026-05-21 21:18:12,605  __main__  INFO  BAG tile 74: bbox=[69500, 434647, 71500, 436647]
2026-05-21 21:18:12,605  __main__  INFO  BAG WFS request  startIndex=0
2026-05-21 21:18:13,319  __main__  INFO  BAG WFS request  startIndex=1000
2026-05-21 21:18:14,015  __main__  INFO  BAG WFS request  startIndex=2000
2026-05-21 21:18:14,661  __main__  INFO  BAG WFS request  startIndex=3000
2026-05-21 21:18:15,295  __main__  INFO  BAG WFS request  startIndex=4000
2026-05-21 21:18:15,959  __main__  INFO  BAG WFS request  startIndex=5000
2026-05-21 21:18:16,649  __main__  INFO  BAG WFS request  startIndex=6000
2026-05-21 21:18:17,122  __main__  INFO  BAG: fetched 6076 panden
2026-05-21 21:18:17,122  __main__  INFO  BAG tile 75: bbox=[69500, 436647, 71500, 438647]
2026-05-21 21:18:17,122  __main__  INFO  BAG WFS request  startIndex=0
2026-05-21 21:18:17,621  __main__  INFO  BAG: fetched 264 panden
2026-05-21 21:18:17,622  __main__  INFO  BAG tile 76: bbox=[69500, 438647, 71500, 440647]
2026-05-21 21:18:17,622  __main__  INFO  BAG WFS request  startIndex=0
2026-05-21 21:18:18,090  __main__  INFO  BAG: fetched 158 panden
2026-05-21 21:18:18,090  __main__  INFO  BAG tile 77: bbox=[69500, 440647, 71500, 442647]
2026-05-21 21:18:18,090  __main__  INFO  BAG WFS request  startIndex=0
2026-05-21 21:18:18,542  __main__  INFO  BAG: fetched 91 panden
2026-05-21 21:18:18,542  __main__  INFO  BAG tile 78: bbox=[69500, 442647, 71500, 444647]
2026-05-21 21:18:18,542  __main__  INFO  BAG WFS request  startIndex=0
2026-05-21 21:18:19,187  __main__  INFO  BAG WFS request  startIndex=1000
2026-05-21 21:18:19,710  __main__  INFO  BAG: fetched 1207 panden
2026-05-21 21:18:19,711  __main__  INFO  BAG tile 79: bbox=[69500, 444647, 71500, 446647]
2026-05-21 21:18:19,711  __main__  INFO  BAG WFS request  startIndex=0
2026-05-21 21:18:20,406  __main__  INFO  BAG WFS request  startIndex=1000
2026-05-21 21:18:21,107  __main__  INFO  BAG WFS request  startIndex=2000
2026-05-21 21:18:21,892  __main__  INFO  BAG WFS request  startIndex=3000
2026-05-21 21:18:22,936  __main__  INFO  BAG WFS request  startIndex=4000
2026-05-21 21:18:23,871  __main__  INFO  BAG WFS request  startIndex=5000
2026-05-21 21:18:25,106  __main__  INFO  BAG: fetched 5990 panden
2026-05-21 21:18:25,106  __main__  INFO  BAG tile 80: bbox=[69500, 446647, 71500, 447000]
2026-05-21 21:18:25,106  __main__  INFO  BAG WFS request  startIndex=0
2026-05-21 21:18:25,810  __main__  INFO  BAG WFS request  startIndex=1000
2026-05-21 21:18:26,491  __main__  INFO  BAG WFS request  startIndex=2000
2026-05-21 21:18:27,084  __main__  INFO  BAG: fetched 2473 panden
2026-05-21 21:18:27,084  __main__  INFO  BAG tile 81: bbox=[71500, 428647, 73500, 430647]
2026-05-21 21:18:27,084  __main__  INFO  BAG WFS request  startIndex=0
2026-05-21 21:18:27,601  __main__  INFO  BAG: fetched 386 panden
2026-05-21 21:18:27,601  __main__  INFO  BAG tile 82: bbox=[71500, 430647, 73500, 432647]
2026-05-21 21:18:27,601  __main__  INFO  BAG WFS request  startIndex=0
2026-05-21 21:18:28,064  __main__  INFO  BAG: fetched 184 panden
2026-05-21 21:18:28,064  __main__  INFO  BAG tile 83: bbox=[71500, 432647, 73500, 434647]
2026-05-21 21:18:28,064  __main__  INFO  BAG WFS request  startIndex=0
2026-05-21 21:18:28,719  __main__  INFO  BAG WFS request  startIndex=1000
2026-05-21 21:18:29,380  __main__  INFO  BAG: fetched 1724 panden
2026-05-21 21:18:29,380  __main__  INFO  BAG tile 84: bbox=[71500, 434647, 73500, 436647]
2026-05-21 21:18:29,380  __main__  INFO  BAG WFS request  startIndex=0
2026-05-21 21:18:30,030  __main__  INFO  BAG WFS request  startIndex=1000
2026-05-21 21:18:30,451  __main__  INFO  BAG: fetched 1053 panden
2026-05-21 21:18:30,452  __main__  INFO  BAG tile 85: bbox=[71500, 436647, 73500, 438647]
2026-05-21 21:18:30,452  __main__  INFO  BAG WFS request  startIndex=0
2026-05-21 21:18:30,935  __main__  INFO  BAG: fetched 269 panden
2026-05-21 21:18:30,936  __main__  INFO  BAG tile 86: bbox=[71500, 438647, 73500, 440647]
2026-05-21 21:18:30,936  __main__  INFO  BAG WFS request  startIndex=0
2026-05-21 21:18:31,332  __main__  INFO  BAG: fetched 74 panden
2026-05-21 21:18:31,332  __main__  INFO  BAG tile 87: bbox=[71500, 440647, 73500, 442647]
2026-05-21 21:18:31,332  __main__  INFO  BAG WFS request  startIndex=0
2026-05-21 21:18:31,826  __main__  INFO  BAG: fetched 241 panden
2026-05-21 21:18:31,826  __main__  INFO  BAG tile 88: bbox=[71500, 442647, 73500, 444647]
2026-05-21 21:18:31,826  __main__  INFO  BAG WFS request  startIndex=0
2026-05-21 21:18:32,488  __main__  INFO  BAG WFS request  startIndex=1000
2026-05-21 21:18:33,022  __main__  INFO  BAG: fetched 1488 panden
2026-05-21 21:18:33,022  __main__  INFO  BAG tile 89: bbox=[71500, 444647, 73500, 446647]
2026-05-21 21:18:33,022  __main__  INFO  BAG WFS request  startIndex=0
2026-05-21 21:18:33,689  __main__  INFO  BAG WFS request  startIndex=1000
2026-05-21 21:18:34,357  __main__  INFO  BAG WFS request  startIndex=2000
2026-05-21 21:18:35,081  __main__  INFO  BAG WFS request  startIndex=3000
2026-05-21 21:18:35,788  __main__  INFO  BAG WFS request  startIndex=4000
2026-05-21 21:18:36,444  __main__  INFO  BAG WFS request  startIndex=5000
2026-05-21 21:18:37,150  __main__  INFO  BAG WFS request  startIndex=6000
2026-05-21 21:18:37,671  __main__  INFO  BAG: fetched 6031 panden
2026-05-21 21:18:37,671  __main__  INFO  BAG tile 90: bbox=[71500, 446647, 73500, 447000]
2026-05-21 21:18:37,671  __main__  INFO  BAG WFS request  startIndex=0
2026-05-21 21:18:38,306  __main__  INFO  BAG: fetched 878 panden
2026-05-21 21:18:38,306  __main__  INFO  BAG tile 91: bbox=[73500, 428647, 75500, 430647]
2026-05-21 21:18:38,306  __main__  INFO  BAG WFS request  startIndex=0
2026-05-21 21:18:38,750  __main__  INFO  BAG: fetched 133 panden
2026-05-21 21:18:38,750  __main__  INFO  BAG tile 92: bbox=[73500, 430647, 75500, 432647]
2026-05-21 21:18:38,750  __main__  INFO  BAG WFS request  startIndex=0
2026-05-21 21:18:39,204  __main__  INFO  BAG: fetched 141 panden
2026-05-21 21:18:39,204  __main__  INFO  BAG tile 93: bbox=[73500, 432647, 75500, 434647]
2026-05-21 21:18:39,204  __main__  INFO  BAG WFS request  startIndex=0
2026-05-21 21:18:39,846  __main__  INFO  BAG WFS request  startIndex=1000
2026-05-21 21:18:40,476  __main__  INFO  BAG: fetched 1762 panden
2026-05-21 21:18:40,476  __main__  INFO  BAG tile 94: bbox=[73500, 434647, 75500, 436647]
2026-05-21 21:18:40,477  __main__  INFO  BAG WFS request  startIndex=0
2026-05-21 21:18:41,073  __main__  INFO  BAG: fetched 691 panden
2026-05-21 21:18:41,073  __main__  INFO  BAG tile 95: bbox=[73500, 436647, 75500, 438647]
2026-05-21 21:18:41,073  __main__  INFO  BAG WFS request  startIndex=0
2026-05-21 21:18:41,540  __main__  INFO  BAG: fetched 167 panden
2026-05-21 21:18:41,541  __main__  INFO  BAG tile 96: bbox=[73500, 438647, 75500, 440647]
2026-05-21 21:18:41,541  __main__  INFO  BAG WFS request  startIndex=0
2026-05-21 21:18:42,177  __main__  INFO  BAG WFS request  startIndex=1000
2026-05-21 21:18:42,847  __main__  INFO  BAG WFS request  startIndex=2000
2026-05-21 21:18:43,501  __main__  INFO  BAG WFS request  startIndex=3000
2026-05-21 21:18:44,157  __main__  INFO  BAG WFS request  startIndex=4000
2026-05-21 21:18:44,615  __main__  INFO  BAG: fetched 3992 panden
2026-05-21 21:18:44,615  __main__  INFO  BAG tile 97: bbox=[73500, 440647, 75500, 442647]
2026-05-21 21:18:44,616  __main__  INFO  BAG WFS request  startIndex=0
2026-05-21 21:18:45,307  __main__  INFO  BAG WFS request  startIndex=1000
2026-05-21 21:18:45,994  __main__  INFO  BAG WFS request  startIndex=2000
2026-05-21 21:18:46,659  __main__  INFO  BAG WFS request  startIndex=3000
2026-05-21 21:18:47,282  __main__  INFO  BAG: fetched 3617 panden
2026-05-21 21:18:47,282  __main__  INFO  BAG tile 98: bbox=[73500, 442647, 75500, 444647]
2026-05-21 21:18:47,282  __main__  INFO  BAG WFS request  startIndex=0
2026-05-21 21:18:47,924  __main__  INFO  BAG WFS request  startIndex=1000
2026-05-21 21:18:48,354  __main__  INFO  BAG: fetched 1047 panden
2026-05-21 21:18:48,354  __main__  INFO  BAG tile 99: bbox=[73500, 444647, 75500, 446647]
2026-05-21 21:18:48,354  __main__  INFO  BAG WFS request  startIndex=0
2026-05-21 21:18:49,051  __main__  INFO  BAG WFS request  startIndex=1000
2026-05-21 21:18:49,766  __main__  INFO  BAG WFS request  startIndex=2000
2026-05-21 21:18:50,441  __main__  INFO  BAG WFS request  startIndex=3000
2026-05-21 21:18:51,105  __main__  INFO  BAG WFS request  startIndex=4000
2026-05-21 21:18:51,765  __main__  INFO  BAG WFS request  startIndex=5000
2026-05-21 21:18:52,425  __main__  INFO  BAG WFS request  startIndex=6000
2026-05-21 21:18:53,079  __main__  INFO  BAG WFS request  startIndex=7000
2026-05-21 21:18:53,763  __main__  INFO  BAG WFS request  startIndex=8000
2026-05-21 21:18:54,437  __main__  INFO  BAG WFS request  startIndex=9000
2026-05-21 21:18:55,113  __main__  INFO  BAG: fetched 9808 panden
2026-05-21 21:18:55,113  __main__  INFO  BAG tile 100: bbox=[73500, 446647, 75500, 447000]
2026-05-21 21:18:55,113  __main__  INFO  BAG WFS request  startIndex=0
2026-05-21 21:18:55,795  __main__  INFO  BAG: fetched 842 panden
2026-05-21 21:18:55,795  __main__  INFO  BAG tile 101: bbox=[75500, 428647, 77500, 430647]
2026-05-21 21:18:55,795  __main__  INFO  BAG WFS request  startIndex=0
2026-05-21 21:18:56,443  __main__  INFO  BAG WFS request  startIndex=1000
2026-05-21 21:18:56,929  __main__  INFO  BAG: fetched 1065 panden
2026-05-21 21:18:56,929  __main__  INFO  BAG tile 102: bbox=[75500, 430647, 77500, 432647]
2026-05-21 21:18:56,929  __main__  INFO  BAG WFS request  startIndex=0
2026-05-21 21:18:57,609  __main__  INFO  BAG WFS request  startIndex=1000
2026-05-21 21:18:58,232  __main__  INFO  BAG WFS request  startIndex=2000
2026-05-21 21:18:58,873  __main__  INFO  BAG WFS request  startIndex=3000
2026-05-21 21:18:59,296  __main__  INFO  BAG: fetched 3010 panden
2026-05-21 21:18:59,296  __main__  INFO  BAG tile 103: bbox=[75500, 432647, 77500, 434647]
2026-05-21 21:18:59,296  __main__  INFO  BAG WFS request  startIndex=0
2026-05-21 21:18:59,817  __main__  INFO  BAG: fetched 392 panden
2026-05-21 21:18:59,817  __main__  INFO  BAG tile 104: bbox=[75500, 434647, 77500, 436647]
2026-05-21 21:18:59,817  __main__  INFO  BAG WFS request  startIndex=0
2026-05-21 21:19:00,479  __main__  INFO  BAG WFS request  startIndex=1000
2026-05-21 21:19:01,149  __main__  INFO  BAG WFS request  startIndex=2000
2026-05-21 21:19:01,812  __main__  INFO  BAG WFS request  startIndex=3000
2026-05-21 21:19:02,545  __main__  INFO  BAG WFS request  startIndex=4000
2026-05-21 21:19:03,173  __main__  INFO  BAG WFS request  startIndex=5000
2026-05-21 21:19:03,812  __main__  INFO  BAG WFS request  startIndex=6000
2026-05-21 21:19:04,493  __main__  INFO  BAG WFS request  startIndex=7000
2026-05-21 21:19:05,065  __main__  INFO  BAG: fetched 7497 panden
2026-05-21 21:19:05,065  __main__  INFO  BAG tile 105: bbox=[75500, 436647, 77500, 438647]
2026-05-21 21:19:05,065  __main__  INFO  BAG WFS request  startIndex=0
2026-05-21 21:19:05,722  __main__  INFO  BAG WFS request  startIndex=1000
2026-05-21 21:19:06,398  __main__  INFO  BAG WFS request  startIndex=2000
2026-05-21 21:19:07,063  __main__  INFO  BAG WFS request  startIndex=3000
2026-05-21 21:19:07,731  __main__  INFO  BAG WFS request  startIndex=4000
2026-05-21 21:19:08,392  __main__  INFO  BAG WFS request  startIndex=5000
2026-05-21 21:19:08,981  __main__  INFO  BAG WFS request  startIndex=6000
2026-05-21 21:19:09,534  __main__  INFO  BAG WFS request  startIndex=7000
2026-05-21 21:19:10,098  __main__  INFO  BAG WFS request  startIndex=8000
2026-05-21 21:19:10,805  __main__  INFO  BAG WFS request  startIndex=9000
2026-05-21 21:19:11,145  __main__  INFO  BAG: fetched 8957 panden
2026-05-21 21:19:11,145  __main__  INFO  BAG tile 106: bbox=[75500, 438647, 77500, 440647]
2026-05-21 21:19:11,145  __main__  INFO  BAG WFS request  startIndex=0
2026-05-21 21:19:11,674  __main__  INFO  BAG WFS request  startIndex=1000
2026-05-21 21:19:12,187  __main__  INFO  BAG WFS request  startIndex=2000
2026-05-21 21:19:12,720  __main__  INFO  BAG WFS request  startIndex=3000
2026-05-21 21:19:13,195  __main__  INFO  BAG: fetched 3267 panden
2026-05-21 21:19:13,195  __main__  INFO  BAG tile 107: bbox=[75500, 440647, 77500, 442647]
2026-05-21 21:19:13,195  __main__  INFO  BAG WFS request  startIndex=0
2026-05-21 21:19:13,664  __main__  INFO  BAG: fetched 626 panden
2026-05-21 21:19:13,664  __main__  INFO  BAG tile 108: bbox=[75500, 442647, 77500, 444647]
2026-05-21 21:19:13,664  __main__  INFO  BAG WFS request  startIndex=0
2026-05-21 21:19:14,258  __main__  INFO  BAG WFS request  startIndex=1000
2026-05-21 21:19:14,789  __main__  INFO  BAG WFS request  startIndex=2000
2026-05-21 21:19:15,364  __main__  INFO  BAG WFS request  startIndex=3000
2026-05-21 21:19:16,021  __main__  INFO  BAG WFS request  startIndex=4000
2026-05-21 21:19:16,612  __main__  INFO  BAG WFS request  startIndex=5000
2026-05-21 21:19:17,274  __main__  INFO  BAG WFS request  startIndex=6000
2026-05-21 21:19:17,842  __main__  INFO  BAG WFS request  startIndex=7000
2026-05-21 21:19:19,988  __main__  INFO  BAG: fetched 7890 panden
2026-05-21 21:19:19,988  __main__  INFO  BAG tile 109: bbox=[75500, 444647, 77500, 446647]
2026-05-21 21:19:19,988  __main__  INFO  BAG WFS request  startIndex=0
2026-05-21 21:19:21,288  __main__  INFO  BAG: fetched 635 panden
2026-05-21 21:19:21,288  __main__  INFO  BAG tile 110: bbox=[75500, 446647, 77500, 447000]
2026-05-21 21:19:21,288  __main__  INFO  BAG WFS request  startIndex=0
2026-05-21 21:19:22,089  __main__  INFO  BAG: fetched 697 panden
2026-05-21 21:19:22,089  __main__  INFO  BAG tile 111: bbox=[77500, 428647, 79500, 430647]
2026-05-21 21:19:22,089  __main__  INFO  BAG WFS request  startIndex=0
2026-05-21 21:19:22,471  __main__  INFO  BAG: fetched 102 panden
2026-05-21 21:19:22,471  __main__  INFO  BAG tile 112: bbox=[77500, 430647, 79500, 432647]
2026-05-21 21:19:22,471  __main__  INFO  BAG WFS request  startIndex=0
2026-05-21 21:19:24,244  __main__  INFO  BAG WFS request  startIndex=1000
2026-05-21 21:19:24,577  __main__  INFO  BAG: fetched 1137 panden
2026-05-21 21:19:24,577  __main__  INFO  BAG tile 113: bbox=[77500, 432647, 79500, 434647]
2026-05-21 21:19:24,577  __main__  INFO  BAG WFS request  startIndex=0
2026-05-21 21:19:24,970  __main__  INFO  BAG: fetched 329 panden
2026-05-21 21:19:24,970  __main__  INFO  BAG tile 114: bbox=[77500, 434647, 79500, 436647]
2026-05-21 21:19:24,970  __main__  INFO  BAG WFS request  startIndex=0
2026-05-21 21:19:25,384  __main__  INFO  BAG: fetched 261 panden
2026-05-21 21:19:25,384  __main__  INFO  BAG tile 115: bbox=[77500, 436647, 79500, 438647]
2026-05-21 21:19:25,385  __main__  INFO  BAG WFS request  startIndex=0
2026-05-21 21:19:25,973  __main__  INFO  BAG WFS request  startIndex=1000
2026-05-21 21:19:26,542  __main__  INFO  BAG WFS request  startIndex=2000
2026-05-21 21:19:27,050  __main__  INFO  BAG: fetched 2682 panden
2026-05-21 21:19:27,050  __main__  INFO  BAG tile 116: bbox=[77500, 438647, 79500, 440647]
2026-05-21 21:19:27,050  __main__  INFO  BAG WFS request  startIndex=0
2026-05-21 21:19:27,587  __main__  INFO  BAG WFS request  startIndex=1000
2026-05-21 21:19:28,121  __main__  INFO  BAG WFS request  startIndex=2000
2026-05-21 21:19:28,650  __main__  INFO  BAG WFS request  startIndex=3000
2026-05-21 21:19:29,166  __main__  INFO  BAG: fetched 3604 panden
2026-05-21 21:19:29,166  __main__  INFO  BAG tile 117: bbox=[77500, 440647, 79500, 442647]
2026-05-21 21:19:29,166  __main__  INFO  BAG WFS request  startIndex=0
2026-05-21 21:19:29,594  __main__  INFO  BAG: fetched 394 panden
2026-05-21 21:19:29,595  __main__  INFO  BAG tile 118: bbox=[77500, 442647, 79500, 444647]
2026-05-21 21:19:29,595  __main__  INFO  BAG WFS request  startIndex=0
2026-05-21 21:19:30,632  __main__  INFO  BAG WFS request  startIndex=1000
2026-05-21 21:19:31,018  __main__  INFO  BAG: fetched 890 panden
2026-05-21 21:19:31,018  __main__  INFO  BAG tile 119: bbox=[77500, 444647, 79500, 446647]
2026-05-21 21:19:31,018  __main__  INFO  BAG WFS request  startIndex=0
2026-05-21 21:19:31,478  __main__  INFO  BAG: fetched 579 panden
2026-05-21 21:19:31,478  __main__  INFO  BAG tile 120: bbox=[77500, 446647, 79500, 447000]
2026-05-21 21:19:31,478  __main__  INFO  BAG WFS request  startIndex=0
2026-05-21 21:19:31,816  __main__  INFO  BAG: fetched 113 panden
2026-05-21 21:19:31,816  __main__  INFO  BAG tile 121: bbox=[79500, 428647, 81500, 430647]
2026-05-21 21:19:31,816  __main__  INFO  BAG WFS request  startIndex=0
2026-05-21 21:19:33,225  __main__  INFO  BAG WFS request  startIndex=1000
2026-05-21 21:19:33,806  __main__  INFO  BAG WFS request  startIndex=2000
2026-05-21 21:19:34,420  __main__  INFO  BAG WFS request  startIndex=3000
2026-05-21 21:19:34,992  __main__  INFO  BAG WFS request  startIndex=4000
2026-05-21 21:19:36,960  __main__  INFO  BAG WFS request  startIndex=5000
2026-05-21 21:19:37,338  __main__  INFO  BAG: fetched 4940 panden
2026-05-21 21:19:37,338  __main__  INFO  BAG tile 122: bbox=[79500, 430647, 81500, 432647]
2026-05-21 21:19:37,338  __main__  INFO  BAG WFS request  startIndex=0
2026-05-21 21:19:37,685  __main__  INFO  BAG: fetched 261 panden
2026-05-21 21:19:37,685  __main__  INFO  BAG tile 123: bbox=[79500, 432647, 81500, 434647]
2026-05-21 21:19:37,685  __main__  INFO  BAG WFS request  startIndex=0
2026-05-21 21:19:38,055  __main__  INFO  BAG: fetched 207 panden
2026-05-21 21:19:38,056  __main__  INFO  BAG tile 124: bbox=[79500, 434647, 81500, 436647]
2026-05-21 21:19:38,056  __main__  INFO  BAG WFS request  startIndex=0
2026-05-21 21:19:38,608  __main__  INFO  BAG WFS request  startIndex=1000
2026-05-21 21:19:39,095  __main__  INFO  BAG: fetched 1540 panden
2026-05-21 21:19:39,096  __main__  INFO  BAG tile 125: bbox=[79500, 436647, 81500, 438647]
2026-05-21 21:19:39,096  __main__  INFO  BAG WFS request  startIndex=0
2026-05-21 21:19:39,590  __main__  INFO  BAG: fetched 750 panden
2026-05-21 21:19:39,590  __main__  INFO  BAG tile 126: bbox=[79500, 438647, 81500, 440647]
2026-05-21 21:19:39,590  __main__  INFO  BAG WFS request  startIndex=0
2026-05-21 21:19:39,890  __main__  INFO  BAG: fetched 69 panden
2026-05-21 21:19:39,890  __main__  INFO  BAG tile 127: bbox=[79500, 440647, 81500, 442647]
2026-05-21 21:19:39,890  __main__  INFO  BAG WFS request  startIndex=0
2026-05-21 21:19:40,272  __main__  INFO  BAG: fetched 262 panden
2026-05-21 21:19:40,272  __main__  INFO  BAG tile 128: bbox=[79500, 442647, 81500, 444647]
2026-05-21 21:19:40,272  __main__  INFO  BAG WFS request  startIndex=0
2026-05-21 21:19:40,822  __main__  INFO  BAG WFS request  startIndex=1000
2026-05-21 21:19:41,387  __main__  INFO  BAG: fetched 1976 panden
2026-05-21 21:19:41,387  __main__  INFO  BAG tile 129: bbox=[79500, 444647, 81500, 446647]
2026-05-21 21:19:41,387  __main__  INFO  BAG WFS request  startIndex=0
2026-05-21 21:19:41,800  __main__  INFO  BAG: fetched 197 panden
2026-05-21 21:19:41,801  __main__  INFO  BAG tile 130: bbox=[79500, 446647, 81500, 447000]
2026-05-21 21:19:41,801  __main__  INFO  BAG WFS request  startIndex=0
2026-05-21 21:19:42,128  __main__  INFO  BAG: fetched 62 panden
2026-05-21 21:19:42,128  __main__  INFO  BAG tile 131: bbox=[81500, 428647, 83500, 430647]
2026-05-21 21:19:42,128  __main__  INFO  BAG WFS request  startIndex=0
2026-05-21 21:19:42,664  __main__  INFO  BAG WFS request  startIndex=1000
2026-05-21 21:19:43,223  __main__  INFO  BAG WFS request  startIndex=2000
2026-05-21 21:19:43,782  __main__  INFO  BAG WFS request  startIndex=3000
2026-05-21 21:19:44,332  __main__  INFO  BAG WFS request  startIndex=4000
2026-05-21 21:19:45,097  __main__  INFO  BAG WFS request  startIndex=5000
2026-05-21 21:19:45,688  __main__  INFO  BAG WFS request  startIndex=6000
2026-05-21 21:19:46,256  __main__  INFO  BAG WFS request  startIndex=7000
2026-05-21 21:19:46,834  __main__  INFO  BAG WFS request  startIndex=8000
2026-05-21 21:19:47,289  __main__  INFO  BAG: fetched 8143 panden
2026-05-21 21:19:47,289  __main__  INFO  BAG tile 132: bbox=[81500, 430647, 83500, 432647]
2026-05-21 21:19:47,289  __main__  INFO  BAG WFS request  startIndex=0
2026-05-21 21:19:47,834  __main__  INFO  BAG WFS request  startIndex=1000
2026-05-21 21:19:48,367  __main__  INFO  BAG WFS request  startIndex=2000
2026-05-21 21:19:48,766  __main__  INFO  BAG: fetched 2261 panden
2026-05-21 21:19:48,766  __main__  INFO  BAG tile 133: bbox=[81500, 432647, 83500, 434647]
2026-05-21 21:19:48,766  __main__  INFO  BAG WFS request  startIndex=0
2026-05-21 21:19:49,152  __main__  INFO  BAG: fetched 260 panden
2026-05-21 21:19:49,152  __main__  INFO  BAG tile 134: bbox=[81500, 434647, 83500, 436647]
2026-05-21 21:19:49,152  __main__  INFO  BAG WFS request  startIndex=0
2026-05-21 21:19:49,715  __main__  INFO  BAG WFS request  startIndex=1000
2026-05-21 21:19:50,313  __main__  INFO  BAG WFS request  startIndex=2000
2026-05-21 21:19:50,874  __main__  INFO  BAG WFS request  startIndex=3000
2026-05-21 21:19:51,524  __main__  INFO  BAG WFS request  startIndex=4000
2026-05-21 21:19:52,118  __main__  INFO  BAG WFS request  startIndex=5000
2026-05-21 21:19:52,703  __main__  INFO  BAG WFS request  startIndex=6000
2026-05-21 21:19:53,268  __main__  INFO  BAG: fetched 6638 panden
2026-05-21 21:19:53,268  __main__  INFO  BAG tile 135: bbox=[81500, 436647, 83500, 438647]
2026-05-21 21:19:53,268  __main__  INFO  BAG WFS request  startIndex=0
2026-05-21 21:19:53,832  __main__  INFO  BAG WFS request  startIndex=1000
2026-05-21 21:19:54,393  __main__  INFO  BAG WFS request  startIndex=2000
2026-05-21 21:19:54,925  __main__  INFO  BAG WFS request  startIndex=3000
2026-05-21 21:19:55,329  __main__  INFO  BAG: fetched 3371 panden
2026-05-21 21:19:55,330  __main__  INFO  BAG tile 136: bbox=[81500, 438647, 83500, 440647]
2026-05-21 21:19:55,330  __main__  INFO  BAG WFS request  startIndex=0
2026-05-21 21:19:56,221  __main__  INFO  BAG WFS request  startIndex=1000
2026-05-21 21:19:56,798  __main__  INFO  BAG WFS request  startIndex=2000
2026-05-21 21:19:57,321  __main__  INFO  BAG WFS request  startIndex=3000
2026-05-21 21:19:57,769  __main__  INFO  BAG: fetched 3589 panden
2026-05-21 21:19:57,769  __main__  INFO  BAG tile 137: bbox=[81500, 440647, 83500, 442647]
2026-05-21 21:19:57,769  __main__  INFO  BAG WFS request  startIndex=0
2026-05-21 21:19:58,112  __main__  INFO  BAG: fetched 240 panden
2026-05-21 21:19:58,112  __main__  INFO  BAG tile 138: bbox=[81500, 442647, 83500, 444647]
2026-05-21 21:19:58,112  __main__  INFO  BAG WFS request  startIndex=0
2026-05-21 21:19:58,658  __main__  INFO  BAG WFS request  startIndex=1000
2026-05-21 21:19:59,238  __main__  INFO  BAG WFS request  startIndex=2000
2026-05-21 21:19:59,835  __main__  INFO  BAG WFS request  startIndex=3000
2026-05-21 21:20:00,338  __main__  INFO  BAG: fetched 3673 panden
2026-05-21 21:20:00,338  __main__  INFO  BAG tile 139: bbox=[81500, 444647, 83500, 446647]
2026-05-21 21:20:00,338  __main__  INFO  BAG WFS request  startIndex=0
2026-05-21 21:20:01,029  __main__  INFO  BAG WFS request  startIndex=1000
2026-05-21 21:20:01,601  __main__  INFO  BAG WFS request  startIndex=2000
2026-05-21 21:20:02,177  __main__  INFO  BAG WFS request  startIndex=3000
2026-05-21 21:20:02,822  __main__  INFO  BAG WFS request  startIndex=4000
2026-05-21 21:20:03,380  __main__  INFO  BAG WFS request  startIndex=5000
2026-05-21 21:20:03,960  __main__  INFO  BAG WFS request  startIndex=6000
2026-05-21 21:20:04,519  __main__  INFO  BAG WFS request  startIndex=7000
2026-05-21 21:20:04,859  __main__  INFO  BAG: fetched 7041 panden
2026-05-21 21:20:04,859  __main__  INFO  BAG tile 140: bbox=[81500, 446647, 83500, 447000]
2026-05-21 21:20:04,859  __main__  INFO  BAG WFS request  startIndex=0
2026-05-21 21:20:05,416  __main__  INFO  BAG WFS request  startIndex=1000
2026-05-21 21:20:05,945  __main__  INFO  BAG: fetched 1943 panden
2026-05-21 21:20:05,945  __main__  INFO  BAG tile 141: bbox=[83500, 428647, 85500, 430647]
2026-05-21 21:20:05,945  __main__  INFO  BAG WFS request  startIndex=0
2026-05-21 21:20:06,970  __main__  INFO  BAG WFS request  startIndex=1000
2026-05-21 21:20:07,510  __main__  INFO  BAG WFS request  startIndex=2000
2026-05-21 21:20:08,063  __main__  INFO  BAG WFS request  startIndex=3000
2026-05-21 21:20:08,607  __main__  INFO  BAG WFS request  startIndex=4000
2026-05-21 21:20:09,179  __main__  INFO  BAG WFS request  startIndex=5000
2026-05-21 21:20:09,711  __main__  INFO  BAG WFS request  startIndex=6000
2026-05-21 21:20:10,282  __main__  INFO  BAG WFS request  startIndex=7000
2026-05-21 21:20:10,831  __main__  INFO  BAG WFS request  startIndex=8000
2026-05-21 21:20:11,416  __main__  INFO  BAG WFS request  startIndex=9000
2026-05-21 21:20:11,929  __main__  INFO  BAG: fetched 9543 panden
2026-05-21 21:20:11,929  __main__  INFO  BAG tile 142: bbox=[83500, 430647, 85500, 432647]
2026-05-21 21:20:11,929  __main__  INFO  BAG WFS request  startIndex=0
2026-05-21 21:20:12,476  __main__  INFO  BAG WFS request  startIndex=1000
2026-05-21 21:20:13,030  __main__  INFO  BAG WFS request  startIndex=2000
2026-05-21 21:20:13,598  __main__  INFO  BAG WFS request  startIndex=3000
2026-05-21 21:20:14,297  __main__  INFO  BAG WFS request  startIndex=4000
2026-05-21 21:20:14,871  __main__  INFO  BAG WFS request  startIndex=5000
2026-05-21 21:20:15,390  __main__  INFO  BAG WFS request  startIndex=6000
2026-05-21 21:20:15,922  __main__  INFO  BAG WFS request  startIndex=7000
2026-05-21 21:20:16,498  __main__  INFO  BAG WFS request  startIndex=8000
2026-05-21 21:20:17,075  __main__  INFO  BAG WFS request  startIndex=9000
2026-05-21 21:20:17,507  __main__  INFO  BAG: fetched 9188 panden
2026-05-21 21:20:17,507  __main__  INFO  BAG tile 143: bbox=[83500, 432647, 85500, 434647]
2026-05-21 21:20:17,507  __main__  INFO  BAG WFS request  startIndex=0
2026-05-21 21:20:17,912  __main__  INFO  BAG: fetched 354 panden
2026-05-21 21:20:17,912  __main__  INFO  BAG tile 144: bbox=[83500, 434647, 85500, 436647]
2026-05-21 21:20:17,912  __main__  INFO  BAG WFS request  startIndex=0
2026-05-21 21:20:18,504  __main__  INFO  BAG WFS request  startIndex=1000
2026-05-21 21:20:19,553  __main__  INFO  BAG WFS request  startIndex=2000
2026-05-21 21:20:20,124  __main__  INFO  BAG WFS request  startIndex=3000
2026-05-21 21:20:20,539  __main__  INFO  BAG: fetched 3255 panden
2026-05-21 21:20:20,539  __main__  INFO  BAG tile 145: bbox=[83500, 436647, 85500, 438647]
2026-05-21 21:20:20,539  __main__  INFO  BAG WFS request  startIndex=0
2026-05-21 21:20:21,138  __main__  INFO  BAG WFS request  startIndex=1000
2026-05-21 21:20:22,286  __main__  INFO  BAG WFS request  startIndex=2000
2026-05-21 21:20:23,230  __main__  INFO  BAG WFS request  startIndex=3000
2026-05-21 21:20:23,874  __main__  INFO  BAG WFS request  startIndex=4000
2026-05-21 21:20:24,539  __main__  INFO  BAG WFS request  startIndex=5000
2026-05-21 21:20:25,075  __main__  INFO  BAG WFS request  startIndex=6000
2026-05-21 21:20:25,658  __main__  INFO  BAG WFS request  startIndex=7000
2026-05-21 21:20:26,156  __main__  INFO  BAG: fetched 7318 panden
2026-05-21 21:20:26,156  __main__  INFO  BAG tile 146: bbox=[83500, 438647, 85500, 440647]
2026-05-21 21:20:26,156  __main__  INFO  BAG WFS request  startIndex=0
2026-05-21 21:20:26,704  __main__  INFO  BAG WFS request  startIndex=1000
2026-05-21 21:20:27,302  __main__  INFO  BAG WFS request  startIndex=2000
2026-05-21 21:20:27,853  __main__  INFO  BAG WFS request  startIndex=3000
2026-05-21 21:20:28,401  __main__  INFO  BAG WFS request  startIndex=4000
2026-05-21 21:20:29,000  __main__  INFO  BAG WFS request  startIndex=5000
2026-05-21 21:20:29,778  __main__  INFO  BAG WFS request  startIndex=6000
2026-05-21 21:20:30,577  __main__  INFO  BAG: fetched 6783 panden
2026-05-21 21:20:30,577  __main__  INFO  BAG tile 147: bbox=[83500, 440647, 85500, 442647]
2026-05-21 21:20:30,577  __main__  INFO  BAG WFS request  startIndex=0
2026-05-21 21:20:30,941  __main__  INFO  BAG: fetched 139 panden
2026-05-21 21:20:30,941  __main__  INFO  BAG tile 148: bbox=[83500, 442647, 85500, 444647]
2026-05-21 21:20:30,941  __main__  INFO  BAG WFS request  startIndex=0
2026-05-21 21:20:31,471  __main__  INFO  BAG WFS request  startIndex=1000
2026-05-21 21:20:32,056  __main__  INFO  BAG WFS request  startIndex=2000
2026-05-21 21:20:32,618  __main__  INFO  BAG WFS request  startIndex=3000
2026-05-21 21:20:33,167  __main__  INFO  BAG WFS request  startIndex=4000
2026-05-21 21:20:33,635  __main__  INFO  BAG: fetched 4423 panden
2026-05-21 21:20:33,635  __main__  INFO  BAG tile 149: bbox=[83500, 444647, 85500, 446647]
2026-05-21 21:20:33,635  __main__  INFO  BAG WFS request  startIndex=0
2026-05-21 21:20:34,275  __main__  INFO  BAG WFS request  startIndex=1000
2026-05-21 21:20:34,813  __main__  INFO  BAG WFS request  startIndex=2000
2026-05-21 21:20:35,369  __main__  INFO  BAG WFS request  startIndex=3000
2026-05-21 21:20:36,029  __main__  INFO  BAG WFS request  startIndex=4000
2026-05-21 21:20:36,677  __main__  INFO  BAG WFS request  startIndex=5000
2026-05-21 21:20:37,014  __main__  INFO  BAG: fetched 4841 panden
2026-05-21 21:20:37,014  __main__  INFO  BAG tile 150: bbox=[83500, 446647, 85500, 447000]
2026-05-21 21:20:37,014  __main__  INFO  BAG WFS request  startIndex=0
2026-05-21 21:20:37,600  __main__  INFO  BAG WFS request  startIndex=1000
2026-05-21 21:20:38,216  __main__  INFO  BAG WFS request  startIndex=2000
2026-05-21 21:20:38,592  __main__  INFO  BAG: fetched 2062 panden
2026-05-21 21:20:38,592  __main__  INFO  BAG tile 151: bbox=[85500, 428647, 87500, 430647]
2026-05-21 21:20:38,592  __main__  INFO  BAG WFS request  startIndex=0
2026-05-21 21:20:39,156  __main__  INFO  BAG WFS request  startIndex=1000
2026-05-21 21:20:39,719  __main__  INFO  BAG WFS request  startIndex=2000
2026-05-21 21:20:40,261  __main__  INFO  BAG WFS request  startIndex=3000
2026-05-21 21:20:41,001  __main__  INFO  BAG WFS request  startIndex=4000
2026-05-21 21:20:41,561  __main__  INFO  BAG WFS request  startIndex=5000
2026-05-21 21:20:41,979  __main__  INFO  BAG: fetched 5175 panden
2026-05-21 21:20:41,979  __main__  INFO  BAG tile 152: bbox=[85500, 430647, 87500, 432647]
2026-05-21 21:20:41,979  __main__  INFO  BAG WFS request  startIndex=0
2026-05-21 21:20:42,542  __main__  INFO  BAG WFS request  startIndex=1000
2026-05-21 21:20:43,085  __main__  INFO  BAG: fetched 1881 panden
2026-05-21 21:20:43,085  __main__  INFO  BAG tile 153: bbox=[85500, 432647, 87500, 434647]
2026-05-21 21:20:43,085  __main__  INFO  BAG WFS request  startIndex=0
2026-05-21 21:20:43,663  __main__  INFO  BAG WFS request  startIndex=1000
2026-05-21 21:20:44,236  __main__  INFO  BAG WFS request  startIndex=2000
2026-05-21 21:20:44,806  __main__  INFO  BAG WFS request  startIndex=3000
2026-05-21 21:20:45,311  __main__  INFO  BAG: fetched 3883 panden
2026-05-21 21:20:45,312  __main__  INFO  BAG tile 154: bbox=[85500, 434647, 87500, 436647]
2026-05-21 21:20:45,312  __main__  INFO  BAG WFS request  startIndex=0
2026-05-21 21:20:45,898  __main__  INFO  BAG WFS request  startIndex=1000
2026-05-21 21:20:46,510  __main__  INFO  BAG WFS request  startIndex=2000
2026-05-21 21:20:47,289  __main__  INFO  BAG WFS request  startIndex=3000
2026-05-21 21:20:47,889  __main__  INFO  BAG WFS request  startIndex=4000
2026-05-21 21:20:48,508  __main__  INFO  BAG WFS request  startIndex=5000
2026-05-21 21:20:49,153  __main__  INFO  BAG WFS request  startIndex=6000
2026-05-21 21:20:49,518  __main__  INFO  BAG: fetched 5965 panden
2026-05-21 21:20:49,518  __main__  INFO  BAG tile 155: bbox=[85500, 436647, 87500, 438647]
2026-05-21 21:20:49,518  __main__  INFO  BAG WFS request  startIndex=0
2026-05-21 21:20:50,141  __main__  INFO  BAG WFS request  startIndex=1000
2026-05-21 21:20:51,147  __main__  INFO  BAG WFS request  startIndex=2000
2026-05-21 21:20:51,802  __main__  INFO  BAG WFS request  startIndex=3000
2026-05-21 21:20:52,382  __main__  INFO  BAG WFS request  startIndex=4000
2026-05-21 21:20:52,938  __main__  INFO  BAG WFS request  startIndex=5000
2026-05-21 21:20:53,525  __main__  INFO  BAG: fetched 5577 panden
2026-05-21 21:20:53,525  __main__  INFO  BAG tile 156: bbox=[85500, 438647, 87500, 440647]
2026-05-21 21:20:53,525  __main__  INFO  BAG WFS request  startIndex=0
2026-05-21 21:20:54,125  __main__  INFO  BAG WFS request  startIndex=1000
2026-05-21 21:20:55,249  __main__  INFO  BAG WFS request  startIndex=2000
2026-05-21 21:20:55,939  __main__  INFO  BAG WFS request  startIndex=3000
2026-05-21 21:20:59,015  __main__  INFO  BAG WFS request  startIndex=4000
2026-05-21 21:20:59,557  __main__  INFO  BAG: fetched 4452 panden
2026-05-21 21:20:59,557  __main__  INFO  BAG tile 157: bbox=[85500, 440647, 87500, 442647]
2026-05-21 21:20:59,557  __main__  INFO  BAG WFS request  startIndex=0
2026-05-21 21:20:59,941  __main__  INFO  BAG: fetched 276 panden
2026-05-21 21:20:59,941  __main__  INFO  BAG tile 158: bbox=[85500, 442647, 87500, 444647]
2026-05-21 21:20:59,941  __main__  INFO  BAG WFS request  startIndex=0
2026-05-21 21:21:00,429  __main__  INFO  BAG: fetched 298 panden
2026-05-21 21:21:00,429  __main__  INFO  BAG tile 159: bbox=[85500, 444647, 87500, 446647]
2026-05-21 21:21:00,429  __main__  INFO  BAG WFS request  startIndex=0
2026-05-21 21:21:01,143  __main__  INFO  BAG WFS request  startIndex=1000
2026-05-21 21:21:01,882  __main__  INFO  BAG WFS request  startIndex=2000
2026-05-21 21:21:02,588  __main__  INFO  BAG WFS request  startIndex=3000
2026-05-21 21:21:03,472  __main__  INFO  BAG: fetched 3445 panden
2026-05-21 21:21:03,472  __main__  INFO  BAG tile 160: bbox=[85500, 446647, 87500, 447000]
2026-05-21 21:21:03,472  __main__  INFO  BAG WFS request  startIndex=0
2026-05-21 21:21:04,155  __main__  INFO  BAG WFS request  startIndex=1000
2026-05-21 21:21:04,806  __main__  INFO  BAG WFS request  startIndex=2000
2026-05-21 21:21:05,296  __main__  INFO  BAG: fetched 2138 panden
2026-05-21 21:21:05,296  __main__  INFO  BAG tile 161: bbox=[87500, 428647, 89500, 430647]
2026-05-21 21:21:05,296  __main__  INFO  BAG WFS request  startIndex=0
2026-05-21 21:21:05,993  __main__  INFO  BAG WFS request  startIndex=1000
2026-05-21 21:21:06,736  __main__  INFO  BAG WFS request  startIndex=2000
2026-05-21 21:21:07,500  __main__  INFO  BAG WFS request  startIndex=3000
2026-05-21 21:21:08,204  __main__  INFO  BAG WFS request  startIndex=4000
2026-05-21 21:21:09,318  __main__  INFO  BAG WFS request  startIndex=5000
2026-05-21 21:21:09,828  __main__  INFO  BAG: fetched 5103 panden
2026-05-21 21:21:09,828  __main__  INFO  BAG tile 162: bbox=[87500, 430647, 89500, 432647]
2026-05-21 21:21:09,828  __main__  INFO  BAG WFS request  startIndex=0
2026-05-21 21:21:10,525  __main__  INFO  BAG WFS request  startIndex=1000
2026-05-21 21:21:11,061  __main__  INFO  BAG: fetched 1324 panden
2026-05-21 21:21:11,061  __main__  INFO  BAG tile 163: bbox=[87500, 432647, 89500, 434647]
2026-05-21 21:21:11,061  __main__  INFO  BAG WFS request  startIndex=0
2026-05-21 21:21:11,871  __main__  INFO  BAG WFS request  startIndex=1000
2026-05-21 21:21:12,454  __main__  INFO  BAG: fetched 1560 panden
2026-05-21 21:21:12,454  __main__  INFO  BAG tile 164: bbox=[87500, 434647, 89500, 436647]
2026-05-21 21:21:12,454  __main__  INFO  BAG WFS request  startIndex=0
2026-05-21 21:21:13,204  __main__  INFO  BAG WFS request  startIndex=1000
2026-05-21 21:21:13,662  __main__  INFO  BAG: fetched 1004 panden
2026-05-21 21:21:13,662  __main__  INFO  BAG tile 165: bbox=[87500, 436647, 89500, 438647]
2026-05-21 21:21:13,662  __main__  INFO  BAG WFS request  startIndex=0
2026-05-21 21:21:14,411  __main__  INFO  BAG WFS request  startIndex=1000
2026-05-21 21:21:15,222  __main__  INFO  BAG WFS request  startIndex=2000
2026-05-21 21:21:15,881  __main__  INFO  BAG WFS request  startIndex=3000
2026-05-21 21:21:16,585  __main__  INFO  BAG WFS request  startIndex=4000
2026-05-21 21:21:17,407  __main__  INFO  BAG WFS request  startIndex=5000
2026-05-21 21:21:17,923  __main__  INFO  BAG: fetched 5164 panden
2026-05-21 21:21:17,923  __main__  INFO  BAG tile 166: bbox=[87500, 438647, 89500, 440647]
2026-05-21 21:21:17,923  __main__  INFO  BAG WFS request  startIndex=0
2026-05-21 21:21:18,616  __main__  INFO  BAG WFS request  startIndex=1000
2026-05-21 21:21:19,327  __main__  INFO  BAG WFS request  startIndex=2000
2026-05-21 21:21:20,063  __main__  INFO  BAG WFS request  startIndex=3000
2026-05-21 21:21:20,748  __main__  INFO  BAG WFS request  startIndex=4000
2026-05-21 21:21:21,452  __main__  INFO  BAG: fetched 4603 panden
2026-05-21 21:21:21,453  __main__  INFO  BAG tile 167: bbox=[87500, 440647, 89500, 442647]
2026-05-21 21:21:21,453  __main__  INFO  BAG WFS request  startIndex=0
2026-05-21 21:21:21,964  __main__  INFO  BAG: fetched 159 panden
2026-05-21 21:21:21,964  __main__  INFO  BAG tile 168: bbox=[87500, 442647, 89500, 444647]
2026-05-21 21:21:21,964  __main__  INFO  BAG WFS request  startIndex=0
2026-05-21 21:21:22,570  __main__  INFO  BAG: fetched 415 panden
2026-05-21 21:21:22,570  __main__  INFO  BAG tile 169: bbox=[87500, 444647, 89500, 446647]
2026-05-21 21:21:22,570  __main__  INFO  BAG WFS request  startIndex=0
2026-05-21 21:21:23,129  __main__  INFO  BAG: fetched 400 panden
2026-05-21 21:21:23,129  __main__  INFO  BAG tile 170: bbox=[87500, 446647, 89500, 447000]
2026-05-21 21:21:23,129  __main__  INFO  BAG WFS request  startIndex=0
2026-05-21 21:21:23,636  __main__  INFO  BAG: fetched 154 panden
2026-05-21 21:21:23,636  __main__  INFO  BAG tile 171: bbox=[89500, 428647, 91500, 430647]
2026-05-21 21:21:23,637  __main__  INFO  BAG WFS request  startIndex=0
2026-05-21 21:21:24,202  __main__  INFO  BAG: fetched 421 panden
2026-05-21 21:21:24,203  __main__  INFO  BAG tile 172: bbox=[89500, 430647, 91500, 432647]
2026-05-21 21:21:24,203  __main__  INFO  BAG WFS request  startIndex=0
2026-05-21 21:21:25,220  __main__  INFO  BAG WFS request  startIndex=1000
2026-05-21 21:21:26,003  __main__  INFO  BAG WFS request  startIndex=2000
2026-05-21 21:21:26,551  __main__  INFO  BAG: fetched 2263 panden
2026-05-21 21:21:26,551  __main__  INFO  BAG tile 173: bbox=[89500, 432647, 91500, 434647]
2026-05-21 21:21:26,551  __main__  INFO  BAG WFS request  startIndex=0
2026-05-21 21:21:27,319  __main__  INFO  BAG WFS request  startIndex=1000
2026-05-21 21:21:28,006  __main__  INFO  BAG WFS request  startIndex=2000
2026-05-21 21:21:28,588  __main__  INFO  BAG: fetched 2042 panden
2026-05-21 21:21:28,588  __main__  INFO  BAG tile 174: bbox=[89500, 434647, 91500, 436647]
2026-05-21 21:21:28,588  __main__  INFO  BAG WFS request  startIndex=0
2026-05-21 21:21:29,729  __main__  INFO  BAG WFS request  startIndex=1000
2026-05-21 21:21:30,471  __main__  INFO  BAG WFS request  startIndex=2000
2026-05-21 21:21:31,429  __main__  INFO  BAG WFS request  startIndex=3000
2026-05-21 21:21:33,136  __main__  INFO  BAG WFS request  startIndex=4000
2026-05-21 21:21:33,884  __main__  INFO  BAG WFS request  startIndex=5000
2026-05-21 21:21:34,496  __main__  INFO  BAG: fetched 5381 panden
2026-05-21 21:21:34,496  __main__  INFO  BAG tile 175: bbox=[89500, 436647, 91500, 438647]
2026-05-21 21:21:34,496  __main__  INFO  BAG WFS request  startIndex=0
2026-05-21 21:21:35,333  __main__  INFO  BAG WFS request  startIndex=1000
2026-05-21 21:21:36,038  __main__  INFO  BAG WFS request  startIndex=2000
2026-05-21 21:21:36,788  __main__  INFO  BAG WFS request  startIndex=3000
2026-05-21 21:21:37,911  __main__  INFO  BAG WFS request  startIndex=4000
2026-05-21 21:21:38,744  __main__  INFO  BAG WFS request  startIndex=5000
2026-05-21 21:21:39,475  __main__  INFO  BAG WFS request  startIndex=6000
2026-05-21 21:21:40,212  __main__  INFO  BAG: fetched 6956 panden
2026-05-21 21:21:40,212  __main__  INFO  BAG tile 176: bbox=[89500, 438647, 91500, 440647]
2026-05-21 21:21:40,212  __main__  INFO  BAG WFS request  startIndex=0
2026-05-21 21:21:41,073  __main__  INFO  BAG WFS request  startIndex=1000
2026-05-21 21:21:41,781  __main__  INFO  BAG WFS request  startIndex=2000
2026-05-21 21:21:42,457  __main__  INFO  BAG WFS request  startIndex=3000
2026-05-21 21:21:43,182  __main__  INFO  BAG WFS request  startIndex=4000
2026-05-21 21:21:44,170  __main__  INFO  BAG WFS request  startIndex=5000
2026-05-21 21:21:44,885  __main__  INFO  BAG WFS request  startIndex=6000
2026-05-21 21:21:45,323  __main__  INFO  BAG: fetched 5915 panden
2026-05-21 21:21:45,324  __main__  INFO  BAG tile 177: bbox=[89500, 440647, 91500, 442647]
2026-05-21 21:21:45,324  __main__  INFO  BAG WFS request  startIndex=0
2026-05-21 21:21:45,884  __main__  INFO  BAG: fetched 541 panden
2026-05-21 21:21:45,884  __main__  INFO  BAG tile 178: bbox=[89500, 442647, 91500, 444647]
2026-05-21 21:21:45,884  __main__  INFO  BAG WFS request  startIndex=0
2026-05-21 21:21:46,599  __main__  INFO  BAG WFS request  startIndex=1000
2026-05-21 21:21:47,370  __main__  INFO  BAG WFS request  startIndex=2000
2026-05-21 21:21:48,108  __main__  INFO  BAG: fetched 2975 panden
2026-05-21 21:21:48,108  __main__  INFO  BAG tile 179: bbox=[89500, 444647, 91500, 446647]
2026-05-21 21:21:48,108  __main__  INFO  BAG WFS request  startIndex=0
2026-05-21 21:21:49,320  __main__  INFO  BAG WFS request  startIndex=1000
2026-05-21 21:21:50,080  __main__  INFO  BAG WFS request  startIndex=2000
2026-05-21 21:21:50,763  __main__  INFO  BAG WFS request  startIndex=3000
2026-05-21 21:21:51,471  __main__  INFO  BAG WFS request  startIndex=4000
2026-05-21 21:21:52,319  __main__  INFO  BAG WFS request  startIndex=5000
2026-05-21 21:21:53,101  __main__  INFO  BAG: fetched 5355 panden
2026-05-21 21:21:53,101  __main__  INFO  BAG tile 180: bbox=[89500, 446647, 91500, 447000]
2026-05-21 21:21:53,101  __main__  INFO  BAG WFS request  startIndex=0
2026-05-21 21:21:53,811  __main__  INFO  BAG WFS request  startIndex=1000
2026-05-21 21:21:54,447  __main__  INFO  BAG: fetched 1719 panden
2026-05-21 21:21:54,447  __main__  INFO  BAG tile 181: bbox=[91500, 428647, 93500, 430647]
2026-05-21 21:21:54,447  __main__  INFO  BAG WFS request  startIndex=0
2026-05-21 21:21:55,204  __main__  INFO  BAG WFS request  startIndex=1000
2026-05-21 21:21:55,964  __main__  INFO  BAG WFS request  startIndex=2000
2026-05-21 21:21:56,675  __main__  INFO  BAG WFS request  startIndex=3000
2026-05-21 21:21:57,348  __main__  INFO  BAG WFS request  startIndex=4000
2026-05-21 21:21:58,044  __main__  INFO  BAG WFS request  startIndex=5000
2026-05-21 21:21:58,808  __main__  INFO  BAG WFS request  startIndex=6000
2026-05-21 21:21:59,474  __main__  INFO  BAG: fetched 6678 panden
2026-05-21 21:21:59,474  __main__  INFO  BAG tile 182: bbox=[91500, 430647, 93500, 432647]
2026-05-21 21:21:59,474  __main__  INFO  BAG WFS request  startIndex=0
2026-05-21 21:22:00,152  __main__  INFO  BAG WFS request  startIndex=1000
2026-05-21 21:22:00,921  __main__  INFO  BAG WFS request  startIndex=2000
2026-05-21 21:22:01,751  __main__  INFO  BAG WFS request  startIndex=3000
2026-05-21 21:22:02,425  __main__  INFO  BAG WFS request  startIndex=4000
2026-05-21 21:22:03,274  __main__  INFO  BAG WFS request  startIndex=5000
2026-05-21 21:22:03,886  __main__  INFO  BAG: fetched 5500 panden
2026-05-21 21:22:03,886  __main__  INFO  BAG tile 183: bbox=[91500, 432647, 93500, 434647]
2026-05-21 21:22:03,886  __main__  INFO  BAG WFS request  startIndex=0
2026-05-21 21:22:04,576  __main__  INFO  BAG WFS request  startIndex=1000
2026-05-21 21:22:05,280  __main__  INFO  BAG WFS request  startIndex=2000
2026-05-21 21:22:05,969  __main__  INFO  BAG WFS request  startIndex=3000
2026-05-21 21:22:06,679  __main__  INFO  BAG WFS request  startIndex=4000
2026-05-21 21:22:07,365  __main__  INFO  BAG WFS request  startIndex=5000
2026-05-21 21:22:08,044  __main__  INFO  BAG WFS request  startIndex=6000
2026-05-21 21:22:08,755  __main__  INFO  BAG WFS request  startIndex=7000
2026-05-21 21:22:09,469  __main__  INFO  BAG WFS request  startIndex=8000
2026-05-21 21:22:10,193  __main__  INFO  BAG WFS request  startIndex=9000
2026-05-21 21:22:10,832  __main__  INFO  BAG: fetched 9312 panden
2026-05-21 21:22:10,832  __main__  INFO  BAG tile 184: bbox=[91500, 434647, 93500, 436647]
2026-05-21 21:22:10,832  __main__  INFO  BAG WFS request  startIndex=0
2026-05-21 21:22:11,728  __main__  INFO  BAG WFS request  startIndex=1000
2026-05-21 21:22:12,424  __main__  INFO  BAG WFS request  startIndex=2000
2026-05-21 21:22:12,933  __main__  INFO  BAG: fetched 2204 panden
2026-05-21 21:22:12,933  __main__  INFO  BAG tile 185: bbox=[91500, 436647, 93500, 438647]
2026-05-21 21:22:12,933  __main__  INFO  BAG WFS request  startIndex=0
2026-05-21 21:22:13,695  __main__  INFO  BAG WFS request  startIndex=1000
2026-05-21 21:22:14,454  __main__  INFO  BAG WFS request  startIndex=2000
2026-05-21 21:22:15,426  __main__  INFO  BAG WFS request  startIndex=3000
2026-05-21 21:22:16,694  __main__  INFO  BAG WFS request  startIndex=4000
2026-05-21 21:22:18,168  __main__  INFO  BAG WFS request  startIndex=5000
2026-05-21 21:22:20,173  __main__  INFO  BAG WFS request  startIndex=6000
2026-05-21 21:22:20,633  __main__  INFO  BAG: fetched 5983 panden
2026-05-21 21:22:20,633  __main__  INFO  BAG tile 186: bbox=[91500, 438647, 93500, 440647]
2026-05-21 21:22:20,633  __main__  INFO  BAG WFS request  startIndex=0
2026-05-21 21:22:21,494  __main__  INFO  BAG WFS request  startIndex=1000
2026-05-21 21:22:22,256  __main__  INFO  BAG WFS request  startIndex=2000
2026-05-21 21:22:22,989  __main__  INFO  BAG WFS request  startIndex=3000
2026-05-21 21:22:24,473  __main__  INFO  BAG WFS request  startIndex=4000
2026-05-21 21:22:25,683  __main__  INFO  BAG WFS request  startIndex=5000
2026-05-21 21:22:27,002  __main__  INFO  BAG WFS request  startIndex=6000
2026-05-21 21:22:27,585  __main__  INFO  BAG WFS request  startIndex=7000
2026-05-21 21:22:28,176  __main__  INFO  BAG WFS request  startIndex=8000
2026-05-21 21:22:28,771  __main__  INFO  BAG WFS request  startIndex=9000
2026-05-21 21:22:29,446  __main__  INFO  BAG: fetched 9292 panden
2026-05-21 21:22:29,446  __main__  INFO  BAG tile 187: bbox=[91500, 440647, 93500, 442647]
2026-05-21 21:22:29,446  __main__  INFO  BAG WFS request  startIndex=0
2026-05-21 21:22:30,050  __main__  INFO  BAG WFS request  startIndex=1000
2026-05-21 21:22:30,622  __main__  INFO  BAG WFS request  startIndex=2000
2026-05-21 21:22:31,406  __main__  INFO  BAG WFS request  startIndex=3000
2026-05-21 21:22:31,991  __main__  INFO  BAG WFS request  startIndex=4000
2026-05-21 21:22:32,596  __main__  INFO  BAG WFS request  startIndex=5000
2026-05-21 21:22:33,151  __main__  INFO  BAG WFS request  startIndex=6000
2026-05-21 21:22:33,744  __main__  INFO  BAG WFS request  startIndex=7000
2026-05-21 21:22:34,313  __main__  INFO  BAG: fetched 7651 panden
2026-05-21 21:22:34,313  __main__  INFO  BAG tile 188: bbox=[91500, 442647, 93500, 444647]
2026-05-21 21:22:34,313  __main__  INFO  BAG WFS request  startIndex=0
2026-05-21 21:22:34,893  __main__  INFO  BAG WFS request  startIndex=1000
2026-05-21 21:22:35,435  __main__  INFO  BAG WFS request  startIndex=2000
2026-05-21 21:22:36,066  __main__  INFO  BAG WFS request  startIndex=3000
2026-05-21 21:22:36,477  __main__  INFO  BAG: fetched 3030 panden
2026-05-21 21:22:36,477  __main__  INFO  BAG tile 189: bbox=[91500, 444647, 93500, 446647]
2026-05-21 21:22:36,477  __main__  INFO  BAG WFS request  startIndex=0
2026-05-21 21:22:37,061  __main__  INFO  BAG WFS request  startIndex=1000
2026-05-21 21:22:37,835  __main__  INFO  BAG WFS request  startIndex=2000
2026-05-21 21:22:38,479  __main__  INFO  BAG WFS request  startIndex=3000
2026-05-21 21:22:39,066  __main__  INFO  BAG WFS request  startIndex=4000
2026-05-21 21:22:39,679  __main__  INFO  BAG WFS request  startIndex=5000
2026-05-21 21:22:40,676  __main__  INFO  BAG WFS request  startIndex=6000
2026-05-21 21:22:41,259  __main__  INFO  BAG WFS request  startIndex=7000
2026-05-21 21:22:41,908  __main__  INFO  BAG WFS request  startIndex=8000
2026-05-21 21:22:42,471  __main__  INFO  BAG WFS request  startIndex=9000
2026-05-21 21:22:43,064  __main__  INFO  BAG WFS request  startIndex=10000
2026-05-21 21:22:43,530  __main__  INFO  BAG: fetched 10390 panden
2026-05-21 21:22:43,530  __main__  INFO  BAG tile 190: bbox=[91500, 446647, 93500, 447000]
2026-05-21 21:22:43,531  __main__  INFO  BAG WFS request  startIndex=0
2026-05-21 21:22:44,104  __main__  INFO  BAG WFS request  startIndex=1000
2026-05-21 21:22:44,420  __main__  INFO  BAG: fetched 1085 panden
2026-05-21 21:22:44,420  __main__  INFO  BAG tile 191: bbox=[93500, 428647, 95500, 430647]
2026-05-21 21:22:44,420  __main__  INFO  BAG WFS request  startIndex=0
2026-05-21 21:22:45,062  __main__  INFO  BAG WFS request  startIndex=1000
2026-05-21 21:22:45,619  __main__  INFO  BAG WFS request  startIndex=2000
2026-05-21 21:22:46,240  __main__  INFO  BAG WFS request  startIndex=3000
2026-05-21 21:22:46,833  __main__  INFO  BAG WFS request  startIndex=4000
2026-05-21 21:22:47,487  __main__  INFO  BAG WFS request  startIndex=5000
2026-05-21 21:22:48,094  __main__  INFO  BAG WFS request  startIndex=6000
2026-05-21 21:22:48,708  __main__  INFO  BAG WFS request  startIndex=7000
2026-05-21 21:22:49,280  __main__  INFO  BAG WFS request  startIndex=8000
2026-05-21 21:22:49,839  __main__  INFO  BAG WFS request  startIndex=9000
2026-05-21 21:22:50,244  __main__  INFO  BAG: fetched 9065 panden
2026-05-21 21:22:50,244  __main__  INFO  BAG tile 192: bbox=[93500, 430647, 95500, 432647]
2026-05-21 21:22:50,244  __main__  INFO  BAG WFS request  startIndex=0
2026-05-21 21:22:50,784  __main__  INFO  BAG WFS request  startIndex=1000
2026-05-21 21:22:51,376  __main__  INFO  BAG WFS request  startIndex=2000
2026-05-21 21:22:51,910  __main__  INFO  BAG WFS request  startIndex=3000
2026-05-21 21:22:52,441  __main__  INFO  BAG WFS request  startIndex=4000
2026-05-21 21:22:52,879  __main__  INFO  BAG: fetched 4413 panden
2026-05-21 21:22:52,879  __main__  INFO  BAG tile 193: bbox=[93500, 432647, 95500, 434647]
2026-05-21 21:22:52,879  __main__  INFO  BAG WFS request  startIndex=0
2026-05-21 21:22:53,447  __main__  INFO  BAG WFS request  startIndex=1000
2026-05-21 21:22:54,024  __main__  INFO  BAG WFS request  startIndex=2000
2026-05-21 21:22:54,615  __main__  INFO  BAG WFS request  startIndex=3000
2026-05-21 21:22:55,216  __main__  INFO  BAG WFS request  startIndex=4000
2026-05-21 21:22:55,860  __main__  INFO  BAG WFS request  startIndex=5000
2026-05-21 21:22:56,472  __main__  INFO  BAG WFS request  startIndex=6000
2026-05-21 21:22:57,051  __main__  INFO  BAG WFS request  startIndex=7000
2026-05-21 21:22:57,620  __main__  INFO  BAG WFS request  startIndex=8000
2026-05-21 21:22:58,181  __main__  INFO  BAG WFS request  startIndex=9000
2026-05-21 21:22:58,760  __main__  INFO  BAG WFS request  startIndex=10000
2026-05-21 21:22:59,359  __main__  INFO  BAG WFS request  startIndex=11000
2026-05-21 21:22:59,945  __main__  INFO  BAG WFS request  startIndex=12000
2026-05-21 21:23:00,512  __main__  INFO  BAG WFS request  startIndex=13000
2026-05-21 21:23:01,129  __main__  INFO  BAG WFS request  startIndex=14000
2026-05-21 21:23:01,780  __main__  INFO  BAG WFS request  startIndex=15000
2026-05-21 21:23:02,438  __main__  INFO  BAG WFS request  startIndex=16000
2026-05-21 21:23:03,121  __main__  INFO  BAG WFS request  startIndex=17000
2026-05-21 21:23:04,090  __main__  INFO  BAG WFS request  startIndex=18000
2026-05-21 21:23:05,229  __main__  INFO  BAG: fetched 18677 panden
2026-05-21 21:23:05,229  __main__  INFO  BAG tile 194: bbox=[93500, 434647, 95500, 436647]
2026-05-21 21:23:05,229  __main__  INFO  BAG WFS request  startIndex=0
2026-05-21 21:23:05,878  __main__  INFO  BAG WFS request  startIndex=1000
2026-05-21 21:23:06,555  __main__  INFO  BAG WFS request  startIndex=2000
2026-05-21 21:23:07,147  __main__  INFO  BAG WFS request  startIndex=3000
2026-05-21 21:23:07,733  __main__  INFO  BAG WFS request  startIndex=4000
2026-05-21 21:23:08,285  __main__  INFO  BAG: fetched 4500 panden
2026-05-21 21:23:08,285  __main__  INFO  BAG tile 195: bbox=[93500, 436647, 95500, 438647]
2026-05-21 21:23:08,285  __main__  INFO  BAG WFS request  startIndex=0
2026-05-21 21:23:09,288  __main__  INFO  BAG WFS request  startIndex=1000
2026-05-21 21:23:09,870  __main__  INFO  BAG WFS request  startIndex=2000
2026-05-21 21:23:10,509  __main__  INFO  BAG WFS request  startIndex=3000
2026-05-21 21:23:11,154  __main__  INFO  BAG WFS request  startIndex=4000
2026-05-21 21:23:11,726  __main__  INFO  BAG WFS request  startIndex=5000
2026-05-21 21:23:12,275  __main__  INFO  BAG: fetched 5732 panden
2026-05-21 21:23:12,275  __main__  INFO  BAG tile 196: bbox=[93500, 438647, 95500, 440647]
2026-05-21 21:23:12,275  __main__  INFO  BAG WFS request  startIndex=0
2026-05-21 21:23:12,847  __main__  INFO  BAG WFS request  startIndex=1000
2026-05-21 21:23:13,378  __main__  INFO  BAG WFS request  startIndex=2000
2026-05-21 21:23:13,803  __main__  INFO  BAG: fetched 2010 panden
2026-05-21 21:23:13,803  __main__  INFO  BAG tile 197: bbox=[93500, 440647, 95500, 442647]
2026-05-21 21:23:13,803  __main__  INFO  BAG WFS request  startIndex=0
2026-05-21 21:23:14,564  __main__  INFO  BAG WFS request  startIndex=1000
2026-05-21 21:23:15,126  __main__  INFO  BAG WFS request  startIndex=2000
2026-05-21 21:23:16,023  __main__  INFO  BAG WFS request  startIndex=3000
2026-05-21 21:23:16,636  __main__  INFO  BAG WFS request  startIndex=4000
2026-05-21 21:23:17,329  __main__  INFO  BAG WFS request  startIndex=5000
2026-05-21 21:23:17,922  __main__  INFO  BAG WFS request  startIndex=6000
2026-05-21 21:23:18,405  __main__  INFO  BAG: fetched 6290 panden
2026-05-21 21:23:18,405  __main__  INFO  BAG tile 198: bbox=[93500, 442647, 95500, 444647]
2026-05-21 21:23:18,405  __main__  INFO  BAG WFS request  startIndex=0
2026-05-21 21:23:18,988  __main__  INFO  BAG WFS request  startIndex=1000
2026-05-21 21:23:19,531  __main__  INFO  BAG WFS request  startIndex=2000
2026-05-21 21:23:20,119  __main__  INFO  BAG WFS request  startIndex=3000
2026-05-21 21:23:20,481  __main__  INFO  BAG: fetched 3004 panden
2026-05-21 21:23:20,482  __main__  INFO  BAG tile 199: bbox=[93500, 444647, 95500, 446647]
2026-05-21 21:23:20,482  __main__  INFO  BAG WFS request  startIndex=0
2026-05-21 21:23:21,046  __main__  INFO  BAG WFS request  startIndex=1000
2026-05-21 21:23:22,244  __main__  INFO  BAG WFS request  startIndex=2000
2026-05-21 21:23:23,105  __main__  INFO  BAG WFS request  startIndex=3000
2026-05-21 21:23:23,934  __main__  INFO  BAG WFS request  startIndex=4000
2026-05-21 21:23:24,538  __main__  INFO  BAG WFS request  startIndex=5000
2026-05-21 21:23:25,199  __main__  INFO  BAG WFS request  startIndex=6000
2026-05-21 21:23:26,239  __main__  INFO  BAG: fetched 6799 panden
2026-05-21 21:23:26,239  __main__  INFO  BAG tile 200: bbox=[93500, 446647, 95500, 447000]
2026-05-21 21:23:26,239  __main__  INFO  BAG WFS request  startIndex=0
2026-05-21 21:23:26,669  __main__  INFO  BAG: fetched 459 panden
2026-05-21 21:23:26,669  __main__  INFO  BAG tile 201: bbox=[95500, 428647, 97500, 430647]
2026-05-21 21:23:26,669  __main__  INFO  BAG WFS request  startIndex=0
2026-05-21 21:23:27,191  __main__  INFO  BAG WFS request  startIndex=1000
2026-05-21 21:23:27,770  __main__  INFO  BAG WFS request  startIndex=2000
2026-05-21 21:23:28,324  __main__  INFO  BAG WFS request  startIndex=3000
2026-05-21 21:23:28,899  __main__  INFO  BAG WFS request  startIndex=4000
2026-05-21 21:23:29,701  __main__  INFO  BAG WFS request  startIndex=5000
2026-05-21 21:23:30,327  __main__  INFO  BAG WFS request  startIndex=6000
2026-05-21 21:23:30,916  __main__  INFO  BAG WFS request  startIndex=7000
2026-05-21 21:23:31,485  __main__  INFO  BAG WFS request  startIndex=8000
2026-05-21 21:23:32,173  __main__  INFO  BAG WFS request  startIndex=9000
2026-05-21 21:23:32,751  __main__  INFO  BAG WFS request  startIndex=10000
2026-05-21 21:23:33,347  __main__  INFO  BAG WFS request  startIndex=11000
2026-05-21 21:23:33,940  __main__  INFO  BAG WFS request  startIndex=12000
2026-05-21 21:23:34,615  __main__  INFO  BAG WFS request  startIndex=13000
2026-05-21 21:23:35,092  __main__  INFO  BAG: fetched 13092 panden
2026-05-21 21:23:35,092  __main__  INFO  BAG tile 202: bbox=[95500, 430647, 97500, 432647]
2026-05-21 21:23:35,092  __main__  INFO  BAG WFS request  startIndex=0
2026-05-21 21:23:35,701  __main__  INFO  BAG WFS request  startIndex=1000
2026-05-21 21:23:36,328  __main__  INFO  BAG WFS request  startIndex=2000
2026-05-21 21:23:36,916  __main__  INFO  BAG WFS request  startIndex=3000
2026-05-21 21:23:37,461  __main__  INFO  BAG WFS request  startIndex=4000
2026-05-21 21:23:38,011  __main__  INFO  BAG: fetched 4753 panden
2026-05-21 21:23:38,011  __main__  INFO  BAG tile 203: bbox=[95500, 432647, 97500, 434647]
2026-05-21 21:23:38,012  __main__  INFO  BAG WFS request  startIndex=0
2026-05-21 21:23:38,630  __main__  INFO  BAG WFS request  startIndex=1000
2026-05-21 21:23:39,427  __main__  INFO  BAG WFS request  startIndex=2000
2026-05-21 21:23:40,064  __main__  INFO  BAG WFS request  startIndex=3000
2026-05-21 21:23:40,602  __main__  INFO  BAG WFS request  startIndex=4000
2026-05-21 21:23:41,176  __main__  INFO  BAG WFS request  startIndex=5000
2026-05-21 21:23:41,651  __main__  INFO  BAG: fetched 5298 panden
2026-05-21 21:23:41,652  __main__  INFO  BAG tile 204: bbox=[95500, 434647, 97500, 436647]
2026-05-21 21:23:41,652  __main__  INFO  BAG WFS request  startIndex=0
2026-05-21 21:23:42,225  __main__  INFO  BAG WFS request  startIndex=1000
2026-05-21 21:23:42,716  __main__  INFO  BAG: fetched 1829 panden
2026-05-21 21:23:42,716  __main__  INFO  BAG tile 205: bbox=[95500, 436647, 97500, 438647]
2026-05-21 21:23:42,716  __main__  INFO  BAG WFS request  startIndex=0
2026-05-21 21:23:43,228  __main__  INFO  BAG WFS request  startIndex=1000
2026-05-21 21:23:43,988  __main__  INFO  BAG WFS request  startIndex=2000
2026-05-21 21:23:44,583  __main__  INFO  BAG WFS request  startIndex=3000
2026-05-21 21:23:45,193  __main__  INFO  BAG WFS request  startIndex=4000
2026-05-21 21:23:45,785  __main__  INFO  BAG WFS request  startIndex=5000
2026-05-21 21:23:46,158  __main__  INFO  BAG: fetched 4995 panden
2026-05-21 21:23:46,159  __main__  INFO  BAG tile 206: bbox=[95500, 438647, 97500, 440647]
2026-05-21 21:23:46,159  __main__  INFO  BAG WFS request  startIndex=0
2026-05-21 21:23:47,288  __main__  INFO  BAG WFS request  startIndex=1000
2026-05-21 21:23:47,878  __main__  INFO  BAG WFS request  startIndex=2000
2026-05-21 21:23:48,426  __main__  INFO  BAG WFS request  startIndex=3000
2026-05-21 21:23:49,240  __main__  INFO  BAG: fetched 3548 panden
2026-05-21 21:23:49,240  __main__  INFO  BAG tile 207: bbox=[95500, 440647, 97500, 442647]
2026-05-21 21:23:49,240  __main__  INFO  BAG WFS request  startIndex=0
2026-05-21 21:23:49,779  __main__  INFO  BAG WFS request  startIndex=1000
2026-05-21 21:23:50,743  __main__  INFO  BAG WFS request  startIndex=2000
2026-05-21 21:23:51,291  __main__  INFO  BAG WFS request  startIndex=3000
2026-05-21 21:23:51,832  __main__  INFO  BAG WFS request  startIndex=4000
2026-05-21 21:23:52,383  __main__  INFO  BAG WFS request  startIndex=5000
2026-05-21 21:23:52,961  __main__  INFO  BAG WFS request  startIndex=6000
2026-05-21 21:23:53,377  __main__  INFO  BAG: fetched 6167 panden
2026-05-21 21:23:53,377  __main__  INFO  BAG tile 208: bbox=[95500, 442647, 97500, 444647]
2026-05-21 21:23:53,377  __main__  INFO  BAG WFS request  startIndex=0
2026-05-21 21:23:53,915  __main__  INFO  BAG: fetched 602 panden
2026-05-21 21:23:53,915  __main__  INFO  BAG tile 209: bbox=[95500, 444647, 97500, 446647]
2026-05-21 21:23:53,915  __main__  INFO  BAG WFS request  startIndex=0
2026-05-21 21:23:54,481  __main__  INFO  BAG WFS request  startIndex=1000
2026-05-21 21:23:54,838  __main__  INFO  BAG: fetched 1068 panden
2026-05-21 21:23:54,838  __main__  INFO  BAG tile 210: bbox=[95500, 446647, 97500, 447000]
2026-05-21 21:23:54,838  __main__  INFO  BAG WFS request  startIndex=0
2026-05-21 21:23:55,393  __main__  INFO  BAG WFS request  startIndex=1000
2026-05-21 21:23:55,892  __main__  INFO  BAG: fetched 1650 panden
2026-05-21 21:23:55,892  __main__  INFO  BAG tile 211: bbox=[97500, 428647, 99500, 430647]
2026-05-21 21:23:55,892  __main__  INFO  BAG WFS request  startIndex=0
2026-05-21 21:23:56,478  __main__  INFO  BAG WFS request  startIndex=1000
2026-05-21 21:23:57,040  __main__  INFO  BAG: fetched 1703 panden
2026-05-21 21:23:57,040  __main__  INFO  BAG tile 212: bbox=[97500, 430647, 99500, 432647]
2026-05-21 21:23:57,040  __main__  INFO  BAG WFS request  startIndex=0
2026-05-21 21:23:57,592  __main__  INFO  BAG: fetched 720 panden
2026-05-21 21:23:57,592  __main__  INFO  BAG tile 213: bbox=[97500, 432647, 99500, 434647]
2026-05-21 21:23:57,592  __main__  INFO  BAG WFS request  startIndex=0
2026-05-21 21:23:58,148  __main__  INFO  BAG WFS request  startIndex=1000
2026-05-21 21:23:59,175  __main__  INFO  BAG WFS request  startIndex=2000
2026-05-21 21:23:59,752  __main__  INFO  BAG WFS request  startIndex=3000
2026-05-21 21:24:00,328  __main__  INFO  BAG WFS request  startIndex=4000
2026-05-21 21:24:00,951  __main__  INFO  BAG WFS request  startIndex=5000
2026-05-21 21:24:01,557  __main__  INFO  BAG WFS request  startIndex=6000
2026-05-21 21:24:02,352  __main__  INFO  BAG WFS request  startIndex=7000
2026-05-21 21:24:02,874  __main__  INFO  BAG WFS request  startIndex=8000
2026-05-21 21:24:03,430  __main__  INFO  BAG WFS request  startIndex=9000
2026-05-21 21:24:03,946  __main__  INFO  BAG: fetched 9667 panden
2026-05-21 21:24:03,946  __main__  INFO  BAG tile 214: bbox=[97500, 434647, 99500, 436647]
2026-05-21 21:24:03,946  __main__  INFO  BAG WFS request  startIndex=0
2026-05-21 21:24:04,501  __main__  INFO  BAG WFS request  startIndex=1000
2026-05-21 21:24:05,080  __main__  INFO  BAG WFS request  startIndex=2000
2026-05-21 21:24:05,623  __main__  INFO  BAG WFS request  startIndex=3000
2026-05-21 21:24:06,183  __main__  INFO  BAG WFS request  startIndex=4000
2026-05-21 21:24:06,769  __main__  INFO  BAG WFS request  startIndex=5000
2026-05-21 21:24:07,355  __main__  INFO  BAG WFS request  startIndex=6000
2026-05-21 21:24:07,806  __main__  INFO  BAG: fetched 6252 panden
2026-05-21 21:24:07,806  __main__  INFO  BAG tile 215: bbox=[97500, 436647, 99500, 438647]
2026-05-21 21:24:07,806  __main__  INFO  BAG WFS request  startIndex=0
2026-05-21 21:24:08,358  __main__  INFO  BAG WFS request  startIndex=1000
2026-05-21 21:24:08,918  __main__  INFO  BAG WFS request  startIndex=2000
2026-05-21 21:24:09,458  __main__  INFO  BAG WFS request  startIndex=3000
2026-05-21 21:24:10,028  __main__  INFO  BAG WFS request  startIndex=4000
2026-05-21 21:24:10,643  __main__  INFO  BAG WFS request  startIndex=5000
2026-05-21 21:24:11,254  __main__  INFO  BAG WFS request  startIndex=6000
2026-05-21 21:24:11,895  __main__  INFO  BAG WFS request  startIndex=7000
2026-05-21 21:24:12,411  __main__  INFO  BAG: fetched 7726 panden
2026-05-21 21:24:12,411  __main__  INFO  BAG tile 216: bbox=[97500, 438647, 99500, 440647]
2026-05-21 21:24:12,411  __main__  INFO  BAG WFS request  startIndex=0
2026-05-21 21:24:12,995  __main__  INFO  BAG WFS request  startIndex=1000
2026-05-21 21:24:13,557  __main__  INFO  BAG WFS request  startIndex=2000
2026-05-21 21:24:14,161  __main__  INFO  BAG WFS request  startIndex=3000
2026-05-21 21:24:14,708  __main__  INFO  BAG WFS request  startIndex=4000
2026-05-21 21:24:15,290  __main__  INFO  BAG WFS request  startIndex=5000
2026-05-21 21:24:15,916  __main__  INFO  BAG WFS request  startIndex=6000
2026-05-21 21:24:16,555  __main__  INFO  BAG WFS request  startIndex=7000
2026-05-21 21:24:17,147  __main__  INFO  BAG WFS request  startIndex=8000
2026-05-21 21:24:17,684  __main__  INFO  BAG: fetched 8688 panden
2026-05-21 21:24:17,685  __main__  INFO  BAG tile 217: bbox=[97500, 440647, 99500, 442647]
2026-05-21 21:24:17,685  __main__  INFO  BAG WFS request  startIndex=0
2026-05-21 21:24:18,269  __main__  INFO  BAG WFS request  startIndex=1000
2026-05-21 21:24:18,838  __main__  INFO  BAG WFS request  startIndex=2000
2026-05-21 21:24:19,411  __main__  INFO  BAG WFS request  startIndex=3000
2026-05-21 21:24:20,025  __main__  INFO  BAG WFS request  startIndex=4000
2026-05-21 21:24:20,679  __main__  INFO  BAG WFS request  startIndex=5000
2026-05-21 21:24:21,404  __main__  INFO  BAG WFS request  startIndex=6000
2026-05-21 21:24:22,046  __main__  INFO  BAG WFS request  startIndex=7000
2026-05-21 21:24:22,601  __main__  INFO  BAG WFS request  startIndex=8000
2026-05-21 21:24:23,199  __main__  INFO  BAG WFS request  startIndex=9000
2026-05-21 21:24:23,689  __main__  INFO  BAG: fetched 9194 panden
2026-05-21 21:24:23,689  __main__  INFO  BAG tile 218: bbox=[97500, 442647, 99500, 444647]
2026-05-21 21:24:23,689  __main__  INFO  BAG WFS request  startIndex=0
2026-05-21 21:24:24,256  __main__  INFO  BAG WFS request  startIndex=1000
2026-05-21 21:24:24,933  __main__  INFO  BAG: fetched 1752 panden
2026-05-21 21:24:24,933  __main__  INFO  BAG tile 219: bbox=[97500, 444647, 99500, 446647]
2026-05-21 21:24:24,933  __main__  INFO  BAG WFS request  startIndex=0
2026-05-21 21:24:25,257  __main__  INFO  BAG: fetched 53 panden
2026-05-21 21:24:25,257  __main__  INFO  BAG tile 220: bbox=[97500, 446647, 99500, 447000]
2026-05-21 21:24:25,257  __main__  INFO  BAG WFS request  startIndex=0
2026-05-21 21:24:25,630  __main__  INFO  BAG: fetched 145 panden
2026-05-21 21:24:25,630  __main__  INFO  BAG tile 221: bbox=[99500, 428647, 101033, 430647]
2026-05-21 21:24:25,630  __main__  INFO  BAG WFS request  startIndex=0
2026-05-21 21:24:26,181  __main__  INFO  BAG WFS request  startIndex=1000
2026-05-21 21:24:26,758  __main__  INFO  BAG WFS request  startIndex=2000
2026-05-21 21:24:27,211  __main__  INFO  BAG: fetched 2352 panden
2026-05-21 21:24:27,212  __main__  INFO  BAG tile 222: bbox=[99500, 430647, 101033, 432647]
2026-05-21 21:24:27,212  __main__  INFO  BAG WFS request  startIndex=0
2026-05-21 21:24:27,758  __main__  INFO  BAG WFS request  startIndex=1000
2026-05-21 21:24:28,312  __main__  INFO  BAG WFS request  startIndex=2000
2026-05-21 21:24:28,908  __main__  INFO  BAG WFS request  startIndex=3000
2026-05-21 21:24:29,441  __main__  INFO  BAG WFS request  startIndex=4000
2026-05-21 21:24:30,083  __main__  INFO  BAG WFS request  startIndex=5000
2026-05-21 21:24:30,973  __main__  INFO  BAG: fetched 5512 panden
2026-05-21 21:24:30,973  __main__  INFO  BAG tile 223: bbox=[99500, 432647, 101033, 434647]
2026-05-21 21:24:30,973  __main__  INFO  BAG WFS request  startIndex=0
2026-05-21 21:24:31,556  __main__  INFO  BAG WFS request  startIndex=1000
2026-05-21 21:24:32,146  __main__  INFO  BAG WFS request  startIndex=2000
2026-05-21 21:24:32,574  __main__  INFO  BAG: fetched 2402 panden
2026-05-21 21:24:32,574  __main__  INFO  BAG tile 224: bbox=[99500, 434647, 101033, 436647]
2026-05-21 21:24:32,574  __main__  INFO  BAG WFS request  startIndex=0
2026-05-21 21:24:33,158  __main__  INFO  BAG WFS request  startIndex=1000
2026-05-21 21:24:33,717  __main__  INFO  BAG WFS request  startIndex=2000
2026-05-21 21:24:34,269  __main__  INFO  BAG WFS request  startIndex=3000
2026-05-21 21:24:34,835  __main__  INFO  BAG WFS request  startIndex=4000
2026-05-21 21:24:35,362  __main__  INFO  BAG: fetched 4798 panden
2026-05-21 21:24:35,362  __main__  INFO  BAG tile 225: bbox=[99500, 436647, 101033, 438647]
2026-05-21 21:24:35,362  __main__  INFO  BAG WFS request  startIndex=0
2026-05-21 21:24:35,997  __main__  INFO  BAG WFS request  startIndex=1000
2026-05-21 21:24:36,581  __main__  INFO  BAG WFS request  startIndex=2000
2026-05-21 21:24:37,190  __main__  INFO  BAG WFS request  startIndex=3000
2026-05-21 21:24:37,857  __main__  INFO  BAG WFS request  startIndex=4000
2026-05-21 21:24:38,431  __main__  INFO  BAG WFS request  startIndex=5000
2026-05-21 21:24:39,037  __main__  INFO  BAG WFS request  startIndex=6000
2026-05-21 21:24:39,587  __main__  INFO  BAG WFS request  startIndex=7000
2026-05-21 21:24:40,140  __main__  INFO  BAG: fetched 7558 panden
2026-05-21 21:24:40,140  __main__  INFO  BAG tile 226: bbox=[99500, 438647, 101033, 440647]
2026-05-21 21:24:40,140  __main__  INFO  BAG WFS request  startIndex=0
2026-05-21 21:24:40,716  __main__  INFO  BAG WFS request  startIndex=1000
2026-05-21 21:24:41,793  __main__  INFO  BAG WFS request  startIndex=2000
2026-05-21 21:24:43,271  __main__  INFO  BAG WFS request  startIndex=3000
2026-05-21 21:24:43,682  __main__  INFO  BAG: fetched 3328 panden
2026-05-21 21:24:43,683  __main__  INFO  BAG tile 227: bbox=[99500, 440647, 101033, 442647]
2026-05-21 21:24:43,683  __main__  INFO  BAG WFS request  startIndex=0
2026-05-21 21:24:44,242  __main__  INFO  BAG WFS request  startIndex=1000
2026-05-21 21:24:44,809  __main__  INFO  BAG WFS request  startIndex=2000
2026-05-21 21:24:45,356  __main__  INFO  BAG WFS request  startIndex=3000
2026-05-21 21:24:45,983  __main__  INFO  BAG WFS request  startIndex=4000
2026-05-21 21:24:46,361  __main__  INFO  BAG: fetched 4119 panden
2026-05-21 21:24:46,361  __main__  INFO  BAG tile 228: bbox=[99500, 442647, 101033, 444647]
2026-05-21 21:24:46,361  __main__  INFO  BAG WFS request  startIndex=0
2026-05-21 21:24:46,984  __main__  INFO  BAG WFS request  startIndex=1000
2026-05-21 21:24:49,478  __main__  INFO  BAG WFS request  startIndex=2000
2026-05-21 21:24:50,030  __main__  INFO  BAG WFS request  startIndex=3000
2026-05-21 21:24:50,589  __main__  INFO  BAG WFS request  startIndex=4000
2026-05-21 21:24:51,154  __main__  INFO  BAG WFS request  startIndex=5000
2026-05-21 21:24:51,807  __main__  INFO  BAG WFS request  startIndex=6000
2026-05-21 21:24:52,161  __main__  INFO  BAG: fetched 6020 panden
2026-05-21 21:24:52,161  __main__  INFO  BAG tile 229: bbox=[99500, 444647, 101033, 446647]
2026-05-21 21:24:52,162  __main__  INFO  BAG WFS request  startIndex=0
2026-05-21 21:24:52,775  __main__  INFO  BAG WFS request  startIndex=1000
2026-05-21 21:24:53,235  __main__  INFO  BAG: fetched 1462 panden
2026-05-21 21:24:53,235  __main__  INFO  BAG tile 230: bbox=[99500, 446647, 101033, 447000]
2026-05-21 21:24:53,235  __main__  INFO  BAG WFS request  startIndex=0
2026-05-21 21:24:53,801  __main__  INFO  BAG WFS request  startIndex=1000
2026-05-21 21:24:54,336  __main__  INFO  BAG: fetched 1941 panden
2026-05-21 21:24:54,477  __main__  INFO  BAG tiled: 555878 unique panden across 230 tiles (5616 duplicates dropped)
2026-05-21 21:24:54,489  __main__  INFO  === Fetching 3D BAG data ===
2026-05-21 21:24:54,489  __main__  INFO  3D BAG WFS request  startIndex=0
2026-05-21 21:25:02,480  __main__  INFO  3D BAG WFS request  startIndex=10000
2026-05-21 21:25:10,435  __main__  INFO  3D BAG WFS request  startIndex=20000
2026-05-21 21:25:18,521  __main__  INFO  3D BAG WFS request  startIndex=30000
2026-05-21 21:25:27,654  __main__  INFO  3D BAG WFS request  startIndex=40000
2026-05-21 21:25:37,197  __main__  INFO  3D BAG WFS request  startIndex=50000
2026-05-21 21:25:46,005  __main__  INFO  3D BAG WFS request  startIndex=60000
2026-05-21 21:25:54,933  __main__  INFO  3D BAG WFS request  startIndex=70000
2026-05-21 21:26:04,226  __main__  INFO  3D BAG WFS request  startIndex=80000
2026-05-21 21:26:13,254  __main__  INFO  3D BAG WFS request  startIndex=90000
2026-05-21 21:26:22,297  __main__  INFO  3D BAG WFS request  startIndex=100000
2026-05-21 21:26:31,768  __main__  INFO  3D BAG WFS request  startIndex=110000
2026-05-21 21:26:41,384  __main__  INFO  3D BAG WFS request  startIndex=120000
2026-05-21 21:26:50,620  __main__  INFO  3D BAG WFS request  startIndex=130000
2026-05-21 21:27:00,012  __main__  INFO  3D BAG WFS request  startIndex=140000
2026-05-21 21:27:09,289  __main__  INFO  3D BAG WFS request  startIndex=150000
2026-05-21 21:27:17,518  __main__  INFO  3D BAG WFS request  startIndex=160000
2026-05-21 21:27:26,158  __main__  INFO  3D BAG WFS request  startIndex=170000
2026-05-21 21:27:34,962  __main__  INFO  3D BAG WFS request  startIndex=180000
2026-05-21 21:27:43,812  __main__  INFO  3D BAG WFS request  startIndex=190000
2026-05-21 21:27:52,748  __main__  INFO  3D BAG WFS request  startIndex=200000
2026-05-21 21:28:01,732  __main__  INFO  3D BAG WFS request  startIndex=210000
2026-05-21 21:28:10,590  __main__  INFO  3D BAG WFS request  startIndex=220000
2026-05-21 21:28:19,642  __main__  INFO  3D BAG WFS request  startIndex=230000
2026-05-21 21:28:28,829  __main__  INFO  3D BAG WFS request  startIndex=240000
2026-05-21 21:28:38,041  __main__  INFO  3D BAG WFS request  startIndex=250000
2026-05-21 21:28:47,814  __main__  INFO  3D BAG WFS request  startIndex=260000
2026-05-21 21:28:58,291  __main__  INFO  3D BAG WFS request  startIndex=270000
2026-05-21 21:29:08,515  __main__  INFO  3D BAG WFS request  startIndex=280000
2026-05-21 21:29:18,961  __main__  INFO  3D BAG WFS request  startIndex=290000
2026-05-21 21:29:29,236  __main__  INFO  3D BAG WFS request  startIndex=300000
2026-05-21 21:29:39,763  __main__  INFO  3D BAG WFS request  startIndex=310000
2026-05-21 21:29:50,150  __main__  INFO  3D BAG WFS request  startIndex=320000
2026-05-21 21:30:00,706  __main__  INFO  3D BAG WFS request  startIndex=330000
2026-05-21 21:30:11,894  __main__  INFO  3D BAG WFS request  startIndex=340000
2026-05-21 21:30:22,761  __main__  INFO  3D BAG WFS request  startIndex=350000
2026-05-21 21:30:32,894  __main__  INFO  3D BAG WFS request  startIndex=360000
2026-05-21 21:30:43,107  __main__  INFO  3D BAG WFS request  startIndex=370000
2026-05-21 21:30:54,055  __main__  INFO  3D BAG WFS request  startIndex=380000
2026-05-21 21:31:05,171  __main__  INFO  3D BAG WFS request  startIndex=390000
2026-05-21 21:31:16,007  __main__  INFO  3D BAG WFS request  startIndex=400000
2026-05-21 21:31:26,674  __main__  INFO  3D BAG WFS request  startIndex=410000
2026-05-21 21:31:37,676  __main__  INFO  3D BAG WFS request  startIndex=420000
2026-05-21 21:31:48,638  __main__  INFO  3D BAG WFS request  startIndex=430000
2026-05-21 21:31:59,510  __main__  INFO  3D BAG WFS request  startIndex=440000
2026-05-21 21:32:10,659  __main__  INFO  3D BAG WFS request  startIndex=450000
2026-05-21 21:32:21,683  __main__  INFO  3D BAG WFS request  startIndex=460000
2026-05-21 21:32:32,294  __main__  INFO  3D BAG WFS request  startIndex=470000
2026-05-21 21:32:42,701  __main__  INFO  3D BAG WFS request  startIndex=480000
2026-05-21 21:32:53,653  __main__  INFO  3D BAG WFS request  startIndex=490000
2026-05-21 21:33:03,882  __main__  INFO  3D BAG WFS request  startIndex=500000
2026-05-21 21:33:14,279  __main__  INFO  3D BAG WFS request  startIndex=510000
2026-05-21 21:33:24,552  __main__  INFO  3D BAG WFS request  startIndex=520000
2026-05-21 21:33:35,265  __main__  INFO  3D BAG: fetched 529880 features
2026-05-21 21:33:35,265  __main__  INFO  === Loading EP-Online data ===
2026-05-21 21:33:47,531  __main__  INFO  EP-Online: loaded 38167 records for postcode prefix(es) ['30']
2026-05-21 21:33:47,532  __main__  INFO  === Joining data sources ===
2026-05-21 21:33:48,289  __main__  INFO  Before join ¡X BAG: 555878, 3D BAG: 529880, EP-Online: 38450
2026-05-21 21:33:48,744  __main__  INFO  After BAG + 3D BAG join: 526667 rows
2026-05-21 21:33:48,857  __main__  INFO  After EP-Online join: 38372 rows
2026-05-21 21:33:48,894  __main__  INFO  After filtering & dedup: 38024 rows
2026-05-21 21:33:48,894  __main__  INFO  Keeping all 85 columns
2026-05-21 21:33:48,946  __main__  INFO  === Validating and saving ===
Traceback (most recent call last):
  File "<frozen runpy>", line 198, in _run_module_as_main
  File "<frozen runpy>", line 88, in _run_code
  File "D:\ITBE\Thesis\semi-synthetic-building-energy\src\data_loader.py", line 614, in <module>
    report = run_step1(cfg)
  File "D:\ITBE\Thesis\semi-synthetic-building-energy\src\data_loader.py", line 538, in run_step1
    report = validate_and_save(
        gdf=joined,
        output_path=paths["joined_output"],
        min_buildings=filters["min_buildings"],
    )
  File "D:\ITBE\Thesis\semi-synthetic-building-energy\src\data_loader.py", line 467, in validate_and_save
    gdf.to_parquet(output_path, index=False)
    ~~~~~~~~~~~~~~^^^^^^^^^^^^^^^^^^^^^^^^^^
  File "D:\ITBE\Thesis\semi-synthetic-building-energy\.venv\Lib\site-packages\geopandas\geodataframe.py", line 1464, in to_parquet
    _to_parquet(
    ~~~~~~~~~~~^
        self,
        ^^^^^
    ...<6 lines>...
        **kwargs,
        ^^^^^^^^^
    )
    ^
  File "D:\ITBE\Thesis\semi-synthetic-building-energy\.venv\Lib\site-packages\geopandas\io\arrow.py", line 440, in _to_parquet
    table = _geopandas_to_arrow(
        df,
    ...<3 lines>...
        write_covering_bbox=write_covering_bbox,
    )
  File "D:\ITBE\Thesis\semi-synthetic-building-energy\.venv\Lib\site-packages\geopandas\io\arrow.py", line 354, in _geopandas_to_arrow
    table, geometry_encoding_dict = geopandas_to_arrow(
                                    ~~~~~~~~~~~~~~~~~~^
        df, geometry_encoding=geometry_encoding, index=index, interleaved=False
        ^^^^^^^^^^^^^^^^^^^^^^^^^^^^^^^^^^^^^^^^^^^^^^^^^^^^^^^^^^^^^^^^^^^^^^^
    )
    ^
  File "D:\ITBE\Thesis\semi-synthetic-building-energy\.venv\Lib\site-packages\geopandas\io\_geoarrow.py", line 135, in geopandas_to_arrow
    table = pa.Table.from_pandas(df_attr, preserve_index=index)
  File "pyarrow/table.pxi", line 4796, in pyarrow.lib.Table.from_pandas
  File "D:\ITBE\Thesis\semi-synthetic-building-energy\.venv\Lib\site-packages\pyarrow\pandas_compat.py", line 664, in dataframe_to_arrays
    arrays[i] = maybe_fut.result()
                ~~~~~~~~~~~~~~~~^^
  File "C:\Users\Sandy\AppData\Roaming\uv\python\cpython-3.13.5-windows-x86_64-none\Lib\concurrent\futures\_base.py", line 449, in result
    return self.__get_result()
           ~~~~~~~~~~~~~~~~~^^
  File "C:\Users\Sandy\AppData\Roaming\uv\python\cpython-3.13.5-windows-x86_64-none\Lib\concurrent\futures\_base.py", line 401, in __get_result
    raise self._exception
  File "C:\Users\Sandy\AppData\Roaming\uv\python\cpython-3.13.5-windows-x86_64-none\Lib\concurrent\futures\thread.py", line 59, in run
    result = self.fn(*self.args, **self.kwargs)
  File "D:\ITBE\Thesis\semi-synthetic-building-energy\.venv\Lib\site-packages\pyarrow\pandas_compat.py", line 639, in convert_column
    raise e
  File "D:\ITBE\Thesis\semi-synthetic-building-energy\.venv\Lib\site-packages\pyarrow\pandas_compat.py", line 633, in convert_column
    result = pa.array(col, type=type_, from_pandas=True, safe=safe)
  File "pyarrow/array.pxi", line 365, in pyarrow.lib.array
  File "pyarrow/array.pxi", line 91, in pyarrow.lib._ndarray_to_array
  File "pyarrow/error.pxi", line 92, in pyarrow.lib.check_status
pyarrow.lib.ArrowTypeError: ("object of type <class 'str'> cannot be converted to int", 'Conversion failed for column documentdatum with type object')
