2026-05-21 21:33:50,437  __main__  INFO  === Fetching BAG data ===
2026-05-21 21:33:50,437  __main__  INFO  BAG tile 1: bbox=[110188, 476709, 112188, 478709]
2026-05-21 21:33:50,437  __main__  INFO  BAG WFS request  startIndex=0
2026-05-21 21:33:50,888  __main__  INFO  BAG: fetched 171 panden
2026-05-21 21:33:50,888  __main__  INFO  BAG tile 2: bbox=[110188, 478709, 112188, 480709]
2026-05-21 21:33:50,889  __main__  INFO  BAG WFS request  startIndex=0
2026-05-21 21:33:51,261  __main__  INFO  BAG: fetched 88 panden
2026-05-21 21:33:51,262  __main__  INFO  BAG tile 3: bbox=[110188, 480709, 112188, 482709]
2026-05-21 21:33:51,262  __main__  INFO  BAG WFS request  startIndex=0
2026-05-21 21:33:51,549  __main__  INFO  BAG: fetched 42 panden
2026-05-21 21:33:51,549  __main__  INFO  BAG tile 4: bbox=[110188, 482709, 112188, 484709]
2026-05-21 21:33:51,549  __main__  INFO  BAG WFS request  startIndex=0
2026-05-21 21:33:51,886  __main__  INFO  BAG: fetched 121 panden
2026-05-21 21:33:51,886  __main__  INFO  BAG tile 5: bbox=[110188, 484709, 112188, 486709]
2026-05-21 21:33:51,886  __main__  INFO  BAG WFS request  startIndex=0
2026-05-21 21:33:52,380  __main__  INFO  BAG: fetched 581 panden
2026-05-21 21:33:52,380  __main__  INFO  BAG tile 6: bbox=[110188, 486709, 112188, 488709]
2026-05-21 21:33:52,380  __main__  INFO  BAG WFS request  startIndex=0
2026-05-21 21:33:53,339  __main__  INFO  BAG WFS request  startIndex=1000
2026-05-21 21:33:54,045  __main__  INFO  BAG WFS request  startIndex=2000
2026-05-21 21:33:54,749  __main__  INFO  BAG WFS request  startIndex=3000
2026-05-21 21:33:55,412  __main__  INFO  BAG WFS request  startIndex=4000
2026-05-21 21:33:56,033  __main__  INFO  BAG WFS request  startIndex=5000
2026-05-21 21:33:56,650  __main__  INFO  BAG: fetched 5692 panden
2026-05-21 21:33:56,650  __main__  INFO  BAG tile 7: bbox=[110188, 488709, 112188, 490709]
2026-05-21 21:33:56,650  __main__  INFO  BAG WFS request  startIndex=0
2026-05-21 21:33:57,305  __main__  INFO  BAG WFS request  startIndex=1000
2026-05-21 21:33:57,775  __main__  INFO  BAG: fetched 1150 panden
2026-05-21 21:33:57,775  __main__  INFO  BAG tile 8: bbox=[110188, 490709, 112188, 492709]
2026-05-21 21:33:57,776  __main__  INFO  BAG WFS request  startIndex=0
2026-05-21 21:33:58,239  __main__  INFO  BAG: fetched 130 panden
2026-05-21 21:33:58,240  __main__  INFO  BAG tile 9: bbox=[110188, 492709, 112188, 493894]
2026-05-21 21:33:58,240  __main__  INFO  BAG WFS request  startIndex=0
2026-05-21 21:33:58,642  __main__  INFO  BAG: fetched 24 panden
2026-05-21 21:33:58,642  __main__  INFO  BAG tile 10: bbox=[112188, 476709, 114188, 478709]
2026-05-21 21:33:58,642  __main__  INFO  BAG WFS request  startIndex=0
2026-05-21 21:33:59,285  __main__  INFO  BAG: fetched 778 panden
2026-05-21 21:33:59,285  __main__  INFO  BAG tile 11: bbox=[112188, 478709, 114188, 480709]
2026-05-21 21:33:59,285  __main__  INFO  BAG WFS request  startIndex=0
2026-05-21 21:33:59,700  __main__  INFO  BAG: fetched 49 panden
2026-05-21 21:33:59,700  __main__  INFO  BAG tile 12: bbox=[112188, 480709, 114188, 482709]
2026-05-21 21:33:59,700  __main__  INFO  BAG WFS request  startIndex=0
2026-05-21 21:34:00,133  __main__  INFO  BAG: fetched 77 panden
2026-05-21 21:34:00,133  __main__  INFO  BAG tile 13: bbox=[112188, 482709, 114188, 484709]
2026-05-21 21:34:00,133  __main__  INFO  BAG WFS request  startIndex=0
2026-05-21 21:34:00,835  __main__  INFO  BAG WFS request  startIndex=1000
2026-05-21 21:34:01,854  __main__  INFO  BAG WFS request  startIndex=2000
2026-05-21 21:34:02,536  __main__  INFO  BAG WFS request  startIndex=3000
2026-05-21 21:34:03,226  __main__  INFO  BAG WFS request  startIndex=4000
2026-05-21 21:34:03,907  __main__  INFO  BAG WFS request  startIndex=5000
2026-05-21 21:34:04,626  __main__  INFO  BAG WFS request  startIndex=6000
2026-05-21 21:34:05,346  __main__  INFO  BAG WFS request  startIndex=7000
2026-05-21 21:34:05,955  __main__  INFO  BAG: fetched 7372 panden
2026-05-21 21:34:05,955  __main__  INFO  BAG tile 14: bbox=[112188, 484709, 114188, 486709]
2026-05-21 21:34:05,955  __main__  INFO  BAG WFS request  startIndex=0
2026-05-21 21:34:06,641  __main__  INFO  BAG WFS request  startIndex=1000
2026-05-21 21:34:07,317  __main__  INFO  BAG WFS request  startIndex=2000
2026-05-21 21:34:08,004  __main__  INFO  BAG WFS request  startIndex=3000
2026-05-21 21:34:08,663  __main__  INFO  BAG WFS request  startIndex=4000
2026-05-21 21:34:09,322  __main__  INFO  BAG WFS request  startIndex=5000
2026-05-21 21:34:10,004  __main__  INFO  BAG: fetched 5685 panden
2026-05-21 21:34:10,004  __main__  INFO  BAG tile 15: bbox=[112188, 486709, 114188, 488709]
2026-05-21 21:34:10,004  __main__  INFO  BAG WFS request  startIndex=0
2026-05-21 21:34:10,570  __main__  INFO  BAG: fetched 654 panden
2026-05-21 21:34:10,570  __main__  INFO  BAG tile 16: bbox=[112188, 488709, 114188, 490709]
2026-05-21 21:34:10,570  __main__  INFO  BAG WFS request  startIndex=0
2026-05-21 21:34:11,311  __main__  INFO  BAG: fetched 661 panden
2026-05-21 21:34:11,311  __main__  INFO  BAG tile 17: bbox=[112188, 490709, 114188, 492709]
2026-05-21 21:34:11,311  __main__  INFO  BAG WFS request  startIndex=0
2026-05-21 21:34:12,160  __main__  INFO  BAG: fetched 368 panden
2026-05-21 21:34:12,160  __main__  INFO  BAG tile 18: bbox=[112188, 492709, 114188, 493894]
2026-05-21 21:34:12,160  __main__  INFO  BAG WFS request  startIndex=0
2026-05-21 21:34:12,659  __main__  INFO  BAG: fetched 233 panden
2026-05-21 21:34:12,659  __main__  INFO  BAG tile 19: bbox=[114188, 476709, 116188, 478709]
2026-05-21 21:34:12,659  __main__  INFO  BAG WFS request  startIndex=0
2026-05-21 21:34:13,315  __main__  INFO  BAG WFS request  startIndex=1000
2026-05-21 21:34:14,014  __main__  INFO  BAG WFS request  startIndex=2000
2026-05-21 21:34:14,699  __main__  INFO  BAG WFS request  startIndex=3000
2026-05-21 21:34:15,494  __main__  INFO  BAG WFS request  startIndex=4000
2026-05-21 21:34:16,098  __main__  INFO  BAG: fetched 4446 panden
2026-05-21 21:34:16,098  __main__  INFO  BAG tile 20: bbox=[114188, 478709, 116188, 480709]
2026-05-21 21:34:16,098  __main__  INFO  BAG WFS request  startIndex=0
2026-05-21 21:34:16,543  __main__  INFO  BAG: fetched 139 panden
2026-05-21 21:34:16,543  __main__  INFO  BAG tile 21: bbox=[114188, 480709, 116188, 482709]
2026-05-21 21:34:16,543  __main__  INFO  BAG WFS request  startIndex=0
2026-05-21 21:34:17,035  __main__  INFO  BAG: fetched 299 panden
2026-05-21 21:34:17,035  __main__  INFO  BAG tile 22: bbox=[114188, 482709, 116188, 484709]
2026-05-21 21:34:17,035  __main__  INFO  BAG WFS request  startIndex=0
2026-05-21 21:34:17,766  __main__  INFO  BAG WFS request  startIndex=1000
2026-05-21 21:34:20,509  __main__  INFO  BAG WFS request  startIndex=2000
2026-05-21 21:34:21,635  __main__  INFO  BAG WFS request  startIndex=3000
2026-05-21 21:34:22,497  __main__  INFO  BAG WFS request  startIndex=4000
2026-05-21 21:34:23,175  __main__  INFO  BAG WFS request  startIndex=5000
2026-05-21 21:34:23,891  __main__  INFO  BAG WFS request  startIndex=6000
2026-05-21 21:34:25,142  __main__  INFO  BAG WFS request  startIndex=7000
2026-05-21 21:34:25,829  __main__  INFO  BAG WFS request  startIndex=8000
2026-05-21 21:34:26,413  __main__  INFO  BAG: fetched 8377 panden
2026-05-21 21:34:26,413  __main__  INFO  BAG tile 23: bbox=[114188, 484709, 116188, 486709]
2026-05-21 21:34:26,413  __main__  INFO  BAG WFS request  startIndex=0
2026-05-21 21:34:27,102  __main__  INFO  BAG WFS request  startIndex=1000
2026-05-21 21:34:27,769  __main__  INFO  BAG WFS request  startIndex=2000
2026-05-21 21:34:28,455  __main__  INFO  BAG WFS request  startIndex=3000
2026-05-21 21:34:29,106  __main__  INFO  BAG WFS request  startIndex=4000
2026-05-21 21:34:29,752  __main__  INFO  BAG: fetched 4602 panden
2026-05-21 21:34:29,752  __main__  INFO  BAG tile 24: bbox=[114188, 486709, 116188, 488709]
2026-05-21 21:34:29,752  __main__  INFO  BAG WFS request  startIndex=0
2026-05-21 21:34:30,428  __main__  INFO  BAG WFS request  startIndex=1000
2026-05-21 21:34:31,706  __main__  INFO  BAG WFS request  startIndex=2000
2026-05-21 21:34:32,407  __main__  INFO  BAG WFS request  startIndex=3000
2026-05-21 21:34:33,179  __main__  INFO  BAG WFS request  startIndex=4000
2026-05-21 21:34:34,326  __main__  INFO  BAG WFS request  startIndex=5000
2026-05-21 21:34:35,021  __main__  INFO  BAG WFS request  startIndex=6000
2026-05-21 21:34:35,678  __main__  INFO  BAG: fetched 6701 panden
2026-05-21 21:34:35,678  __main__  INFO  BAG tile 25: bbox=[114188, 488709, 116188, 490709]
2026-05-21 21:34:35,678  __main__  INFO  BAG WFS request  startIndex=0
2026-05-21 21:34:36,372  __main__  INFO  BAG: fetched 511 panden
2026-05-21 21:34:36,372  __main__  INFO  BAG tile 26: bbox=[114188, 490709, 116188, 492709]
2026-05-21 21:34:36,372  __main__  INFO  BAG WFS request  startIndex=0
2026-05-21 21:34:36,895  __main__  INFO  BAG: fetched 257 panden
2026-05-21 21:34:36,896  __main__  INFO  BAG tile 27: bbox=[114188, 492709, 116188, 493894]
2026-05-21 21:34:36,896  __main__  INFO  BAG WFS request  startIndex=0
2026-05-21 21:34:37,494  __main__  INFO  BAG: fetched 559 panden
2026-05-21 21:34:37,494  __main__  INFO  BAG tile 28: bbox=[116188, 476709, 118188, 478709]
2026-05-21 21:34:37,494  __main__  INFO  BAG WFS request  startIndex=0
2026-05-21 21:34:38,140  __main__  INFO  BAG WFS request  startIndex=1000
2026-05-21 21:34:39,186  __main__  INFO  BAG WFS request  startIndex=2000
2026-05-21 21:34:40,127  __main__  INFO  BAG WFS request  startIndex=3000
2026-05-21 21:34:40,963  __main__  INFO  BAG WFS request  startIndex=4000
2026-05-21 21:34:41,716  __main__  INFO  BAG WFS request  startIndex=5000
2026-05-21 21:34:42,404  __main__  INFO  BAG WFS request  startIndex=6000
2026-05-21 21:34:43,218  __main__  INFO  BAG WFS request  startIndex=7000
2026-05-21 21:34:43,946  __main__  INFO  BAG WFS request  startIndex=8000
2026-05-21 21:34:44,588  __main__  INFO  BAG: fetched 8423 panden
2026-05-21 21:34:44,588  __main__  INFO  BAG tile 29: bbox=[116188, 478709, 118188, 480709]
2026-05-21 21:34:44,588  __main__  INFO  BAG WFS request  startIndex=0
2026-05-21 21:34:45,408  __main__  INFO  BAG WFS request  startIndex=1000
2026-05-21 21:34:46,484  __main__  INFO  BAG: fetched 1616 panden
2026-05-21 21:34:46,484  __main__  INFO  BAG tile 30: bbox=[116188, 480709, 118188, 482709]
2026-05-21 21:34:46,484  __main__  INFO  BAG WFS request  startIndex=0
2026-05-21 21:34:47,064  __main__  INFO  BAG: fetched 192 panden
2026-05-21 21:34:47,064  __main__  INFO  BAG tile 31: bbox=[116188, 482709, 118188, 484709]
2026-05-21 21:34:47,064  __main__  INFO  BAG WFS request  startIndex=0
2026-05-21 21:34:48,161  __main__  INFO  BAG WFS request  startIndex=1000
2026-05-21 21:34:48,851  __main__  INFO  BAG: fetched 1722 panden
2026-05-21 21:34:48,851  __main__  INFO  BAG tile 32: bbox=[116188, 484709, 118188, 486709]
2026-05-21 21:34:48,851  __main__  INFO  BAG WFS request  startIndex=0
2026-05-21 21:34:49,578  __main__  INFO  BAG WFS request  startIndex=1000
2026-05-21 21:34:50,976  __main__  INFO  BAG WFS request  startIndex=2000
2026-05-21 21:34:51,746  __main__  INFO  BAG WFS request  startIndex=3000
2026-05-21 21:34:52,444  __main__  INFO  BAG WFS request  startIndex=4000
2026-05-21 21:34:53,046  __main__  INFO  BAG: fetched 4474 panden
2026-05-21 21:34:53,047  __main__  INFO  BAG tile 33: bbox=[116188, 486709, 118188, 488709]
2026-05-21 21:34:53,047  __main__  INFO  BAG WFS request  startIndex=0
2026-05-21 21:34:53,787  __main__  INFO  BAG WFS request  startIndex=1000
2026-05-21 21:34:54,536  __main__  INFO  BAG WFS request  startIndex=2000
2026-05-21 21:34:55,296  __main__  INFO  BAG WFS request  startIndex=3000
2026-05-21 21:34:56,021  __main__  INFO  BAG WFS request  startIndex=4000
2026-05-21 21:34:56,722  __main__  INFO  BAG WFS request  startIndex=5000
2026-05-21 21:34:57,317  __main__  INFO  BAG: fetched 5347 panden
2026-05-21 21:34:57,317  __main__  INFO  BAG tile 34: bbox=[116188, 488709, 118188, 490709]
2026-05-21 21:34:57,317  __main__  INFO  BAG WFS request  startIndex=0
2026-05-21 21:34:58,314  __main__  INFO  BAG: fetched 772 panden
2026-05-21 21:34:58,314  __main__  INFO  BAG tile 35: bbox=[116188, 490709, 118188, 492709]
2026-05-21 21:34:58,314  __main__  INFO  BAG WFS request  startIndex=0
2026-05-21 21:34:59,021  __main__  INFO  BAG: fetched 450 panden
2026-05-21 21:34:59,021  __main__  INFO  BAG tile 36: bbox=[116188, 492709, 118188, 493894]
2026-05-21 21:34:59,021  __main__  INFO  BAG WFS request  startIndex=0
2026-05-21 21:34:59,729  __main__  INFO  BAG WFS request  startIndex=1000
2026-05-21 21:35:00,413  __main__  INFO  BAG WFS request  startIndex=2000
2026-05-21 21:35:00,862  __main__  INFO  BAG: fetched 1966 panden
2026-05-21 21:35:00,862  __main__  INFO  BAG tile 37: bbox=[118188, 476709, 120188, 478709]
2026-05-21 21:35:00,862  __main__  INFO  BAG WFS request  startIndex=0
2026-05-21 21:35:01,571  __main__  INFO  BAG WFS request  startIndex=1000
2026-05-21 21:35:02,453  __main__  INFO  BAG WFS request  startIndex=2000
2026-05-21 21:35:03,180  __main__  INFO  BAG WFS request  startIndex=3000
2026-05-21 21:35:03,919  __main__  INFO  BAG WFS request  startIndex=4000
2026-05-21 21:35:04,711  __main__  INFO  BAG WFS request  startIndex=5000
2026-05-21 21:35:05,508  __main__  INFO  BAG WFS request  startIndex=6000
2026-05-21 21:35:06,278  __main__  INFO  BAG WFS request  startIndex=7000
2026-05-21 21:35:07,053  __main__  INFO  BAG: fetched 7893 panden
2026-05-21 21:35:07,053  __main__  INFO  BAG tile 38: bbox=[118188, 478709, 120188, 480709]
2026-05-21 21:35:07,053  __main__  INFO  BAG WFS request  startIndex=0
2026-05-21 21:35:07,708  __main__  INFO  BAG WFS request  startIndex=1000
2026-05-21 21:35:08,502  __main__  INFO  BAG WFS request  startIndex=2000
2026-05-21 21:35:09,271  __main__  INFO  BAG WFS request  startIndex=3000
2026-05-21 21:35:10,014  __main__  INFO  BAG WFS request  startIndex=4000
2026-05-21 21:35:10,772  __main__  INFO  BAG WFS request  startIndex=5000
2026-05-21 21:35:11,484  __main__  INFO  BAG WFS request  startIndex=6000
2026-05-21 21:35:12,201  __main__  INFO  BAG WFS request  startIndex=7000
2026-05-21 21:35:12,925  __main__  INFO  BAG WFS request  startIndex=8000
2026-05-21 21:35:13,668  __main__  INFO  BAG WFS request  startIndex=9000
2026-05-21 21:35:14,383  __main__  INFO  BAG WFS request  startIndex=10000
2026-05-21 21:35:15,092  __main__  INFO  BAG WFS request  startIndex=11000
2026-05-21 21:35:15,849  __main__  INFO  BAG WFS request  startIndex=12000
2026-05-21 21:35:16,538  __main__  INFO  BAG: fetched 12675 panden
2026-05-21 21:35:16,538  __main__  INFO  BAG tile 39: bbox=[118188, 480709, 120188, 482709]
2026-05-21 21:35:16,538  __main__  INFO  BAG WFS request  startIndex=0
2026-05-21 21:35:17,273  __main__  INFO  BAG WFS request  startIndex=1000
2026-05-21 21:35:18,064  __main__  INFO  BAG WFS request  startIndex=2000
2026-05-21 21:35:18,797  __main__  INFO  BAG WFS request  startIndex=3000
2026-05-21 21:35:19,592  __main__  INFO  BAG WFS request  startIndex=4000
2026-05-21 21:35:20,364  __main__  INFO  BAG WFS request  startIndex=5000
2026-05-21 21:35:21,104  __main__  INFO  BAG WFS request  startIndex=6000
2026-05-21 21:35:21,620  __main__  INFO  BAG: fetched 6122 panden
2026-05-21 21:35:21,620  __main__  INFO  BAG tile 40: bbox=[118188, 482709, 120188, 484709]
2026-05-21 21:35:21,620  __main__  INFO  BAG WFS request  startIndex=0
2026-05-21 21:35:22,321  __main__  INFO  BAG WFS request  startIndex=1000
2026-05-21 21:35:23,034  __main__  INFO  BAG WFS request  startIndex=2000
2026-05-21 21:35:23,984  __main__  INFO  BAG WFS request  startIndex=3000
2026-05-21 21:35:24,703  __main__  INFO  BAG WFS request  startIndex=4000
2026-05-21 21:35:25,359  __main__  INFO  BAG: fetched 4474 panden
2026-05-21 21:35:25,359  __main__  INFO  BAG tile 41: bbox=[118188, 484709, 120188, 486709]
2026-05-21 21:35:25,359  __main__  INFO  BAG WFS request  startIndex=0
2026-05-21 21:35:26,099  __main__  INFO  BAG WFS request  startIndex=1000
2026-05-21 21:35:26,871  __main__  INFO  BAG WFS request  startIndex=2000
2026-05-21 21:35:27,660  __main__  INFO  BAG WFS request  startIndex=3000
2026-05-21 21:35:28,384  __main__  INFO  BAG WFS request  startIndex=4000
2026-05-21 21:35:29,148  __main__  INFO  BAG WFS request  startIndex=5000
2026-05-21 21:35:29,888  __main__  INFO  BAG WFS request  startIndex=6000
2026-05-21 21:35:30,624  __main__  INFO  BAG WFS request  startIndex=7000
2026-05-21 21:35:31,420  __main__  INFO  BAG WFS request  startIndex=8000
2026-05-21 21:35:32,134  __main__  INFO  BAG WFS request  startIndex=9000
2026-05-21 21:35:32,840  __main__  INFO  BAG WFS request  startIndex=10000
2026-05-21 21:35:33,597  __main__  INFO  BAG WFS request  startIndex=11000
2026-05-21 21:35:34,254  __main__  INFO  BAG: fetched 11410 panden
2026-05-21 21:35:34,254  __main__  INFO  BAG tile 42: bbox=[118188, 486709, 120188, 488709]
2026-05-21 21:35:34,254  __main__  INFO  BAG WFS request  startIndex=0
2026-05-21 21:35:34,999  __main__  INFO  BAG WFS request  startIndex=1000
2026-05-21 21:35:35,706  __main__  INFO  BAG WFS request  startIndex=2000
2026-05-21 21:35:36,462  __main__  INFO  BAG WFS request  startIndex=3000
2026-05-21 21:35:37,212  __main__  INFO  BAG WFS request  startIndex=4000
2026-05-21 21:35:37,928  __main__  INFO  BAG WFS request  startIndex=5000
2026-05-21 21:35:38,658  __main__  INFO  BAG WFS request  startIndex=6000
2026-05-21 21:35:39,384  __main__  INFO  BAG WFS request  startIndex=7000
2026-05-21 21:35:40,128  __main__  INFO  BAG WFS request  startIndex=8000
2026-05-21 21:35:40,849  __main__  INFO  BAG WFS request  startIndex=9000
2026-05-21 21:35:41,589  __main__  INFO  BAG WFS request  startIndex=10000
2026-05-21 21:35:42,497  __main__  INFO  BAG WFS request  startIndex=11000
2026-05-21 21:35:43,252  __main__  INFO  BAG: fetched 11640 panden
2026-05-21 21:35:43,252  __main__  INFO  BAG tile 43: bbox=[118188, 488709, 120188, 490709]
2026-05-21 21:35:43,252  __main__  INFO  BAG WFS request  startIndex=0
2026-05-21 21:35:44,066  __main__  INFO  BAG WFS request  startIndex=1000
2026-05-21 21:35:44,640  __main__  INFO  BAG: fetched 1293 panden
2026-05-21 21:35:44,640  __main__  INFO  BAG tile 44: bbox=[118188, 490709, 120188, 492709]
2026-05-21 21:35:44,640  __main__  INFO  BAG WFS request  startIndex=0
2026-05-21 21:35:45,364  __main__  INFO  BAG: fetched 501 panden
2026-05-21 21:35:45,364  __main__  INFO  BAG tile 45: bbox=[118188, 492709, 120188, 493894]
2026-05-21 21:35:45,364  __main__  INFO  BAG WFS request  startIndex=0
2026-05-21 21:35:45,860  __main__  INFO  BAG: fetched 307 panden
2026-05-21 21:35:45,860  __main__  INFO  BAG tile 46: bbox=[120188, 476709, 122188, 478709]
2026-05-21 21:35:45,860  __main__  INFO  BAG WFS request  startIndex=0
2026-05-21 21:35:46,599  __main__  INFO  BAG WFS request  startIndex=1000
2026-05-21 21:35:47,040  __main__  INFO  BAG: fetched 1043 panden
2026-05-21 21:35:47,040  __main__  INFO  BAG tile 47: bbox=[120188, 478709, 122188, 480709]
2026-05-21 21:35:47,040  __main__  INFO  BAG WFS request  startIndex=0
2026-05-21 21:35:47,781  __main__  INFO  BAG WFS request  startIndex=1000
2026-05-21 21:35:48,606  __main__  INFO  BAG WFS request  startIndex=2000
2026-05-21 21:35:49,237  __main__  INFO  BAG: fetched 2440 panden
2026-05-21 21:35:49,237  __main__  INFO  BAG tile 48: bbox=[120188, 480709, 122188, 482709]
2026-05-21 21:35:49,237  __main__  INFO  BAG WFS request  startIndex=0
2026-05-21 21:35:50,291  __main__  INFO  BAG WFS request  startIndex=1000
2026-05-21 21:35:51,004  __main__  INFO  BAG: fetched 1897 panden
2026-05-21 21:35:51,005  __main__  INFO  BAG tile 49: bbox=[120188, 482709, 122188, 484709]
2026-05-21 21:35:51,005  __main__  INFO  BAG WFS request  startIndex=0
2026-05-21 21:35:51,827  __main__  INFO  BAG WFS request  startIndex=1000
2026-05-21 21:35:52,620  __main__  INFO  BAG WFS request  startIndex=2000
2026-05-21 21:35:53,391  __main__  INFO  BAG WFS request  startIndex=3000
2026-05-21 21:35:54,158  __main__  INFO  BAG WFS request  startIndex=4000
2026-05-21 21:35:55,379  __main__  INFO  BAG WFS request  startIndex=5000
2026-05-21 21:35:56,114  __main__  INFO  BAG: fetched 5506 panden
2026-05-21 21:35:56,114  __main__  INFO  BAG tile 50: bbox=[120188, 484709, 122188, 486709]
2026-05-21 21:35:56,114  __main__  INFO  BAG WFS request  startIndex=0
2026-05-21 21:35:57,181  __main__  INFO  BAG WFS request  startIndex=1000
2026-05-21 21:35:57,922  __main__  INFO  BAG WFS request  startIndex=2000
2026-05-21 21:35:58,696  __main__  INFO  BAG WFS request  startIndex=3000
2026-05-21 21:35:59,434  __main__  INFO  BAG WFS request  startIndex=4000
2026-05-21 21:36:00,139  __main__  INFO  BAG WFS request  startIndex=5000
2026-05-21 21:36:00,873  __main__  INFO  BAG WFS request  startIndex=6000
2026-05-21 21:36:01,651  __main__  INFO  BAG WFS request  startIndex=7000
2026-05-21 21:36:02,403  __main__  INFO  BAG WFS request  startIndex=8000
2026-05-21 21:36:03,216  __main__  INFO  BAG WFS request  startIndex=9000
2026-05-21 21:36:04,032  __main__  INFO  BAG WFS request  startIndex=10000
2026-05-21 21:36:04,795  __main__  INFO  BAG WFS request  startIndex=11000
2026-05-21 21:36:05,552  __main__  INFO  BAG: fetched 11727 panden
2026-05-21 21:36:05,552  __main__  INFO  BAG tile 51: bbox=[120188, 486709, 122188, 488709]
2026-05-21 21:36:05,552  __main__  INFO  BAG WFS request  startIndex=0
2026-05-21 21:36:06,324  __main__  INFO  BAG WFS request  startIndex=1000
2026-05-21 21:36:07,094  __main__  INFO  BAG WFS request  startIndex=2000
2026-05-21 21:36:07,890  __main__  INFO  BAG WFS request  startIndex=3000
2026-05-21 21:36:08,647  __main__  INFO  BAG WFS request  startIndex=4000
2026-05-21 21:36:09,788  __main__  INFO  BAG WFS request  startIndex=5000
2026-05-21 21:36:10,546  __main__  INFO  BAG WFS request  startIndex=6000
2026-05-21 21:36:11,304  __main__  INFO  BAG WFS request  startIndex=7000
2026-05-21 21:36:12,211  __main__  INFO  BAG WFS request  startIndex=8000
2026-05-21 21:36:13,000  __main__  INFO  BAG WFS request  startIndex=9000
2026-05-21 21:36:13,787  __main__  INFO  BAG WFS request  startIndex=10000
2026-05-21 21:36:14,398  __main__  INFO  BAG: fetched 10363 panden
2026-05-21 21:36:14,398  __main__  INFO  BAG tile 52: bbox=[120188, 488709, 122188, 490709]
2026-05-21 21:36:14,398  __main__  INFO  BAG WFS request  startIndex=0
2026-05-21 21:36:15,127  __main__  INFO  BAG WFS request  startIndex=1000
2026-05-21 21:36:15,867  __main__  INFO  BAG WFS request  startIndex=2000
2026-05-21 21:36:16,348  __main__  INFO  BAG: fetched 2026 panden
2026-05-21 21:36:16,348  __main__  INFO  BAG tile 53: bbox=[120188, 490709, 122188, 492709]
2026-05-21 21:36:16,348  __main__  INFO  BAG WFS request  startIndex=0
2026-05-21 21:36:17,076  __main__  INFO  BAG WFS request  startIndex=1000
2026-05-21 21:36:17,761  __main__  INFO  BAG WFS request  startIndex=2000
2026-05-21 21:36:18,484  __main__  INFO  BAG WFS request  startIndex=3000
2026-05-21 21:36:19,208  __main__  INFO  BAG WFS request  startIndex=4000
2026-05-21 21:36:19,887  __main__  INFO  BAG WFS request  startIndex=5000
2026-05-21 21:36:20,579  __main__  INFO  BAG WFS request  startIndex=6000
2026-05-21 21:36:21,279  __main__  INFO  BAG WFS request  startIndex=7000
2026-05-21 21:36:22,014  __main__  INFO  BAG WFS request  startIndex=8000
2026-05-21 21:36:22,811  __main__  INFO  BAG WFS request  startIndex=9000
2026-05-21 21:36:23,608  __main__  INFO  BAG WFS request  startIndex=10000
2026-05-21 21:36:24,277  __main__  INFO  BAG: fetched 10390 panden
2026-05-21 21:36:24,277  __main__  INFO  BAG tile 54: bbox=[120188, 492709, 122188, 493894]
2026-05-21 21:36:24,277  __main__  INFO  BAG WFS request  startIndex=0
2026-05-21 21:36:25,152  __main__  INFO  BAG WFS request  startIndex=1000
2026-05-21 21:36:25,799  __main__  INFO  BAG WFS request  startIndex=2000
2026-05-21 21:36:26,476  __main__  INFO  BAG WFS request  startIndex=3000
2026-05-21 21:36:27,029  __main__  INFO  BAG: fetched 3273 panden
2026-05-21 21:36:27,029  __main__  INFO  BAG tile 55: bbox=[122188, 476709, 124188, 478709]
2026-05-21 21:36:27,029  __main__  INFO  BAG WFS request  startIndex=0
2026-05-21 21:36:27,739  __main__  INFO  BAG WFS request  startIndex=1000
2026-05-21 21:36:28,621  __main__  INFO  BAG: fetched 1957 panden
2026-05-21 21:36:28,621  __main__  INFO  BAG tile 56: bbox=[122188, 478709, 124188, 480709]
2026-05-21 21:36:28,622  __main__  INFO  BAG WFS request  startIndex=0
2026-05-21 21:36:29,359  __main__  INFO  BAG WFS request  startIndex=1000
2026-05-21 21:36:30,122  __main__  INFO  BAG WFS request  startIndex=2000
2026-05-21 21:36:30,698  __main__  INFO  BAG: fetched 2603 panden
2026-05-21 21:36:30,699  __main__  INFO  BAG tile 57: bbox=[122188, 480709, 124188, 482709]
2026-05-21 21:36:30,699  __main__  INFO  BAG WFS request  startIndex=0
2026-05-21 21:36:31,370  __main__  INFO  BAG WFS request  startIndex=1000
2026-05-21 21:36:32,037  __main__  INFO  BAG: fetched 1940 panden
2026-05-21 21:36:32,037  __main__  INFO  BAG tile 58: bbox=[122188, 482709, 124188, 484709]
2026-05-21 21:36:32,037  __main__  INFO  BAG WFS request  startIndex=0
2026-05-21 21:36:32,789  __main__  INFO  BAG WFS request  startIndex=1000
2026-05-21 21:36:33,511  __main__  INFO  BAG WFS request  startIndex=2000
2026-05-21 21:36:34,220  __main__  INFO  BAG WFS request  startIndex=3000
2026-05-21 21:36:34,959  __main__  INFO  BAG WFS request  startIndex=4000
2026-05-21 21:36:35,480  __main__  INFO  BAG: fetched 4142 panden
2026-05-21 21:36:35,480  __main__  INFO  BAG tile 59: bbox=[122188, 484709, 124188, 486709]
2026-05-21 21:36:35,480  __main__  INFO  BAG WFS request  startIndex=0
2026-05-21 21:36:36,219  __main__  INFO  BAG WFS request  startIndex=1000
2026-05-21 21:36:36,973  __main__  INFO  BAG WFS request  startIndex=2000
2026-05-21 21:36:37,690  __main__  INFO  BAG WFS request  startIndex=3000
2026-05-21 21:36:38,371  __main__  INFO  BAG WFS request  startIndex=4000
2026-05-21 21:36:39,104  __main__  INFO  BAG WFS request  startIndex=5000
2026-05-21 21:36:39,849  __main__  INFO  BAG WFS request  startIndex=6000
2026-05-21 21:36:40,572  __main__  INFO  BAG WFS request  startIndex=7000
2026-05-21 21:36:42,080  __main__  INFO  BAG: fetched 7728 panden
2026-05-21 21:36:42,080  __main__  INFO  BAG tile 60: bbox=[122188, 486709, 124188, 488709]
2026-05-21 21:36:42,080  __main__  INFO  BAG WFS request  startIndex=0
2026-05-21 21:36:42,861  __main__  INFO  BAG WFS request  startIndex=1000
2026-05-21 21:36:43,643  __main__  INFO  BAG WFS request  startIndex=2000
2026-05-21 21:36:44,179  __main__  INFO  BAG: fetched 2322 panden
2026-05-21 21:36:44,179  __main__  INFO  BAG tile 61: bbox=[122188, 488709, 124188, 490709]
2026-05-21 21:36:44,179  __main__  INFO  BAG WFS request  startIndex=0
2026-05-21 21:36:44,873  __main__  INFO  BAG WFS request  startIndex=1000
2026-05-21 21:36:45,586  __main__  INFO  BAG WFS request  startIndex=2000
2026-05-21 21:36:46,357  __main__  INFO  BAG WFS request  startIndex=3000
2026-05-21 21:36:47,100  __main__  INFO  BAG WFS request  startIndex=4000
2026-05-21 21:36:47,837  __main__  INFO  BAG WFS request  startIndex=5000
2026-05-21 21:36:48,547  __main__  INFO  BAG WFS request  startIndex=6000
2026-05-21 21:36:49,228  __main__  INFO  BAG WFS request  startIndex=7000
2026-05-21 21:36:49,992  __main__  INFO  BAG WFS request  startIndex=8000
2026-05-21 21:36:50,683  __main__  INFO  BAG WFS request  startIndex=9000
2026-05-21 21:36:51,889  __main__  INFO  BAG WFS request  startIndex=10000
2026-05-21 21:36:52,386  __main__  INFO  BAG: fetched 9979 panden
2026-05-21 21:36:52,386  __main__  INFO  BAG tile 62: bbox=[122188, 490709, 124188, 492709]
2026-05-21 21:36:52,386  __main__  INFO  BAG WFS request  startIndex=0
2026-05-21 21:36:53,082  __main__  INFO  BAG WFS request  startIndex=1000
2026-05-21 21:36:53,820  __main__  INFO  BAG WFS request  startIndex=2000
2026-05-21 21:36:54,562  __main__  INFO  BAG WFS request  startIndex=3000
2026-05-21 21:36:55,238  __main__  INFO  BAG: fetched 3665 panden
2026-05-21 21:36:55,238  __main__  INFO  BAG tile 63: bbox=[122188, 492709, 124188, 493894]
2026-05-21 21:36:55,238  __main__  INFO  BAG WFS request  startIndex=0
2026-05-21 21:36:55,983  __main__  INFO  BAG WFS request  startIndex=1000
2026-05-21 21:36:56,710  __main__  INFO  BAG WFS request  startIndex=2000
2026-05-21 21:36:58,136  __main__  INFO  BAG WFS request  startIndex=3000
2026-05-21 21:36:58,736  __main__  INFO  BAG: fetched 3480 panden
2026-05-21 21:36:58,736  __main__  INFO  BAG tile 64: bbox=[124188, 476709, 126188, 478709]
2026-05-21 21:36:58,736  __main__  INFO  BAG WFS request  startIndex=0
2026-05-21 21:36:59,246  __main__  INFO  BAG: fetched 166 panden
2026-05-21 21:36:59,246  __main__  INFO  BAG tile 65: bbox=[124188, 478709, 126188, 480709]
2026-05-21 21:36:59,246  __main__  INFO  BAG WFS request  startIndex=0
2026-05-21 21:37:00,136  __main__  INFO  BAG WFS request  startIndex=1000
2026-05-21 21:37:00,658  __main__  INFO  BAG: fetched 1146 panden
2026-05-21 21:37:00,658  __main__  INFO  BAG tile 66: bbox=[124188, 480709, 126188, 482709]
2026-05-21 21:37:00,658  __main__  INFO  BAG WFS request  startIndex=0
2026-05-21 21:37:01,357  __main__  INFO  BAG WFS request  startIndex=1000
2026-05-21 21:37:02,083  __main__  INFO  BAG WFS request  startIndex=2000
2026-05-21 21:37:02,756  __main__  INFO  BAG WFS request  startIndex=3000
2026-05-21 21:37:03,453  __main__  INFO  BAG WFS request  startIndex=4000
2026-05-21 21:37:04,133  __main__  INFO  BAG: fetched 4370 panden
2026-05-21 21:37:04,133  __main__  INFO  BAG tile 67: bbox=[124188, 482709, 126188, 484709]
2026-05-21 21:37:04,133  __main__  INFO  BAG WFS request  startIndex=0
2026-05-21 21:37:04,885  __main__  INFO  BAG WFS request  startIndex=1000
2026-05-21 21:37:05,637  __main__  INFO  BAG WFS request  startIndex=2000
2026-05-21 21:37:06,275  __main__  INFO  BAG WFS request  startIndex=3000
2026-05-21 21:37:06,955  __main__  INFO  BAG WFS request  startIndex=4000
2026-05-21 21:37:07,650  __main__  INFO  BAG WFS request  startIndex=5000
2026-05-21 21:37:08,340  __main__  INFO  BAG WFS request  startIndex=6000
2026-05-21 21:37:09,036  __main__  INFO  BAG WFS request  startIndex=7000
2026-05-21 21:37:09,714  __main__  INFO  BAG WFS request  startIndex=8000
2026-05-21 21:37:10,440  __main__  INFO  BAG WFS request  startIndex=9000
2026-05-21 21:37:11,081  __main__  INFO  BAG: fetched 9527 panden
2026-05-21 21:37:11,081  __main__  INFO  BAG tile 68: bbox=[124188, 484709, 126188, 486709]
2026-05-21 21:37:11,081  __main__  INFO  BAG WFS request  startIndex=0
2026-05-21 21:37:11,810  __main__  INFO  BAG WFS request  startIndex=1000
2026-05-21 21:37:12,566  __main__  INFO  BAG WFS request  startIndex=2000
2026-05-21 21:37:13,283  __main__  INFO  BAG WFS request  startIndex=3000
2026-05-21 21:37:13,937  __main__  INFO  BAG: fetched 3554 panden
2026-05-21 21:37:13,937  __main__  INFO  BAG tile 69: bbox=[124188, 486709, 126188, 488709]
2026-05-21 21:37:13,937  __main__  INFO  BAG WFS request  startIndex=0
2026-05-21 21:37:14,648  __main__  INFO  BAG WFS request  startIndex=1000
2026-05-21 21:37:15,295  __main__  INFO  BAG: fetched 1645 panden
2026-05-21 21:37:15,295  __main__  INFO  BAG tile 70: bbox=[124188, 488709, 126188, 490709]
2026-05-21 21:37:15,295  __main__  INFO  BAG WFS request  startIndex=0
2026-05-21 21:37:16,007  __main__  INFO  BAG WFS request  startIndex=1000
2026-05-21 21:37:16,755  __main__  INFO  BAG WFS request  startIndex=2000
2026-05-21 21:37:17,468  __main__  INFO  BAG WFS request  startIndex=3000
2026-05-21 21:37:18,196  __main__  INFO  BAG WFS request  startIndex=4000
2026-05-21 21:37:18,874  __main__  INFO  BAG WFS request  startIndex=5000
2026-05-21 21:37:19,590  __main__  INFO  BAG WFS request  startIndex=6000
2026-05-21 21:37:20,047  __main__  INFO  BAG: fetched 6038 panden
2026-05-21 21:37:20,047  __main__  INFO  BAG tile 71: bbox=[124188, 490709, 126188, 492709]
2026-05-21 21:37:20,047  __main__  INFO  BAG WFS request  startIndex=0
2026-05-21 21:37:20,618  __main__  INFO  BAG: fetched 408 panden
2026-05-21 21:37:20,618  __main__  INFO  BAG tile 72: bbox=[124188, 492709, 126188, 493894]
2026-05-21 21:37:20,618  __main__  INFO  BAG WFS request  startIndex=0
2026-05-21 21:37:21,151  __main__  INFO  BAG: fetched 320 panden
2026-05-21 21:37:21,151  __main__  INFO  BAG tile 73: bbox=[126188, 476709, 128188, 478709]
2026-05-21 21:37:21,151  __main__  INFO  BAG WFS request  startIndex=0
2026-05-21 21:37:21,834  __main__  INFO  BAG WFS request  startIndex=1000
2026-05-21 21:37:22,610  __main__  INFO  BAG WFS request  startIndex=2000
2026-05-21 21:37:23,294  __main__  INFO  BAG WFS request  startIndex=3000
2026-05-21 21:37:23,893  __main__  INFO  BAG: fetched 3516 panden
2026-05-21 21:37:23,893  __main__  INFO  BAG tile 74: bbox=[126188, 478709, 128188, 480709]
2026-05-21 21:37:23,893  __main__  INFO  BAG WFS request  startIndex=0
2026-05-21 21:37:24,604  __main__  INFO  BAG WFS request  startIndex=1000
2026-05-21 21:37:25,354  __main__  INFO  BAG WFS request  startIndex=2000
2026-05-21 21:37:26,129  __main__  INFO  BAG WFS request  startIndex=3000
2026-05-21 21:37:26,898  __main__  INFO  BAG WFS request  startIndex=4000
2026-05-21 21:37:27,490  __main__  INFO  BAG: fetched 4702 panden
2026-05-21 21:37:27,490  __main__  INFO  BAG tile 75: bbox=[126188, 480709, 128188, 482709]
2026-05-21 21:37:27,490  __main__  INFO  BAG WFS request  startIndex=0
2026-05-21 21:37:28,461  __main__  INFO  BAG WFS request  startIndex=1000
2026-05-21 21:37:29,154  __main__  INFO  BAG WFS request  startIndex=2000
2026-05-21 21:37:29,867  __main__  INFO  BAG WFS request  startIndex=3000
2026-05-21 21:37:30,539  __main__  INFO  BAG WFS request  startIndex=4000
2026-05-21 21:37:31,334  __main__  INFO  BAG WFS request  startIndex=5000
2026-05-21 21:37:32,186  __main__  INFO  BAG WFS request  startIndex=6000
2026-05-21 21:37:32,757  __main__  INFO  BAG: fetched 6282 panden
2026-05-21 21:37:32,757  __main__  INFO  BAG tile 76: bbox=[126188, 482709, 128188, 484709]
2026-05-21 21:37:32,757  __main__  INFO  BAG WFS request  startIndex=0
2026-05-21 21:37:33,445  __main__  INFO  BAG WFS request  startIndex=1000
2026-05-21 21:37:34,537  __main__  INFO  BAG WFS request  startIndex=2000
2026-05-21 21:37:35,256  __main__  INFO  BAG WFS request  startIndex=3000
2026-05-21 21:37:35,990  __main__  INFO  BAG WFS request  startIndex=4000
2026-05-21 21:37:36,563  __main__  INFO  BAG: fetched 4344 panden
2026-05-21 21:37:36,563  __main__  INFO  BAG tile 77: bbox=[126188, 484709, 128188, 486709]
2026-05-21 21:37:36,563  __main__  INFO  BAG WFS request  startIndex=0
2026-05-21 21:37:37,315  __main__  INFO  BAG WFS request  startIndex=1000
2026-05-21 21:37:37,984  __main__  INFO  BAG WFS request  startIndex=2000
2026-05-21 21:37:38,680  __main__  INFO  BAG WFS request  startIndex=3000
2026-05-21 21:37:39,298  __main__  INFO  BAG: fetched 3559 panden
2026-05-21 21:37:39,298  __main__  INFO  BAG tile 78: bbox=[126188, 486709, 128188, 488709]
2026-05-21 21:37:39,298  __main__  INFO  BAG WFS request  startIndex=0
2026-05-21 21:37:39,971  __main__  INFO  BAG: fetched 704 panden
2026-05-21 21:37:39,971  __main__  INFO  BAG tile 79: bbox=[126188, 488709, 128188, 490709]
2026-05-21 21:37:39,971  __main__  INFO  BAG WFS request  startIndex=0
2026-05-21 21:37:40,292  __main__  INFO  BAG: fetched 103 panden
2026-05-21 21:37:40,292  __main__  INFO  BAG tile 80: bbox=[126188, 490709, 128188, 492709]
2026-05-21 21:37:40,292  __main__  INFO  BAG WFS request  startIndex=0
2026-05-21 21:37:40,670  __main__  INFO  BAG: fetched 257 panden
2026-05-21 21:37:40,670  __main__  INFO  BAG tile 81: bbox=[126188, 492709, 128188, 493894]
2026-05-21 21:37:40,670  __main__  INFO  BAG WFS request  startIndex=0
2026-05-21 21:37:41,074  __main__  INFO  BAG: fetched 218 panden
2026-05-21 21:37:41,074  __main__  INFO  BAG tile 82: bbox=[128188, 476709, 130188, 478709]
2026-05-21 21:37:41,074  __main__  INFO  BAG WFS request  startIndex=0
2026-05-21 21:37:41,527  __main__  INFO  BAG: fetched 364 panden
2026-05-21 21:37:41,527  __main__  INFO  BAG tile 83: bbox=[128188, 478709, 130188, 480709]
2026-05-21 21:37:41,527  __main__  INFO  BAG WFS request  startIndex=0
2026-05-21 21:37:42,605  __main__  INFO  BAG WFS request  startIndex=1000
2026-05-21 21:37:43,187  __main__  INFO  BAG WFS request  startIndex=2000
2026-05-21 21:37:43,730  __main__  INFO  BAG: fetched 2720 panden
2026-05-21 21:37:43,730  __main__  INFO  BAG tile 84: bbox=[128188, 480709, 130188, 482709]
2026-05-21 21:37:43,730  __main__  INFO  BAG WFS request  startIndex=0
2026-05-21 21:37:44,056  __main__  INFO  BAG: fetched 96 panden
2026-05-21 21:37:44,056  __main__  INFO  BAG tile 85: bbox=[128188, 482709, 130188, 484709]
2026-05-21 21:37:44,056  __main__  INFO  BAG WFS request  startIndex=0
2026-05-21 21:37:44,645  __main__  INFO  BAG WFS request  startIndex=1000
2026-05-21 21:37:45,188  __main__  INFO  BAG: fetched 1227 panden
2026-05-21 21:37:45,188  __main__  INFO  BAG tile 86: bbox=[128188, 484709, 130188, 486709]
2026-05-21 21:37:45,188  __main__  INFO  BAG WFS request  startIndex=0
2026-05-21 21:37:45,826  __main__  INFO  BAG WFS request  startIndex=1000
2026-05-21 21:37:46,464  __main__  INFO  BAG WFS request  startIndex=2000
2026-05-21 21:37:46,774  __main__  INFO  BAG: fetched 1929 panden
2026-05-21 21:37:46,774  __main__  INFO  BAG tile 87: bbox=[128188, 486709, 130188, 488709]
2026-05-21 21:37:46,774  __main__  INFO  BAG WFS request  startIndex=0
2026-05-21 21:37:47,128  __main__  INFO  BAG: fetched 230 panden
2026-05-21 21:37:47,128  __main__  INFO  BAG tile 88: bbox=[128188, 488709, 130188, 490709]
2026-05-21 21:37:47,128  __main__  INFO  BAG WFS request  startIndex=0
2026-05-21 21:37:47,556  __main__  INFO  BAG: fetched 358 panden
2026-05-21 21:37:47,557  __main__  INFO  BAG tile 89: bbox=[128188, 490709, 130188, 492709]
2026-05-21 21:37:47,557  __main__  INFO  BAG WFS request  startIndex=0
2026-05-21 21:37:47,871  __main__  INFO  BAG: fetched 87 panden
2026-05-21 21:37:47,871  __main__  INFO  BAG tile 90: bbox=[128188, 492709, 130188, 493894]
2026-05-21 21:37:47,871  __main__  INFO  BAG WFS request  startIndex=0
2026-05-21 21:37:49,117  __main__  INFO  BAG: fetched 680 panden
2026-05-21 21:37:49,117  __main__  INFO  BAG tile 91: bbox=[130188, 476709, 132188, 478709]
2026-05-21 21:37:49,117  __main__  INFO  BAG WFS request  startIndex=0
2026-05-21 21:37:49,879  __main__  INFO  BAG: fetched 112 panden
2026-05-21 21:37:49,879  __main__  INFO  BAG tile 92: bbox=[130188, 478709, 132188, 480709]
2026-05-21 21:37:49,879  __main__  INFO  BAG WFS request  startIndex=0
2026-05-21 21:37:50,461  __main__  INFO  BAG WFS request  startIndex=1000
2026-05-21 21:37:51,144  __main__  INFO  BAG WFS request  startIndex=2000
2026-05-21 21:37:51,741  __main__  INFO  BAG WFS request  startIndex=3000
2026-05-21 21:37:52,357  __main__  INFO  BAG WFS request  startIndex=4000
2026-05-21 21:37:53,019  __main__  INFO  BAG WFS request  startIndex=5000
2026-05-21 21:37:54,051  __main__  INFO  BAG WFS request  startIndex=6000
2026-05-21 21:37:54,669  __main__  INFO  BAG WFS request  startIndex=7000
2026-05-21 21:37:55,294  __main__  INFO  BAG WFS request  startIndex=8000
2026-05-21 21:37:55,667  __main__  INFO  BAG: fetched 7999 panden
2026-05-21 21:37:55,667  __main__  INFO  BAG tile 93: bbox=[130188, 480709, 132188, 482709]
2026-05-21 21:37:55,667  __main__  INFO  BAG WFS request  startIndex=0
2026-05-21 21:37:56,228  __main__  INFO  BAG WFS request  startIndex=1000
2026-05-21 21:37:57,105  __main__  INFO  BAG WFS request  startIndex=2000
2026-05-21 21:37:57,678  __main__  INFO  BAG WFS request  startIndex=3000
2026-05-21 21:37:58,251  __main__  INFO  BAG WFS request  startIndex=4000
2026-05-21 21:37:58,775  __main__  INFO  BAG: fetched 4122 panden
2026-05-21 21:37:58,775  __main__  INFO  BAG tile 94: bbox=[130188, 482709, 132188, 484709]
2026-05-21 21:37:58,775  __main__  INFO  BAG WFS request  startIndex=0
2026-05-21 21:37:59,239  __main__  INFO  BAG: fetched 106 panden
2026-05-21 21:37:59,239  __main__  INFO  BAG tile 95: bbox=[130188, 484709, 132188, 486709]
2026-05-21 21:37:59,239  __main__  INFO  BAG WFS request  startIndex=0
2026-05-21 21:37:59,570  __main__  INFO  BAG: fetched 0 panden
2026-05-21 21:37:59,570  __main__  INFO  BAG tile 96: bbox=[130188, 486709, 132188, 488709]
2026-05-21 21:37:59,570  __main__  INFO  BAG WFS request  startIndex=0
2026-05-21 21:37:59,863  __main__  INFO  BAG: fetched 0 panden
2026-05-21 21:37:59,863  __main__  INFO  BAG tile 97: bbox=[130188, 488709, 132188, 490709]
2026-05-21 21:37:59,863  __main__  INFO  BAG WFS request  startIndex=0
2026-05-21 21:38:00,162  __main__  INFO  BAG: fetched 40 panden
2026-05-21 21:38:00,162  __main__  INFO  BAG tile 98: bbox=[130188, 490709, 132188, 492709]
2026-05-21 21:38:00,162  __main__  INFO  BAG WFS request  startIndex=0
2026-05-21 21:38:00,537  __main__  INFO  BAG: fetched 179 panden
2026-05-21 21:38:00,537  __main__  INFO  BAG tile 99: bbox=[130188, 492709, 132188, 493894]
2026-05-21 21:38:00,537  __main__  INFO  BAG WFS request  startIndex=0
2026-05-21 21:38:00,906  __main__  INFO  BAG: fetched 153 panden
2026-05-21 21:38:00,907  __main__  INFO  BAG tile 100: bbox=[132188, 476709, 134188, 478709]
2026-05-21 21:38:00,907  __main__  INFO  BAG WFS request  startIndex=0
2026-05-21 21:38:01,325  __main__  INFO  BAG: fetched 307 panden
2026-05-21 21:38:01,325  __main__  INFO  BAG tile 101: bbox=[132188, 478709, 134188, 480709]
2026-05-21 21:38:01,325  __main__  INFO  BAG WFS request  startIndex=0
2026-05-21 21:38:01,790  __main__  INFO  BAG: fetched 356 panden
2026-05-21 21:38:01,790  __main__  INFO  BAG tile 102: bbox=[132188, 480709, 134188, 482709]
2026-05-21 21:38:01,790  __main__  INFO  BAG WFS request  startIndex=0
2026-05-21 21:38:02,575  __main__  INFO  BAG WFS request  startIndex=1000
2026-05-21 21:38:03,143  __main__  INFO  BAG WFS request  startIndex=2000
2026-05-21 21:38:03,557  __main__  INFO  BAG: fetched 2330 panden
2026-05-21 21:38:03,557  __main__  INFO  BAG tile 103: bbox=[132188, 482709, 134188, 484709]
2026-05-21 21:38:03,557  __main__  INFO  BAG WFS request  startIndex=0
2026-05-21 21:38:04,119  __main__  INFO  BAG WFS request  startIndex=1000
2026-05-21 21:38:04,963  __main__  INFO  BAG: fetched 1917 panden
2026-05-21 21:38:04,964  __main__  INFO  BAG tile 104: bbox=[132188, 484709, 134188, 486709]
2026-05-21 21:38:04,964  __main__  INFO  BAG WFS request  startIndex=0
2026-05-21 21:38:05,287  __main__  INFO  BAG: fetched 9 panden
2026-05-21 21:38:05,288  __main__  INFO  BAG tile 105: bbox=[132188, 486709, 134188, 488709]
2026-05-21 21:38:05,288  __main__  INFO  BAG WFS request  startIndex=0
2026-05-21 21:38:05,585  __main__  INFO  BAG: fetched 0 panden
2026-05-21 21:38:05,585  __main__  INFO  BAG tile 106: bbox=[132188, 488709, 134188, 490709]
2026-05-21 21:38:05,586  __main__  INFO  BAG WFS request  startIndex=0
2026-05-21 21:38:05,870  __main__  INFO  BAG: fetched 0 panden
2026-05-21 21:38:05,870  __main__  INFO  BAG tile 107: bbox=[132188, 490709, 134188, 492709]
2026-05-21 21:38:05,870  __main__  INFO  BAG WFS request  startIndex=0
2026-05-21 21:38:06,232  __main__  INFO  BAG: fetched 105 panden
2026-05-21 21:38:06,232  __main__  INFO  BAG tile 108: bbox=[132188, 492709, 134188, 493894]
2026-05-21 21:38:06,232  __main__  INFO  BAG WFS request  startIndex=0
2026-05-21 21:38:06,617  __main__  INFO  BAG: fetched 163 panden
2026-05-21 21:38:06,617  __main__  INFO  BAG tile 109: bbox=[134188, 476709, 135933, 478709]
2026-05-21 21:38:06,617  __main__  INFO  BAG WFS request  startIndex=0
2026-05-21 21:38:06,978  __main__  INFO  BAG: fetched 42 panden
2026-05-21 21:38:06,978  __main__  INFO  BAG tile 110: bbox=[134188, 478709, 135933, 480709]
2026-05-21 21:38:06,978  __main__  INFO  BAG WFS request  startIndex=0
2026-05-21 21:38:07,345  __main__  INFO  BAG: fetched 82 panden
2026-05-21 21:38:07,345  __main__  INFO  BAG tile 111: bbox=[134188, 480709, 135933, 482709]
2026-05-21 21:38:07,345  __main__  INFO  BAG WFS request  startIndex=0
2026-05-21 21:38:07,679  __main__  INFO  BAG: fetched 139 panden
2026-05-21 21:38:07,679  __main__  INFO  BAG tile 112: bbox=[134188, 482709, 135933, 484709]
2026-05-21 21:38:07,679  __main__  INFO  BAG WFS request  startIndex=0
2026-05-21 21:38:07,999  __main__  INFO  BAG: fetched 30 panden
2026-05-21 21:38:08,000  __main__  INFO  BAG tile 113: bbox=[134188, 484709, 135933, 486709]
2026-05-21 21:38:08,000  __main__  INFO  BAG WFS request  startIndex=0
2026-05-21 21:38:08,308  __main__  INFO  BAG: fetched 0 panden
2026-05-21 21:38:08,308  __main__  INFO  BAG tile 114: bbox=[134188, 486709, 135933, 488709]
2026-05-21 21:38:08,308  __main__  INFO  BAG WFS request  startIndex=0
2026-05-21 21:38:08,606  __main__  INFO  BAG: fetched 0 panden
2026-05-21 21:38:08,606  __main__  INFO  BAG tile 115: bbox=[134188, 488709, 135933, 490709]
2026-05-21 21:38:08,606  __main__  INFO  BAG WFS request  startIndex=0
2026-05-21 21:38:08,911  __main__  INFO  BAG: fetched 0 panden
2026-05-21 21:38:08,911  __main__  INFO  BAG tile 116: bbox=[134188, 490709, 135933, 492709]
2026-05-21 21:38:08,911  __main__  INFO  BAG WFS request  startIndex=0
2026-05-21 21:38:09,207  __main__  INFO  BAG: fetched 0 panden
2026-05-21 21:38:09,207  __main__  INFO  BAG tile 117: bbox=[134188, 492709, 135933, 493894]
2026-05-21 21:38:09,207  __main__  INFO  BAG WFS request  startIndex=0
2026-05-21 21:38:09,500  __main__  INFO  BAG: fetched 0 panden
2026-05-21 21:38:09,578  __main__  INFO  BAG tiled: 291364 unique panden across 117 tiles (2902 duplicates dropped)
2026-05-21 21:38:09,584  __main__  INFO  === Fetching 3D BAG data ===
2026-05-21 21:38:09,584  __main__  INFO  3D BAG WFS request  startIndex=0
2026-05-21 21:38:18,310  __main__  INFO  3D BAG WFS request  startIndex=10000
2026-05-21 21:38:24,959  __main__  INFO  3D BAG WFS request  startIndex=20000
2026-05-21 21:38:31,726  __main__  INFO  3D BAG WFS request  startIndex=30000
2026-05-21 21:38:38,800  __main__  INFO  3D BAG WFS request  startIndex=40000
2026-05-21 21:38:45,325  __main__  INFO  3D BAG WFS request  startIndex=50000
2026-05-21 21:38:52,092  __main__  INFO  3D BAG WFS request  startIndex=60000
2026-05-21 21:38:58,710  __main__  INFO  3D BAG WFS request  startIndex=70000
2026-05-21 21:39:05,452  __main__  INFO  3D BAG WFS request  startIndex=80000
2026-05-21 21:39:12,051  __main__  INFO  3D BAG WFS request  startIndex=90000
2026-05-21 21:39:19,070  __main__  INFO  3D BAG WFS request  startIndex=100000
2026-05-21 21:39:25,637  __main__  INFO  3D BAG WFS request  startIndex=110000
2026-05-21 21:39:32,323  __main__  INFO  3D BAG WFS request  startIndex=120000
2026-05-21 21:39:39,265  __main__  INFO  3D BAG WFS request  startIndex=130000
2026-05-21 21:39:46,318  __main__  INFO  3D BAG WFS request  startIndex=140000
2026-05-21 21:39:54,264  __main__  INFO  3D BAG WFS request  startIndex=150000
2026-05-21 21:40:01,546  __main__  INFO  3D BAG WFS request  startIndex=160000
2026-05-21 21:40:09,764  __main__  INFO  3D BAG WFS request  startIndex=170000
2026-05-21 21:40:17,615  __main__  INFO  3D BAG WFS request  startIndex=180000
2026-05-21 21:40:25,746  __main__  INFO  3D BAG WFS request  startIndex=190000
2026-05-21 21:40:33,374  __main__  INFO  3D BAG WFS request  startIndex=200000
2026-05-21 21:40:41,457  __main__  INFO  3D BAG WFS request  startIndex=210000
2026-05-21 21:40:50,043  __main__  INFO  3D BAG WFS request  startIndex=220000
2026-05-21 21:40:58,387  __main__  INFO  3D BAG WFS request  startIndex=230000
2026-05-21 21:41:06,969  __main__  INFO  3D BAG WFS request  startIndex=240000
2026-05-21 21:41:15,672  __main__  INFO  3D BAG WFS request  startIndex=250000
2026-05-21 21:41:24,700  __main__  INFO  3D BAG WFS request  startIndex=260000
2026-05-21 21:41:32,745  __main__  INFO  3D BAG WFS request  startIndex=270000
2026-05-21 21:41:40,460  __main__  INFO  3D BAG WFS request  startIndex=280000
2026-05-21 21:41:46,918  __main__  INFO  3D BAG: fetched 285196 features
2026-05-21 21:41:46,918  __main__  INFO  === Loading EP-Online data ===
2026-05-21 21:42:01,952  __main__  INFO  EP-Online: loaded 69455 records for postcode prefix(es) ['10', '11']
2026-05-21 21:42:01,953  __main__  INFO  === Joining data sources ===
2026-05-21 21:42:02,381  __main__  INFO  Before join ¡X BAG: 291364, 3D BAG: 285196, EP-Online: 69578
2026-05-21 21:42:02,596  __main__  INFO  After BAG + 3D BAG join: 282851 rows
2026-05-21 21:42:02,683  __main__  INFO  After EP-Online join: 65411 rows
2026-05-21 21:42:02,736  __main__  INFO  After filtering & dedup: 63734 rows
2026-05-21 21:42:02,736  __main__  INFO  Keeping all 85 columns
2026-05-21 21:42:02,760  __main__  INFO  === Validating and saving ===
Traceback (most recent call last):
  File "<frozen runpy>", line 198, in _run_module_as_main
  File "<frozen runpy>", line 88, in _run_code
  File "D:\ITBE\Thesis\semi-synthetic-building-energy\src\data_loader.py", line 614, in <module>
    report = run_step1(cfg)
  File "D:\ITBE\Thesis\semi-synthetic-building-energy\src\data_loader.py", line 538, in run_step1
    report = validate_and_save(
        gdf=joined,
        output_path=paths["joined_output"],
        min_buildings=filters["min_buildings"],
    )
  File "D:\ITBE\Thesis\semi-synthetic-building-energy\src\data_loader.py", line 467, in validate_and_save
    gdf.to_parquet(output_path, index=False)
    ~~~~~~~~~~~~~~^^^^^^^^^^^^^^^^^^^^^^^^^^
  File "D:\ITBE\Thesis\semi-synthetic-building-energy\.venv\Lib\site-packages\geopandas\geodataframe.py", line 1464, in to_parquet
    _to_parquet(
    ~~~~~~~~~~~^
        self,
        ^^^^^
    ...<6 lines>...
        **kwargs,
        ^^^^^^^^^
    )
    ^
  File "D:\ITBE\Thesis\semi-synthetic-building-energy\.venv\Lib\site-packages\geopandas\io\arrow.py", line 440, in _to_parquet
    table = _geopandas_to_arrow(
        df,
    ...<3 lines>...
        write_covering_bbox=write_covering_bbox,
    )
  File "D:\ITBE\Thesis\semi-synthetic-building-energy\.venv\Lib\site-packages\geopandas\io\arrow.py", line 354, in _geopandas_to_arrow
    table, geometry_encoding_dict = geopandas_to_arrow(
                                    ~~~~~~~~~~~~~~~~~~^
        df, geometry_encoding=geometry_encoding, index=index, interleaved=False
        ^^^^^^^^^^^^^^^^^^^^^^^^^^^^^^^^^^^^^^^^^^^^^^^^^^^^^^^^^^^^^^^^^^^^^^^
    )
    ^
  File "D:\ITBE\Thesis\semi-synthetic-building-energy\.venv\Lib\site-packages\geopandas\io\_geoarrow.py", line 135, in geopandas_to_arrow
    table = pa.Table.from_pandas(df_attr, preserve_index=index)
  File "pyarrow/table.pxi", line 4796, in pyarrow.lib.Table.from_pandas
  File "D:\ITBE\Thesis\semi-synthetic-building-energy\.venv\Lib\site-packages\pyarrow\pandas_compat.py", line 664, in dataframe_to_arrays
    arrays[i] = maybe_fut.result()
                ~~~~~~~~~~~~~~~~^^
  File "C:\Users\Sandy\AppData\Roaming\uv\python\cpython-3.13.5-windows-x86_64-none\Lib\concurrent\futures\_base.py", line 449, in result
    return self.__get_result()
           ~~~~~~~~~~~~~~~~~^^
  File "C:\Users\Sandy\AppData\Roaming\uv\python\cpython-3.13.5-windows-x86_64-none\Lib\concurrent\futures\_base.py", line 401, in __get_result
    raise self._exception
  File "C:\Users\Sandy\AppData\Roaming\uv\python\cpython-3.13.5-windows-x86_64-none\Lib\concurrent\futures\thread.py", line 59, in run
    result = self.fn(*self.args, **self.kwargs)
  File "D:\ITBE\Thesis\semi-synthetic-building-energy\.venv\Lib\site-packages\pyarrow\pandas_compat.py", line 639, in convert_column
    raise e
  File "D:\ITBE\Thesis\semi-synthetic-building-energy\.venv\Lib\site-packages\pyarrow\pandas_compat.py", line 633, in convert_column
    result = pa.array(col, type=type_, from_pandas=True, safe=safe)
  File "pyarrow/array.pxi", line 365, in pyarrow.lib.array
  File "pyarrow/array.pxi", line 91, in pyarrow.lib._ndarray_to_array
  File "pyarrow/error.pxi", line 92, in pyarrow.lib.check_status
pyarrow.lib.ArrowTypeError: ("object of type <class 'str'> cannot be converted to int", 'Conversion failed for column documentdatum with type object')
