2026-05-21 21:04:02,054  __main__  INFO  === Fetching BAG data ===
2026-05-21 21:04:02,054  __main__  INFO  BAG WFS request  startIndex=0
2026-05-21 21:04:03,125  __main__  INFO  BAG WFS request  startIndex=1000
2026-05-21 21:04:03,936  __main__  INFO  BAG WFS request  startIndex=2000
2026-05-21 21:04:04,821  __main__  INFO  BAG WFS request  startIndex=3000
2026-05-21 21:04:05,750  __main__  INFO  BAG WFS request  startIndex=4000
2026-05-21 21:04:06,889  __main__  INFO  BAG WFS request  startIndex=5000
2026-05-21 21:04:07,754  __main__  INFO  BAG WFS request  startIndex=6000
2026-05-21 21:04:08,631  __main__  INFO  BAG WFS request  startIndex=7000
2026-05-21 21:04:09,651  __main__  INFO  BAG WFS request  startIndex=8000
2026-05-21 21:04:10,613  __main__  INFO  BAG WFS request  startIndex=9000
2026-05-21 21:04:11,717  __main__  INFO  BAG WFS request  startIndex=10000
2026-05-21 21:04:12,856  __main__  INFO  BAG WFS request  startIndex=11000
2026-05-21 21:04:14,164  __main__  INFO  BAG WFS request  startIndex=12000
2026-05-21 21:04:15,218  __main__  INFO  BAG WFS request  startIndex=13000
2026-05-21 21:04:16,304  __main__  INFO  BAG WFS request  startIndex=14000
2026-05-21 21:04:17,437  __main__  INFO  BAG WFS request  startIndex=15000
2026-05-21 21:04:22,031  __main__  INFO  BAG WFS request  startIndex=16000
2026-05-21 21:04:23,133  __main__  INFO  BAG WFS request  startIndex=17000
2026-05-21 21:04:25,000  __main__  INFO  BAG WFS request  startIndex=18000
2026-05-21 21:04:26,103  __main__  INFO  BAG WFS request  startIndex=19000
2026-05-21 21:04:28,121  __main__  INFO  BAG WFS request  startIndex=20000
2026-05-21 21:04:30,066  __main__  INFO  BAG WFS request  startIndex=21000
2026-05-21 21:04:31,541  __main__  INFO  BAG WFS request  startIndex=22000
2026-05-21 21:04:32,524  __main__  INFO  BAG WFS request  startIndex=23000
2026-05-21 21:04:33,578  __main__  INFO  BAG WFS request  startIndex=24000
2026-05-21 21:04:34,563  __main__  INFO  BAG WFS request  startIndex=25000
2026-05-21 21:04:35,539  __main__  INFO  BAG WFS request  startIndex=26000
2026-05-21 21:04:36,564  __main__  INFO  BAG WFS request  startIndex=27000
2026-05-21 21:04:38,410  __main__  INFO  BAG WFS request  startIndex=28000
2026-05-21 21:04:39,501  __main__  INFO  BAG WFS request  startIndex=29000
2026-05-21 21:04:41,189  __main__  INFO  BAG WFS request  startIndex=30000
2026-05-21 21:04:42,402  __main__  INFO  BAG WFS request  startIndex=31000
2026-05-21 21:04:43,409  __main__  INFO  BAG WFS request  startIndex=32000
2026-05-21 21:04:45,519  __main__  INFO  BAG WFS request  startIndex=33000
2026-05-21 21:04:46,666  __main__  INFO  BAG WFS request  startIndex=34000
2026-05-21 21:04:48,318  __main__  INFO  BAG WFS request  startIndex=35000
2026-05-21 21:04:49,374  __main__  INFO  BAG WFS request  startIndex=36000
2026-05-21 21:04:50,496  __main__  INFO  BAG WFS request  startIndex=37000
2026-05-21 21:04:52,064  __main__  INFO  BAG WFS request  startIndex=38000
2026-05-21 21:04:53,179  __main__  INFO  BAG WFS request  startIndex=39000
2026-05-21 21:04:54,181  __main__  INFO  BAG WFS request  startIndex=40000
2026-05-21 21:04:55,190  __main__  INFO  BAG WFS request  startIndex=41000
2026-05-21 21:04:56,196  __main__  INFO  BAG WFS request  startIndex=42000
2026-05-21 21:04:57,675  __main__  INFO  BAG WFS request  startIndex=43000
2026-05-21 21:04:59,025  __main__  INFO  BAG WFS request  startIndex=44000
2026-05-21 21:05:00,042  __main__  INFO  BAG WFS request  startIndex=45000
2026-05-21 21:05:01,118  __main__  INFO  BAG WFS request  startIndex=46000
2026-05-21 21:05:02,363  __main__  INFO  BAG WFS request  startIndex=47000
2026-05-21 21:05:03,431  __main__  INFO  BAG WFS request  startIndex=48000
2026-05-21 21:05:04,527  __main__  INFO  BAG WFS request  startIndex=49000
2026-05-21 21:05:05,676  __main__  INFO  BAG WFS request  startIndex=50000
2026-05-21 21:05:06,845  __main__  INFO  BAG WFS request  startIndex=51000
2026-05-21 21:05:07,124  __main__  WARNING  BAG WFS returned error at startIndex=51000 ¡X stopping pagination
2026-05-21 21:05:07,137  __main__  INFO  BAG: fetched 50856 panden
2026-05-21 21:05:07,137  __main__  INFO  === Fetching 3D BAG data ===
2026-05-21 21:05:07,137  __main__  INFO  3D BAG WFS request  startIndex=0
2026-05-21 21:05:16,272  __main__  INFO  3D BAG WFS request  startIndex=10000
2026-05-21 21:05:22,722  __main__  INFO  3D BAG WFS request  startIndex=20000
2026-05-21 21:05:29,312  __main__  INFO  3D BAG WFS request  startIndex=30000
2026-05-21 21:05:35,792  __main__  INFO  3D BAG WFS request  startIndex=40000
2026-05-21 21:05:42,193  __main__  INFO  3D BAG WFS request  startIndex=50000
2026-05-21 21:05:48,727  __main__  INFO  3D BAG WFS request  startIndex=60000
2026-05-21 21:05:55,159  __main__  INFO  3D BAG WFS request  startIndex=70000
2026-05-21 21:06:01,270  __main__  INFO  3D BAG WFS request  startIndex=80000
2026-05-21 21:06:07,999  __main__  INFO  3D BAG WFS request  startIndex=90000
2026-05-21 21:06:14,846  __main__  INFO  3D BAG WFS request  startIndex=100000
2026-05-21 21:06:21,555  __main__  INFO  3D BAG WFS request  startIndex=110000
2026-05-21 21:06:27,936  __main__  INFO  3D BAG WFS request  startIndex=120000
2026-05-21 21:06:34,613  __main__  INFO  3D BAG WFS request  startIndex=130000
2026-05-21 21:06:41,142  __main__  INFO  3D BAG WFS request  startIndex=140000
2026-05-21 21:06:48,228  __main__  INFO  3D BAG WFS request  startIndex=150000
2026-05-21 21:06:55,151  __main__  INFO  3D BAG WFS request  startIndex=160000
2026-05-21 21:07:02,003  __main__  INFO  3D BAG WFS request  startIndex=170000
2026-05-21 21:07:09,151  __main__  INFO  3D BAG WFS request  startIndex=180000
2026-05-21 21:07:16,484  __main__  INFO  3D BAG WFS request  startIndex=190000
2026-05-21 21:07:23,739  __main__  INFO  3D BAG WFS request  startIndex=200000
2026-05-21 21:07:31,359  __main__  INFO  3D BAG WFS request  startIndex=210000
2026-05-21 21:07:39,098  __main__  INFO  3D BAG WFS request  startIndex=220000
2026-05-21 21:07:46,803  __main__  INFO  3D BAG WFS request  startIndex=230000
2026-05-21 21:07:53,854  __main__  INFO  3D BAG WFS request  startIndex=240000
2026-05-21 21:08:01,689  __main__  INFO  3D BAG WFS request  startIndex=250000
2026-05-21 21:08:09,661  __main__  INFO  3D BAG WFS request  startIndex=260000
2026-05-21 21:08:16,977  __main__  INFO  3D BAG WFS request  startIndex=270000
2026-05-21 21:08:25,032  __main__  INFO  3D BAG WFS request  startIndex=280000
2026-05-21 21:08:31,434  __main__  INFO  3D BAG: fetched 285196 features
2026-05-21 21:08:31,434  __main__  INFO  === Loading EP-Online data ===
2026-05-21 21:08:43,376  __main__  INFO  EP-Online: loaded 69455 records for postcode prefix(es) ['10', '11']
2026-05-21 21:08:43,379  __main__  INFO  === Joining data sources ===
2026-05-21 21:08:43,711  __main__  INFO  Before join ¡X BAG: 50856, 3D BAG: 285196, EP-Online: 69578
2026-05-21 21:08:43,821  __main__  INFO  After BAG + 3D BAG join: 50138 rows
2026-05-21 21:08:43,839  __main__  INFO  After EP-Online join: 8941 rows
2026-05-21 21:08:43,846  __main__  INFO  After filtering & dedup: 8917 rows
2026-05-21 21:08:43,846  __main__  INFO  Keeping all 85 columns
2026-05-21 21:08:43,859  __main__  INFO  === Validating and saving ===
Traceback (most recent call last):
  File "<frozen runpy>", line 198, in _run_module_as_main
  File "<frozen runpy>", line 88, in _run_code
  File "D:\ITBE\Thesis\semi-synthetic-building-energy\src\data_loader.py", line 613, in <module>
    report = run_step1(cfg)
  File "D:\ITBE\Thesis\semi-synthetic-building-energy\src\data_loader.py", line 537, in run_step1
    report = validate_and_save(
        gdf=joined,
        output_path=paths["joined_output"],
        min_buildings=filters["min_buildings"],
    )
  File "D:\ITBE\Thesis\semi-synthetic-building-energy\src\data_loader.py", line 467, in validate_and_save
    gdf.to_parquet(output_path, index=False)
    ~~~~~~~~~~~~~~^^^^^^^^^^^^^^^^^^^^^^^^^^
  File "D:\ITBE\Thesis\semi-synthetic-building-energy\.venv\Lib\site-packages\geopandas\geodataframe.py", line 1464, in to_parquet
    _to_parquet(
    ~~~~~~~~~~~^
        self,
        ^^^^^
    ...<6 lines>...
        **kwargs,
        ^^^^^^^^^
    )
    ^
  File "D:\ITBE\Thesis\semi-synthetic-building-energy\.venv\Lib\site-packages\geopandas\io\arrow.py", line 440, in _to_parquet
    table = _geopandas_to_arrow(
        df,
    ...<3 lines>...
        write_covering_bbox=write_covering_bbox,
    )
  File "D:\ITBE\Thesis\semi-synthetic-building-energy\.venv\Lib\site-packages\geopandas\io\arrow.py", line 354, in _geopandas_to_arrow
    table, geometry_encoding_dict = geopandas_to_arrow(
                                    ~~~~~~~~~~~~~~~~~~^
        df, geometry_encoding=geometry_encoding, index=index, interleaved=False
        ^^^^^^^^^^^^^^^^^^^^^^^^^^^^^^^^^^^^^^^^^^^^^^^^^^^^^^^^^^^^^^^^^^^^^^^
    )
    ^
  File "D:\ITBE\Thesis\semi-synthetic-building-energy\.venv\Lib\site-packages\geopandas\io\_geoarrow.py", line 135, in geopandas_to_arrow
    table = pa.Table.from_pandas(df_attr, preserve_index=index)
  File "pyarrow/table.pxi", line 4796, in pyarrow.lib.Table.from_pandas
  File "D:\ITBE\Thesis\semi-synthetic-building-energy\.venv\Lib\site-packages\pyarrow\pandas_compat.py", line 664, in dataframe_to_arrays
    arrays[i] = maybe_fut.result()
                ~~~~~~~~~~~~~~~~^^
  File "C:\Users\Sandy\AppData\Roaming\uv\python\cpython-3.13.5-windows-x86_64-none\Lib\concurrent\futures\_base.py", line 449, in result
    return self.__get_result()
           ~~~~~~~~~~~~~~~~~^^
  File "C:\Users\Sandy\AppData\Roaming\uv\python\cpython-3.13.5-windows-x86_64-none\Lib\concurrent\futures\_base.py", line 401, in __get_result
    raise self._exception
  File "C:\Users\Sandy\AppData\Roaming\uv\python\cpython-3.13.5-windows-x86_64-none\Lib\concurrent\futures\thread.py", line 59, in run
    result = self.fn(*self.args, **self.kwargs)
  File "D:\ITBE\Thesis\semi-synthetic-building-energy\.venv\Lib\site-packages\pyarrow\pandas_compat.py", line 639, in convert_column
    raise e
  File "D:\ITBE\Thesis\semi-synthetic-building-energy\.venv\Lib\site-packages\pyarrow\pandas_compat.py", line 633, in convert_column
    result = pa.array(col, type=type_, from_pandas=True, safe=safe)
  File "pyarrow/array.pxi", line 365, in pyarrow.lib.array
  File "pyarrow/array.pxi", line 91, in pyarrow.lib._ndarray_to_array
  File "pyarrow/error.pxi", line 92, in pyarrow.lib.check_status
pyarrow.lib.ArrowTypeError: ("object of type <class 'str'> cannot be converted to int", 'Conversion failed for column documentdatum with type object')
